170.81.230.217 - - [15/May/2021:15:50:57 -0300] "GET /min/?f=/js/superfish.js,/js/jquery.mobilemenu.js,/js/jquery.easing.1.3.js,/js/jquery.cookie.js,/js/jquery.tipsy.js HTTP/1.1" 200 4212 "https://www.balneario-el-condor.com.ar/tablas-mareas-pleamar" "Mozilla/5.0 (Linux; Android 9; SM-G955F) AppleWebKit/537.36 (KHTML, like Gecko) Chrome/88.0.4324.152 Mobile Safari/537.36"
170.81.230.217 - - [15/May/2021:15:50:59 -0300] "HEAD /img/logo@2x.png HTTP/1.1" 200 - "https://www.balneario-el-condor.com.ar/tablas-mareas-pleamar" "Mozilla/5.0 (Linux; Android 9; SM-G955F) AppleWebKit/537.36 (KHTML, like Gecko) Chrome/88.0.4324.152 Mobile Safari/537.36"
170.81.230.217 - - [15/May/2021:15:50:59 -0300] "GET /img/logo@2x.png HTTP/1.1" 200 21869 "https://www.balneario-el-condor.com.ar/tablas-mareas-pleamar" "Mozilla/5.0 (Linux; Android 9; SM-G955F) AppleWebKit/537.36 (KHTML, like Gecko) Chrome/88.0.4324.152 Mobile Safari/537.36"
170.81.230.217 - - [15/May/2021:15:50:59 -0300] "GET /img/favicon.ico HTTP/1.1" 200 754 "https://www.balneario-el-condor.com.ar/tablas-mareas-pleamar" "Mozilla/5.0 (Linux; Android 9; SM-G955F) AppleWebKit/537.36 (KHTML, like Gecko) Chrome/88.0.4324.152 Mobile Safari/537.36"
207.46.13.5 - - [15/May/2021:15:53:51 -0300] "GET /min/?f=/css/responsive.css HTTP/1.1" 200 5637 "-" "Mozilla/5.0 (compatible; bingbot/2.0; +http://www.bing.com/bingbot.htm)"
66.249.66.200 - - [15/May/2021:15:59:32 -0300] "GET /noticias-y-actividades/entrevista_picoto_el_condor_151103?fb_comment_id=878474482271030_879016642216814 HTTP/1.1" 301 - "-" "Mozilla/5.0 (Linux; Android 6.0.1; Nexus 5X Build/MMB29P) AppleWebKit/537.36 (KHTML, like Gecko) Chrome/90.0.4430.97 Mobile Safari/537.36 (compatible; Googlebot/2.1; +http://www.google.com/bot.html)"
66.249.66.219 - - [15/May/2021:15:59:33 -0300] "GET /noticias-y-actividades/entrevista_picoto_el_condor_151103?fb_comment_id=878474482271030_879016642216814 HTTP/1.1" 200 10901 "-" "Mozilla/5.0 (Linux; Android 6.0.1; Nexus 5X Build/MMB29P) AppleWebKit/537.36 (KHTML, like Gecko) Chrome/90.0.4430.97 Mobile Safari/537.36 (compatible; Googlebot/2.1; +http://www.google.com/bot.html)"
186.143.164.45 - - [15/May/2021:16:00:24 -0300] "GET /min/?f=/css/bootstrap.css HTTP/1.1" 200 18172 "-" "Mozilla/5.0 (Linux; Android 8.1.0; Moto G (5S) Plus) AppleWebKit/537.36 (KHTML, like Gecko) Chrome/90.0.4430.210 Mobile Safari/537.36"
186.143.162.31 - - [15/May/2021:16:00:24 -0300] "GET /min/?f=/css/responsive.css HTTP/1.1" 200 5637 "-" "Mozilla/5.0 (Linux; Android 8.1.0; Moto G (5S) Plus) AppleWebKit/537.36 (KHTML, like Gecko) Chrome/90.0.4430.210 Mobile Safari/537.36"
170.78.75.240 - - [15/May/2021:16:00:24 -0300] "GET /mareas/json/clave/CarmenLuca19812012 HTTP/1.1" 301 - "-" "-"
170.78.75.240 - - [15/May/2021:16:00:24 -0300] "GET /mareas/json/clave/CarmenLuca19812012 HTTP/1.1" 200 531 "http://www.balneario-el-condor.com.ar/mareas/json/clave/CarmenLuca19812012" "-"
186.143.164.45 - - [15/May/2021:16:00:24 -0300] "GET /tablas-mareas-pleamar HTTP/1.1" 200 5366 "https://www.google.com/" "Mozilla/5.0 (Linux; Android 8.1.0; Moto G (5S) Plus) AppleWebKit/537.36 (KHTML, like Gecko) Chrome/90.0.4430.210 Mobile Safari/537.36"
186.143.162.31 - - [15/May/2021:16:00:24 -0300] "GET /min/?f=/css/style.css&v=1 HTTP/1.1" 200 29057 "-" "Mozilla/5.0 (Linux; Android 8.1.0; Moto G (5S) Plus) AppleWebKit/537.36 (KHTML, like Gecko) Chrome/90.0.4430.210 Mobile Safari/537.36"
186.143.164.45 - - [15/May/2021:16:00:24 -0300] "GET /min/?f=/css/MyMedia.css HTTP/1.1" 200 4970 "-" "Mozilla/5.0 (Linux; Android 8.1.0; Moto G (5S) Plus) AppleWebKit/537.36 (KHTML, like Gecko) Chrome/90.0.4430.210 Mobile Safari/537.36"
186.143.164.45 - - [15/May/2021:16:00:24 -0300] "GET /css/bxslider.css HTTP/1.1" 200 2107 "-" "Mozilla/5.0 (Linux; Android 8.1.0; Moto G (5S) Plus) AppleWebKit/537.36 (KHTML, like Gecko) Chrome/90.0.4430.210 Mobile Safari/537.36"
186.143.162.31 - - [15/May/2021:16:00:24 -0300] "GET /min/?f=/css/bootstrap-tabs.css HTTP/1.1" 200 1476 "-" "Mozilla/5.0 (Linux; Android 8.1.0; Moto G (5S) Plus) AppleWebKit/537.36 (KHTML, like Gecko) Chrome/90.0.4430.210 Mobile Safari/537.36"
186.143.162.31 - - [15/May/2021:16:00:24 -0300] "GET /min/?f=/css/eislideshow.css HTTP/1.1" 200 1064 "-" "Mozilla/5.0 (Linux; Android 8.1.0; Moto G (5S) Plus) AppleWebKit/537.36 (KHTML, like Gecko) Chrome/90.0.4430.210 Mobile Safari/537.36"
186.143.164.45 - - [15/May/2021:16:00:24 -0300] "GET /wg_images/wgstyle.css HTTP/1.1" 200 275 "https://www.balneario-el-condor.com.ar/tablas-mareas-pleamar" "Mozilla/5.0 (Linux; Android 8.1.0; Moto G (5S) Plus) AppleWebKit/537.36 (KHTML, like Gecko) Chrome/90.0.4430.210 Mobile Safari/537.36"
186.143.164.45 - - [15/May/2021:16:00:24 -0300] "GET /js/retina.js HTTP/1.1" 200 1743 "https://www.balneario-el-condor.com.ar/tablas-mareas-pleamar" "Mozilla/5.0 (Linux; Android 8.1.0; Moto G (5S) Plus) AppleWebKit/537.36 (KHTML, like Gecko) Chrome/90.0.4430.210 Mobile Safari/537.36"
186.143.162.31 - - [15/May/2021:16:00:24 -0300] "GET /js/bootstrap.js HTTP/1.1" 200 11205 "https://www.balneario-el-condor.com.ar/tablas-mareas-pleamar" "Mozilla/5.0 (Linux; Android 8.1.0; Moto G (5S) Plus) AppleWebKit/537.36 (KHTML, like Gecko) Chrome/90.0.4430.210 Mobile Safari/537.36"
186.143.164.45 - - [15/May/2021:16:00:24 -0300] "GET /css/font-awesome.css HTTP/1.1" 200 4282 "https://www.balneario-el-condor.com.ar/min/?f=/css/style.css&v=1" "Mozilla/5.0 (Linux; Android 8.1.0; Moto G (5S) Plus) AppleWebKit/537.36 (KHTML, like Gecko) Chrome/90.0.4430.210 Mobile Safari/537.36"
186.143.164.45 - - [15/May/2021:16:00:24 -0300] "GET /css/colors-style.css HTTP/1.1" 200 686 "https://www.balneario-el-condor.com.ar/min/?f=/css/style.css&v=1" "Mozilla/5.0 (Linux; Android 8.1.0; Moto G (5S) Plus) AppleWebKit/537.36 (KHTML, like Gecko) Chrome/90.0.4430.210 Mobile Safari/537.36"
186.143.162.31 - - [15/May/2021:16:00:24 -0300] "GET /css/owl.carousel.css HTTP/1.1" 200 528 "https://www.balneario-el-condor.com.ar/min/?f=/css/style.css&v=1" "Mozilla/5.0 (Linux; Android 8.1.0; Moto G (5S) Plus) AppleWebKit/537.36 (KHTML, like Gecko) Chrome/90.0.4430.210 Mobile Safari/537.36"
186.143.162.31 - - [15/May/2021:16:00:24 -0300] "GET /css/jquery.fancybox-1.3.4.css HTTP/1.1" 200 1846 "https://www.balneario-el-condor.com.ar/min/?f=/css/style.css&v=1" "Mozilla/5.0 (Linux; Android 8.1.0; Moto G (5S) Plus) AppleWebKit/537.36 (KHTML, like Gecko) Chrome/90.0.4430.210 Mobile Safari/537.36"
186.143.164.45 - - [15/May/2021:16:00:24 -0300] "GET /js/script.js HTTP/1.1" 200 9044 "https://www.balneario-el-condor.com.ar/tablas-mareas-pleamar" "Mozilla/5.0 (Linux; Android 8.1.0; Moto G (5S) Plus) AppleWebKit/537.36 (KHTML, like Gecko) Chrome/90.0.4430.210 Mobile Safari/537.36"
186.143.162.31 - - [15/May/2021:16:00:24 -0300] "GET /js/jquery.bxslider.js HTTP/1.1" 200 11694 "https://www.balneario-el-condor.com.ar/tablas-mareas-pleamar" "Mozilla/5.0 (Linux; Android 8.1.0; Moto G (5S) Plus) AppleWebKit/537.36 (KHTML, like Gecko) Chrome/90.0.4430.210 Mobile Safari/537.36"
186.143.164.45 - - [15/May/2021:16:00:24 -0300] "GET /js/jquery.eislideshow.js HTTP/1.1" 200 3135 "https://www.balneario-el-condor.com.ar/tablas-mareas-pleamar" "Mozilla/5.0 (Linux; Android 8.1.0; Moto G (5S) Plus) AppleWebKit/537.36 (KHTML, like Gecko) Chrome/90.0.4430.210 Mobile Safari/537.36"
186.143.164.45 - - [15/May/2021:16:00:25 -0300] "GET /fonts/fontawesome-webfont.woff?v=4.0.3 HTTP/1.1" 200 44427 "https://www.balneario-el-condor.com.ar/css/font-awesome.css" "Mozilla/5.0 (Linux; Android 8.1.0; Moto G (5S) Plus) AppleWebKit/537.36 (KHTML, like Gecko) Chrome/90.0.4430.210 Mobile Safari/537.36"
186.143.162.31 - - [15/May/2021:16:00:25 -0300] "GET /img/logo.png HTTP/1.1" 200 21869 "https://www.balneario-el-condor.com.ar/tablas-mareas-pleamar" "Mozilla/5.0 (Linux; Android 8.1.0; Moto G (5S) Plus) AppleWebKit/537.36 (KHTML, like Gecko) Chrome/90.0.4430.210 Mobile Safari/537.36"
186.143.164.45 - - [15/May/2021:16:00:25 -0300] "GET /min?f=/js/superfish.js,/js/jquery.mobilemenu.js,/js/jquery.easing.1.3.js,/js/jquery.cookie.js,/js/jquery.tipsy.js HTTP/1.1" 301 361 "https://www.balneario-el-condor.com.ar/tablas-mareas-pleamar" "Mozilla/5.0 (Linux; Android 8.1.0; Moto G (5S) Plus) AppleWebKit/537.36 (KHTML, like Gecko) Chrome/90.0.4430.210 Mobile Safari/537.36"
186.143.164.45 - - [15/May/2021:16:00:25 -0300] "GET /min/?f=/js/superfish.js,/js/jquery.mobilemenu.js,/js/jquery.easing.1.3.js,/js/jquery.cookie.js,/js/jquery.tipsy.js HTTP/1.1" 200 4212 "https://www.balneario-el-condor.com.ar/tablas-mareas-pleamar" "Mozilla/5.0 (Linux; Android 8.1.0; Moto G (5S) Plus) AppleWebKit/537.36 (KHTML, like Gecko) Chrome/90.0.4430.210 Mobile Safari/537.36"
186.143.164.45 - - [15/May/2021:16:00:28 -0300] "HEAD /img/logo@2x.png HTTP/1.1" 200 - "https://www.balneario-el-condor.com.ar/tablas-mareas-pleamar" "Mozilla/5.0 (Linux; Android 8.1.0; Moto G (5S) Plus) AppleWebKit/537.36 (KHTML, like Gecko) Chrome/90.0.4430.210 Mobile Safari/537.36"
186.143.162.31 - - [15/May/2021:16:00:28 -0300] "GET /img/favicon.ico HTTP/1.1" 200 754 "https://www.balneario-el-condor.com.ar/tablas-mareas-pleamar" "Mozilla/5.0 (Linux; Android 8.1.0; Moto G (5S) Plus) AppleWebKit/537.36 (KHTML, like Gecko) Chrome/90.0.4430.210 Mobile Safari/537.36"
186.143.164.45 - - [15/May/2021:16:00:28 -0300] "GET /img/logo@2x.png HTTP/1.1" 200 21869 "https://www.balneario-el-condor.com.ar/tablas-mareas-pleamar" "Mozilla/5.0 (Linux; Android 8.1.0; Moto G (5S) Plus) AppleWebKit/537.36 (KHTML, like Gecko) Chrome/90.0.4430.210 Mobile Safari/537.36"
216.244.66.199 - - [15/May/2021:16:02:12 -0300] "GET /robots.txt HTTP/1.1" 200 31 "-" "Mozilla/5.0 (compatible; DotBot/1.2; +https://opensiteexplorer.org/dotbot; help@moz.com)"
216.244.66.199 - - [15/May/2021:16:02:12 -0300] "GET /robots.txt HTTP/1.1" 200 31 "-" "Mozilla/5.0 (compatible; DotBot/1.2; +https://opensiteexplorer.org/dotbot; help@moz.com)"
66.249.66.196 - - [15/May/2021:16:03:40 -0300] "GET /ads.txt HTTP/1.1" 304 - "-" "Mozilla/5.0 (compatible; Googlebot/2.1; +http://www.google.com/bot.html)"
66.249.66.84 - - [15/May/2021:16:03:40 -0300] "GET /ads.txt HTTP/1.1" 304 - "-" "Mozilla/5.0 (compatible; Googlebot/2.1; +http://www.google.com/bot.html)"
40.77.167.47 - - [15/May/2021:16:10:17 -0300] "GET /imagenes/clasificados/1008238.jpg HTTP/1.1" 200 252248 "-" "Mozilla/5.0 (compatible; bingbot/2.0; +http://www.bing.com/bingbot.htm)"
216.244.66.199 - - [15/May/2021:16:10:32 -0300] "GET /tablas-mareas-pleamar HTTP/1.1" 301 - "-" "Mozilla/5.0 (compatible; DotBot/1.2; +https://opensiteexplorer.org/dotbot; help@moz.com)"
54.36.149.33 - - [15/May/2021:16:10:43 -0300] "GET / HTTP/1.1" 200 9441 "-" "Mozilla/5.0 (compatible; AhrefsBot/7.0; +http://ahrefs.com/robot/)"
216.244.66.199 - - [15/May/2021:16:11:04 -0300] "GET /google.com/+Balneario-el-condorAr HTTP/1.1" 301 - "-" "Mozilla/5.0 (compatible; DotBot/1.2; +https://opensiteexplorer.org/dotbot; help@moz.com)"
66.249.66.217 - - [15/May/2021:16:12:45 -0300] "GET /tablas-mareas-pleamar HTTP/1.1" 200 6657 "-" "Mozilla/5.0 (compatible; Googlebot/2.1; +http://www.google.com/bot.html)"
66.249.66.198 - - [15/May/2021:16:18:38 -0300] "GET /ads.txt HTTP/1.1" 304 - "-" "Mozilla/5.0 (compatible; Googlebot/2.1; +http://www.google.com/bot.html)"
66.249.66.84 - - [15/May/2021:16:18:39 -0300] "GET /ads.txt HTTP/1.1" 304 - "-" "Mozilla/5.0 (compatible; Googlebot/2.1; +http://www.google.com/bot.html)"
114.119.152.34 - - [15/May/2021:16:28:10 -0300] "GET /noticias-y-actividades/personeria-juridica-comision-carnavales-el-condor HTTP/1.1" 200 7413 "-" "Mozilla/5.0 (Linux; Android 7.0;) AppleWebKit/537.36 (KHTML, like Gecko) Mobile Safari/537.36 (compatible; PetalBot;+https://webmaster.petalsearch.com/site/petalbot)"
170.78.75.240 - - [15/May/2021:16:33:04 -0300] "GET /mareas/json/clave/CarmenLuca19812012 HTTP/1.1" 301 - "-" "-"
170.78.75.240 - - [15/May/2021:16:33:04 -0300] "GET /mareas/json/clave/CarmenLuca19812012 HTTP/1.1" 200 531 "http://www.balneario-el-condor.com.ar/mareas/json/clave/CarmenLuca19812012" "-"
66.249.66.217 - - [15/May/2021:16:33:04 -0300] "GET /tablas-mareas-pleamar/playa/loberia HTTP/1.1" 200 5370 "-" "Mozilla/5.0 (Linux; Android 6.0.1; Nexus 5X Build/MMB29P) AppleWebKit/537.36 (KHTML, like Gecko) Chrome/90.0.4430.97 Mobile Safari/537.36 (compatible; Googlebot/2.1; +http://www.google.com/bot.html)"
66.249.66.219 - - [15/May/2021:16:33:44 -0300] "GET /ads.txt HTTP/1.1" 200 58 "-" "Mozilla/5.0 (compatible; Googlebot/2.1; +http://www.google.com/bot.html)"
66.249.66.196 - - [15/May/2021:16:33:44 -0300] "GET /ads.txt HTTP/1.1" 304 - "-" "Mozilla/5.0 (compatible; Googlebot/2.1; +http://www.google.com/bot.html)"
66.249.66.84 - - [15/May/2021:16:33:44 -0300] "GET /ads.txt HTTP/1.1" 304 - "-" "Mozilla/5.0 (compatible; Googlebot/2.1; +http://www.google.com/bot.html)"
188.138.192.154 - - [15/May/2021:16:34:37 -0300] "GET / HTTP/1.1" 301 - "-" "Mozilla/5.0 (Windows NT 10.0; Win64; x64) AppleWebKit/537.36 (KHTML, like Gecko) Chrome/65.0.3315.3 Safari/537.36"
188.138.192.154 - - [15/May/2021:16:34:38 -0300] "GET / HTTP/1.1" 200 9441 "http://www.balneario-el-condor.com.ar/" "Mozilla/5.0 (Windows NT 10.0; Win64; x64) AppleWebKit/537.36 (KHTML, like Gecko) Chrome/65.0.3315.3 Safari/537.36"
188.35.131.246 - - [15/May/2021:16:35:19 -0300] "GET / HTTP/1.0" 301 - "http://balneario-el-condor.com.ar/" "Mozilla/5.0 (Windows NT 10.0; Win64; x64) AppleWebKit/537.36 (KHTML, like Gecko) Chrome/83.0.4103.0 Safari/537.36"
188.35.131.246 - - [15/May/2021:16:35:20 -0300] "GET / HTTP/1.0" 301 - "https://balneario-el-condor.com.ar/" "Mozilla/5.0 (Windows NT 10.0; Win64; x64) AppleWebKit/537.36 (KHTML, like Gecko) Chrome/83.0.4103.0 Safari/537.36"
188.35.131.246 - - [15/May/2021:16:35:21 -0300] "GET / HTTP/1.0" 301 - "http://www.balneario-el-condor.com.ar/" "Mozilla/5.0 (Windows NT 10.0; Win64; x64) AppleWebKit/537.36 (KHTML, like Gecko) Chrome/83.0.4103.0 Safari/537.36"
188.35.131.246 - - [15/May/2021:16:35:22 -0300] "GET / HTTP/1.0" 200 40305 "https://www.balneario-el-condor.com.ar/" "Mozilla/5.0 (Windows NT 10.0; Win64; x64) AppleWebKit/537.36 (KHTML, like Gecko) Chrome/83.0.4103.0 Safari/537.36"
114.119.149.65 - - [15/May/2021:16:36:39 -0300] "GET /servicios/detalle/id/Yoga%2C-Pilates HTTP/1.1" 301 - "-" "Mozilla/5.0 (Linux; Android 7.0;) AppleWebKit/537.36 (KHTML, like Gecko) Mobile Safari/537.36 (compatible; PetalBot;+https://webmaster.petalsearch.com/site/petalbot)"
114.119.149.65 - - [15/May/2021:16:36:41 -0300] "GET /servicios/detalle/id/Yoga,-Pilates HTTP/1.1" 200 5893 "-" "Mozilla/5.0 (Linux; Android 7.0;) AppleWebKit/537.36 (KHTML, like Gecko) Mobile Safari/537.36 (compatible; PetalBot;+https://webmaster.petalsearch.com/site/petalbot)"
72.13.62.25 - - [15/May/2021:16:41:43 -0300] "GET /robots.txt HTTP/1.1" 200 31 "-" "Mozilla/5.0 (compatible; ips-agent)"
72.13.62.25 - - [15/May/2021:16:42:13 -0300] "GET / HTTP/1.1" 301 - "-" "Mozilla/5.0 (compatible; ips-agent)"
72.13.62.25 - - [15/May/2021:16:42:14 -0300] "GET / HTTP/1.1" 403 1205 "-" "Mozilla/5.0 (compatible; ips-agent)"
181.20.114.24 - - [15/May/2021:16:42:17 -0300] "GET /tablas-mareas-pleamar HTTP/1.1" 301 - "-" "Mozilla/5.0 (Windows NT 10.0; Win64; x64) AppleWebKit/537.36 (KHTML, like Gecko) Chrome/90.0.4430.212 Safari/537.36"
181.20.114.24 - - [15/May/2021:16:42:18 -0300] "GET /tablas-mareas-pleamar HTTP/1.1" 200 6657 "-" "Mozilla/5.0 (Windows NT 10.0; Win64; x64) AppleWebKit/537.36 (KHTML, like Gecko) Chrome/90.0.4430.212 Safari/537.36"
181.20.114.24 - - [15/May/2021:16:42:18 -0300] "GET /min/?f=/css/bootstrap.css HTTP/1.1" 200 18172 "https://www.balneario-el-condor.com.ar/tablas-mareas-pleamar" "Mozilla/5.0 (Windows NT 10.0; Win64; x64) AppleWebKit/537.36 (KHTML, like Gecko) Chrome/90.0.4430.212 Safari/537.36"
181.20.114.24 - - [15/May/2021:16:42:18 -0300] "GET /min/?f=/css/responsive.css HTTP/1.1" 200 5637 "https://www.balneario-el-condor.com.ar/tablas-mareas-pleamar" "Mozilla/5.0 (Windows NT 10.0; Win64; x64) AppleWebKit/537.36 (KHTML, like Gecko) Chrome/90.0.4430.212 Safari/537.36"
181.20.114.24 - - [15/May/2021:16:42:19 -0300] "GET /min/?f=/css/style.css&v=1 HTTP/1.1" 200 29057 "https://www.balneario-el-condor.com.ar/tablas-mareas-pleamar" "Mozilla/5.0 (Windows NT 10.0; Win64; x64) AppleWebKit/537.36 (KHTML, like Gecko) Chrome/90.0.4430.212 Safari/537.36"
181.20.114.24 - - [15/May/2021:16:42:20 -0300] "GET /min/?f=/css/MyMedia.css HTTP/1.1" 200 4970 "https://www.balneario-el-condor.com.ar/tablas-mareas-pleamar" "Mozilla/5.0 (Windows NT 10.0; Win64; x64) AppleWebKit/537.36 (KHTML, like Gecko) Chrome/90.0.4430.212 Safari/537.36"
181.20.114.24 - - [15/May/2021:16:42:20 -0300] "GET /css/bxslider.css HTTP/1.1" 200 2107 "https://www.balneario-el-condor.com.ar/tablas-mareas-pleamar" "Mozilla/5.0 (Windows NT 10.0; Win64; x64) AppleWebKit/537.36 (KHTML, like Gecko) Chrome/90.0.4430.212 Safari/537.36"
181.20.114.24 - - [15/May/2021:16:42:20 -0300] "GET /min/?f=/css/bootstrap-tabs.css HTTP/1.1" 200 1476 "https://www.balneario-el-condor.com.ar/tablas-mareas-pleamar" "Mozilla/5.0 (Windows NT 10.0; Win64; x64) AppleWebKit/537.36 (KHTML, like Gecko) Chrome/90.0.4430.212 Safari/537.36"
181.20.114.24 - - [15/May/2021:16:42:20 -0300] "GET /css/colors-style.css HTTP/1.1" 200 686 "https://www.balneario-el-condor.com.ar/min/?f=/css/style.css&v=1" "Mozilla/5.0 (Windows NT 10.0; Win64; x64) AppleWebKit/537.36 (KHTML, like Gecko) Chrome/90.0.4430.212 Safari/537.36"
181.20.114.24 - - [15/May/2021:16:42:20 -0300] "GET /css/owl.carousel.css HTTP/1.1" 200 528 "https://www.balneario-el-condor.com.ar/min/?f=/css/style.css&v=1" "Mozilla/5.0 (Windows NT 10.0; Win64; x64) AppleWebKit/537.36 (KHTML, like Gecko) Chrome/90.0.4430.212 Safari/537.36"
181.20.114.24 - - [15/May/2021:16:42:20 -0300] "GET /css/jquery.fancybox-1.3.4.css HTTP/1.1" 200 1846 "https://www.balneario-el-condor.com.ar/min/?f=/css/style.css&v=1" "Mozilla/5.0 (Windows NT 10.0; Win64; x64) AppleWebKit/537.36 (KHTML, like Gecko) Chrome/90.0.4430.212 Safari/537.36"
181.20.114.24 - - [15/May/2021:16:42:20 -0300] "GET /js/retina.js HTTP/1.1" 200 1743 "https://www.balneario-el-condor.com.ar/tablas-mareas-pleamar" "Mozilla/5.0 (Windows NT 10.0; Win64; x64) AppleWebKit/537.36 (KHTML, like Gecko) Chrome/90.0.4430.212 Safari/537.36"
181.20.114.24 - - [15/May/2021:16:42:21 -0300] "GET /css/font-awesome.css HTTP/1.1" 200 4282 "https://www.balneario-el-condor.com.ar/min/?f=/css/style.css&v=1" "Mozilla/5.0 (Windows NT 10.0; Win64; x64) AppleWebKit/537.36 (KHTML, like Gecko) Chrome/90.0.4430.212 Safari/537.36"
181.20.114.24 - - [15/May/2021:16:42:21 -0300] "GET /min/?f=/css/eislideshow.css HTTP/1.1" 200 1064 "https://www.balneario-el-condor.com.ar/tablas-mareas-pleamar" "Mozilla/5.0 (Windows NT 10.0; Win64; x64) AppleWebKit/537.36 (KHTML, like Gecko) Chrome/90.0.4430.212 Safari/537.36"
173.252.87.26 - - [15/May/2021:16:43:47 -0300] "GET /noticias-y-actividades/proyectan-rescatar-el-condor-historia HTTP/1.1" 206 7237 "-" "facebookexternalhit/1.1 (+http://www.facebook.com/externalhit_uatext.php)"
173.252.87.26 - - [15/May/2021:16:43:47 -0300] "GET /noticias-y-actividades/pollo-al-escabeche-201906 HTTP/1.1" 206 6524 "-" "facebookexternalhit/1.1 (+http://www.facebook.com/externalhit_uatext.php)"
173.252.87.13 - - [15/May/2021:16:43:47 -0300] "GET /noticias-y-actividades/locro-tradicional-2019 HTTP/1.1" 206 6783 "-" "facebookexternalhit/1.1 (+http://www.facebook.com/externalhit_uatext.php)"
207.46.13.26 - - [15/May/2021:16:44:14 -0300] "GET /restaurantes-y-confiterias/Pizzeria-Carabana HTTP/1.1" 200 509 "-" "Mozilla/5.0 (compatible; bingbot/2.0; +http://www.bing.com/bingbot.htm)"
66.249.66.217 - - [15/May/2021:16:44:18 -0300] "GET /min/?f=/css/MyMedia.css HTTP/1.1" 200 4970 "https://www.balneario-el-condor.com.ar/tablas-mareas-pleamar" "Mozilla/5.0 (Linux; Android 6.0.1; Nexus 5X Build/MMB29P) AppleWebKit/537.36 (KHTML, like Gecko) Chrome/90.0.4430.97 Mobile Safari/537.36 (compatible; Googlebot/2.1; +http://www.google.com/bot.html)"
66.249.66.221 - - [15/May/2021:16:44:20 -0300] "GET /min/?f=/css/eislideshow.css HTTP/1.1" 200 1064 "https://www.balneario-el-condor.com.ar/tablas-mareas-pleamar" "Mozilla/5.0 (Linux; Android 6.0.1; Nexus 5X Build/MMB29P) AppleWebKit/537.36 (KHTML, like Gecko) Chrome/90.0.4430.97 Mobile Safari/537.36 (compatible; Googlebot/2.1; +http://www.google.com/bot.html)"
66.249.66.221 - - [15/May/2021:16:44:20 -0300] "GET /min/?f=/css/bootstrap-tabs.css HTTP/1.1" 200 1476 "https://www.balneario-el-condor.com.ar/tablas-mareas-pleamar" "Mozilla/5.0 (Linux; Android 6.0.1; Nexus 5X Build/MMB29P) AppleWebKit/537.36 (KHTML, like Gecko) Chrome/90.0.4430.97 Mobile Safari/537.36 (compatible; Googlebot/2.1; +http://www.google.com/bot.html)"
66.249.66.219 - - [15/May/2021:16:44:21 -0300] "GET /min/?f=/css/style.css&v=1 HTTP/1.1" 200 29057 "https://www.balneario-el-condor.com.ar/tablas-mareas-pleamar" "Mozilla/5.0 (Linux; Android 6.0.1; Nexus 5X Build/MMB29P) AppleWebKit/537.36 (KHTML, like Gecko) Chrome/90.0.4430.97 Mobile Safari/537.36 (compatible; Googlebot/2.1; +http://www.google.com/bot.html)"
66.249.66.217 - - [15/May/2021:16:44:21 -0300] "GET /min/?f=/css/responsive.css HTTP/1.1" 200 5637 "https://www.balneario-el-condor.com.ar/tablas-mareas-pleamar" "Mozilla/5.0 (Linux; Android 6.0.1; Nexus 5X Build/MMB29P) AppleWebKit/537.36 (KHTML, like Gecko) Chrome/90.0.4430.97 Mobile Safari/537.36 (compatible; Googlebot/2.1; +http://www.google.com/bot.html)"
66.249.66.217 - - [15/May/2021:16:44:22 -0300] "GET /min/?f=/css/bootstrap.css HTTP/1.1" 200 18172 "https://www.balneario-el-condor.com.ar/tablas-mareas-pleamar" "Mozilla/5.0 (Linux; Android 6.0.1; Nexus 5X Build/MMB29P) AppleWebKit/537.36 (KHTML, like Gecko) Chrome/90.0.4430.97 Mobile Safari/537.36 (compatible; Googlebot/2.1; +http://www.google.com/bot.html)"
66.249.66.219 - - [15/May/2021:16:44:22 -0300] "GET /min/?f=/js/superfish.js,/js/jquery.mobilemenu.js,/js/jquery.easing.1.3.js,/js/jquery.cookie.js,/js/jquery.tipsy.js HTTP/1.1" 200 4212 "https://www.balneario-el-condor.com.ar/tablas-mareas-pleamar" "Mozilla/5.0 (Linux; Android 6.0.1; Nexus 5X Build/MMB29P) AppleWebKit/537.36 (KHTML, like Gecko) Chrome/90.0.4430.97 Mobile Safari/537.36 (compatible; Googlebot/2.1; +http://www.google.com/bot.html)"
114.119.132.207 - - [15/May/2021:16:47:41 -0300] "GET /imagenes/servicios/timthumb.php?src=http%3A%2F%2Fwww.balneario-el-condor.com.ar%2Fimagenes%2Fclasificados%2F8723fe_bf8c57_84c59a.jpg&w=110&h=110&zc=1 HTTP/1.1" 400 259 "-" "Mozilla/5.0 (Linux; Android 7.0;) AppleWebKit/537.36 (KHTML, like Gecko) Mobile Safari/537.36 (compatible; PetalBot;+https://webmaster.petalsearch.com/site/petalbot)"
66.249.66.200 - - [15/May/2021:16:48:49 -0300] "GET /ads.txt HTTP/1.1" 304 - "-" "Mozilla/5.0 (compatible; Googlebot/2.1; +http://www.google.com/bot.html)"
66.249.66.84 - - [15/May/2021:16:48:50 -0300] "GET /ads.txt HTTP/1.1" 304 - "-" "Mozilla/5.0 (compatible; Googlebot/2.1; +http://www.google.com/bot.html)"
216.244.66.199 - - [15/May/2021:16:49:53 -0300] "GET /robots.txt HTTP/1.1" 200 31 "-" "Mozilla/5.0 (compatible; DotBot/1.2; +https://opensiteexplorer.org/dotbot; help@moz.com)"
186.143.163.137 - - [15/May/2021:16:50:27 -0300] "GET /min/?f=/css/bootstrap.css HTTP/1.1" 200 18172 "-" "Mozilla/5.0 (Linux; Android 9; moto e6s) AppleWebKit/537.36 (KHTML, like Gecko) Chrome/90.0.4430.210 Mobile Safari/537.36"
186.143.164.245 - - [15/May/2021:16:50:27 -0300] "GET /min/?f=/css/responsive.css HTTP/1.1" 200 5637 "-" "Mozilla/5.0 (Linux; Android 9; moto e6s) AppleWebKit/537.36 (KHTML, like Gecko) Chrome/90.0.4430.210 Mobile Safari/537.36"
170.78.75.240 - - [15/May/2021:16:50:27 -0300] "GET /mareas/json/clave/CarmenLuca19812012 HTTP/1.1" 301 - "-" "-"
186.143.164.245 - - [15/May/2021:16:50:27 -0300] "GET /min/?f=/css/style.css&v=1 HTTP/1.1" 200 29057 "-" "Mozilla/5.0 (Linux; Android 9; moto e6s) AppleWebKit/537.36 (KHTML, like Gecko) Chrome/90.0.4430.210 Mobile Safari/537.36"
170.78.75.240 - - [15/May/2021:16:50:27 -0300] "GET /mareas/json/clave/CarmenLuca19812012 HTTP/1.1" 200 531 "http://www.balneario-el-condor.com.ar/mareas/json/clave/CarmenLuca19812012" "-"
186.143.163.137 - - [15/May/2021:16:50:27 -0300] "GET /tablas-mareas-pleamar HTTP/1.1" 200 5366 "https://www.google.com/" "Mozilla/5.0 (Linux; Android 9; moto e6s) AppleWebKit/537.36 (KHTML, like Gecko) Chrome/90.0.4430.210 Mobile Safari/537.36"
186.143.164.245 - - [15/May/2021:16:50:28 -0300] "GET /min/?f=/css/MyMedia.css HTTP/1.1" 200 4970 "-" "Mozilla/5.0 (Linux; Android 9; moto e6s) AppleWebKit/537.36 (KHTML, like Gecko) Chrome/90.0.4430.210 Mobile Safari/537.36"
186.143.163.137 - - [15/May/2021:16:50:29 -0300] "GET /css/bxslider.css HTTP/1.1" 200 2107 "-" "Mozilla/5.0 (Linux; Android 9; moto e6s) AppleWebKit/537.36 (KHTML, like Gecko) Chrome/90.0.4430.210 Mobile Safari/537.36"
186.143.164.245 - - [15/May/2021:16:50:30 -0300] "GET /min/?f=/css/bootstrap-tabs.css HTTP/1.1" 200 1476 "-" "Mozilla/5.0 (Linux; Android 9; moto e6s) AppleWebKit/537.36 (KHTML, like Gecko) Chrome/90.0.4430.210 Mobile Safari/537.36"
186.143.163.137 - - [15/May/2021:16:50:30 -0300] "GET /min/?f=/css/eislideshow.css HTTP/1.1" 200 1064 "https://www.balneario-el-condor.com.ar/tablas-mareas-pleamar" "Mozilla/5.0 (Linux; Android 9; moto e6s) AppleWebKit/537.36 (KHTML, like Gecko) Chrome/90.0.4430.210 Mobile Safari/537.36"
186.143.164.245 - - [15/May/2021:16:50:30 -0300] "GET /wg_images/wgstyle.css HTTP/1.1" 200 275 "https://www.balneario-el-condor.com.ar/tablas-mareas-pleamar" "Mozilla/5.0 (Linux; Android 9; moto e6s) AppleWebKit/537.36 (KHTML, like Gecko) Chrome/90.0.4430.210 Mobile Safari/537.36"
186.143.164.245 - - [15/May/2021:16:50:31 -0300] "GET /js/retina.js HTTP/1.1" 200 1743 "https://www.balneario-el-condor.com.ar/tablas-mareas-pleamar" "Mozilla/5.0 (Linux; Android 9; moto e6s) AppleWebKit/537.36 (KHTML, like Gecko) Chrome/90.0.4430.210 Mobile Safari/537.36"
186.143.163.137 - - [15/May/2021:16:50:31 -0300] "GET /css/font-awesome.css HTTP/1.1" 200 4282 "https://www.balneario-el-condor.com.ar/min/?f=/css/style.css&v=1" "Mozilla/5.0 (Linux; Android 9; moto e6s) AppleWebKit/537.36 (KHTML, like Gecko) Chrome/90.0.4430.210 Mobile Safari/537.36"
186.143.164.245 - - [15/May/2021:16:50:31 -0300] "GET /css/colors-style.css HTTP/1.1" 200 686 "https://www.balneario-el-condor.com.ar/min/?f=/css/style.css&v=1" "Mozilla/5.0 (Linux; Android 9; moto e6s) AppleWebKit/537.36 (KHTML, like Gecko) Chrome/90.0.4430.210 Mobile Safari/537.36"
186.143.163.137 - - [15/May/2021:16:50:31 -0300] "GET /css/owl.carousel.css HTTP/1.1" 200 528 "https://www.balneario-el-condor.com.ar/min/?f=/css/style.css&v=1" "Mozilla/5.0 (Linux; Android 9; moto e6s) AppleWebKit/537.36 (KHTML, like Gecko) Chrome/90.0.4430.210 Mobile Safari/537.36"
186.143.164.245 - - [15/May/2021:16:50:33 -0300] "GET /css/jquery.fancybox-1.3.4.css HTTP/1.1" 200 1846 "https://www.balneario-el-condor.com.ar/min/?f=/css/style.css&v=1" "Mozilla/5.0 (Linux; Android 9; moto e6s) AppleWebKit/537.36 (KHTML, like Gecko) Chrome/90.0.4430.210 Mobile Safari/537.36"
186.143.164.245 - - [15/May/2021:16:50:33 -0300] "GET /js/bootstrap.js HTTP/1.1" 200 11205 "https://www.balneario-el-condor.com.ar/tablas-mareas-pleamar" "Mozilla/5.0 (Linux; Android 9; moto e6s) AppleWebKit/537.36 (KHTML, like Gecko) Chrome/90.0.4430.210 Mobile Safari/537.36"
186.143.163.137 - - [15/May/2021:16:50:33 -0300] "GET /js/script.js HTTP/1.1" 200 9044 "https://www.balneario-el-condor.com.ar/tablas-mareas-pleamar" "Mozilla/5.0 (Linux; Android 9; moto e6s) AppleWebKit/537.36 (KHTML, like Gecko) Chrome/90.0.4430.210 Mobile Safari/537.36"
186.143.164.245 - - [15/May/2021:16:50:33 -0300] "GET /js/jquery.bxslider.js HTTP/1.1" 200 11694 "https://www.balneario-el-condor.com.ar/tablas-mareas-pleamar" "Mozilla/5.0 (Linux; Android 9; moto e6s) AppleWebKit/537.36 (KHTML, like Gecko) Chrome/90.0.4430.210 Mobile Safari/537.36"
186.143.163.137 - - [15/May/2021:16:50:33 -0300] "GET /js/jquery.eislideshow.js HTTP/1.1" 200 3135 "https://www.balneario-el-condor.com.ar/tablas-mareas-pleamar" "Mozilla/5.0 (Linux; Android 9; moto e6s) AppleWebKit/537.36 (KHTML, like Gecko) Chrome/90.0.4430.210 Mobile Safari/537.36"
186.143.164.245 - - [15/May/2021:16:50:39 -0300] "GET /fonts/fontawesome-webfont.woff?v=4.0.3 HTTP/1.1" 200 44427 "https://www.balneario-el-condor.com.ar/css/font-awesome.css" "Mozilla/5.0 (Linux; Android 9; moto e6s) AppleWebKit/537.36 (KHTML, like Gecko) Chrome/90.0.4430.210 Mobile Safari/537.36"
186.143.163.137 - - [15/May/2021:16:50:49 -0300] "GET /img/logo.png HTTP/1.1" 200 21869 "https://www.balneario-el-condor.com.ar/tablas-mareas-pleamar" "Mozilla/5.0 (Linux; Android 9; moto e6s) AppleWebKit/537.36 (KHTML, like Gecko) Chrome/90.0.4430.210 Mobile Safari/537.36"
186.143.163.137 - - [15/May/2021:16:50:49 -0300] "GET /min?f=/js/superfish.js,/js/jquery.mobilemenu.js,/js/jquery.easing.1.3.js,/js/jquery.cookie.js,/js/jquery.tipsy.js HTTP/1.1" 301 361 "https://www.balneario-el-condor.com.ar/tablas-mareas-pleamar" "Mozilla/5.0 (Linux; Android 9; moto e6s) AppleWebKit/537.36 (KHTML, like Gecko) Chrome/90.0.4430.210 Mobile Safari/537.36"
186.143.163.137 - - [15/May/2021:16:50:52 -0300] "GET /min/?f=/js/superfish.js,/js/jquery.mobilemenu.js,/js/jquery.easing.1.3.js,/js/jquery.cookie.js,/js/jquery.tipsy.js HTTP/1.1" 200 4212 "https://www.balneario-el-condor.com.ar/tablas-mareas-pleamar" "Mozilla/5.0 (Linux; Android 9; moto e6s) AppleWebKit/537.36 (KHTML, like Gecko) Chrome/90.0.4430.210 Mobile Safari/537.36"
186.143.164.245 - - [15/May/2021:16:51:34 -0300] "HEAD /img/logo@2x.png HTTP/1.1" 200 - "https://www.balneario-el-condor.com.ar/tablas-mareas-pleamar" "Mozilla/5.0 (Linux; Android 9; moto e6s) AppleWebKit/537.36 (KHTML, like Gecko) Chrome/90.0.4430.210 Mobile Safari/537.36"
186.143.163.137 - - [15/May/2021:16:51:34 -0300] "GET /img/favicon.ico HTTP/1.1" 200 754 "https://www.balneario-el-condor.com.ar/tablas-mareas-pleamar" "Mozilla/5.0 (Linux; Android 9; moto e6s) AppleWebKit/537.36 (KHTML, like Gecko) Chrome/90.0.4430.210 Mobile Safari/537.36"
186.143.164.245 - - [15/May/2021:16:51:36 -0300] "GET /img/logo@2x.png HTTP/1.1" 200 21869 "https://www.balneario-el-condor.com.ar/tablas-mareas-pleamar" "Mozilla/5.0 (Linux; Android 9; moto e6s) AppleWebKit/537.36 (KHTML, like Gecko) Chrome/90.0.4430.210 Mobile Safari/537.36"
66.249.66.221 - - [15/May/2021:16:53:03 -0300] "GET /tablas-mareas-pleamar/playa/bahia-creek HTTP/1.1" 200 6633 "-" "Mozilla/5.0 (compatible; Googlebot/2.1; +http://www.google.com/bot.html)"
185.191.171.40 - - [15/May/2021:16:54:57 -0300] "GET /robots.txt HTTP/1.1" 200 31 "-" "Mozilla/5.0 (compatible; SemrushBot/7~bl; +http://www.semrush.com/bot.html)"
185.191.171.5 - - [15/May/2021:16:54:58 -0300] "GET /servicios/detalle/id/clases-particulares HTTP/1.1" 301 - "-" "Mozilla/5.0 (compatible; SemrushBot/7~bl; +http://www.semrush.com/bot.html)"
185.191.171.15 - - [15/May/2021:16:55:09 -0300] "GET /servicios/detalle/id/clases-particulares HTTP/1.1" 200 5911 "-" "Mozilla/5.0 (compatible; SemrushBot/7~bl; +http://www.semrush.com/bot.html)"
66.249.66.219 - - [15/May/2021:16:58:29 -0300] "GET /playa/La-Loberia HTTP/1.1" 200 5591 "-" "Mozilla/5.0 (compatible; Googlebot/2.1; +http://www.google.com/bot.html)"
216.244.66.199 - - [15/May/2021:17:00:09 -0300] "GET /restaurantes-y-confiterias/Confiteria-Viento-y-Marea HTTP/1.1" 301 - "-" "Mozilla/5.0 (compatible; DotBot/1.2; +https://opensiteexplorer.org/dotbot; help@moz.com)"
54.36.149.33 - - [15/May/2021:17:03:24 -0300] "GET /ubicacion HTTP/1.1" 200 5650 "-" "Mozilla/5.0 (compatible; AhrefsBot/7.0; +http://ahrefs.com/robot/)"
66.249.66.200 - - [15/May/2021:17:03:49 -0300] "GET /ads.txt HTTP/1.1" 304 - "-" "Mozilla/5.0 (compatible; Googlebot/2.1; +http://www.google.com/bot.html)"
66.249.66.84 - - [15/May/2021:17:03:50 -0300] "GET /ads.txt HTTP/1.1" 304 - "-" "Mozilla/5.0 (compatible; Googlebot/2.1; +http://www.google.com/bot.html)"
207.46.13.11 - - [15/May/2021:17:05:49 -0300] "GET /noticias-y-actividades/actividad-16-17-noviembre-balneario-el-condor HTTP/1.1" 200 6510 "-" "Mozilla/5.0 (compatible; bingbot/2.0; +http://www.bing.com/bingbot.htm)"
207.46.13.5 - - [15/May/2021:17:06:11 -0300] "GET /min/?f=/css/responsive.css HTTP/1.1" 200 5637 "-" "Mozilla/5.0 (compatible; bingbot/2.0; +http://www.bing.com/bingbot.htm)"
114.119.132.207 - - [15/May/2021:17:08:31 -0300] "GET /clasificados/detalle/Alquil%C3%B3-casa--687451 HTTP/1.1" 301 - "-" "Mozilla/5.0 (Linux; Android 7.0;) AppleWebKit/537.36 (KHTML, like Gecko) Mobile Safari/537.36 (compatible; PetalBot;+https://webmaster.petalsearch.com/site/petalbot)"
114.119.132.207 - - [15/May/2021:17:08:33 -0300] "GET /clasificados/detalle/Alquil%C3%B3-casa--687451 HTTP/1.1" 200 7108 "-" "Mozilla/5.0 (Linux; Android 7.0;) AppleWebKit/537.36 (KHTML, like Gecko) Mobile Safari/537.36 (compatible; PetalBot;+https://webmaster.petalsearch.com/site/petalbot)"
181.117.220.108 - - [15/May/2021:17:08:58 -0300] "GET /min/?f=/css/bootstrap.css HTTP/1.1" 304 - "https://www.balneario-el-condor.com.ar/tablas-mareas-pleamar" "Mozilla/5.0 (Linux; Android 11; SM-N975F) AppleWebKit/537.36 (KHTML, like Gecko) Chrome/90.0.4430.210 Mobile Safari/537.36"
181.117.220.108 - - [15/May/2021:17:08:58 -0300] "GET /min/?f=/css/responsive.css HTTP/1.1" 304 - "https://www.balneario-el-condor.com.ar/tablas-mareas-pleamar" "Mozilla/5.0 (Linux; Android 11; SM-N975F) AppleWebKit/537.36 (KHTML, like Gecko) Chrome/90.0.4430.210 Mobile Safari/537.36"
181.117.220.108 - - [15/May/2021:17:08:58 -0300] "GET /min/?f=/css/style.css&v=1 HTTP/1.1" 304 - "https://www.balneario-el-condor.com.ar/tablas-mareas-pleamar" "Mozilla/5.0 (Linux; Android 11; SM-N975F) AppleWebKit/537.36 (KHTML, like Gecko) Chrome/90.0.4430.210 Mobile Safari/537.36"
181.117.220.108 - - [15/May/2021:17:08:58 -0300] "GET /min/?f=/css/MyMedia.css HTTP/1.1" 304 - "https://www.balneario-el-condor.com.ar/tablas-mareas-pleamar" "Mozilla/5.0 (Linux; Android 11; SM-N975F) AppleWebKit/537.36 (KHTML, like Gecko) Chrome/90.0.4430.210 Mobile Safari/537.36"
181.117.220.108 - - [15/May/2021:17:08:58 -0300] "GET /min/?f=/css/bootstrap-tabs.css HTTP/1.1" 304 - "https://www.balneario-el-condor.com.ar/tablas-mareas-pleamar" "Mozilla/5.0 (Linux; Android 11; SM-N975F) AppleWebKit/537.36 (KHTML, like Gecko) Chrome/90.0.4430.210 Mobile Safari/537.36"
181.117.220.108 - - [15/May/2021:17:08:58 -0300] "GET /min/?f=/css/eislideshow.css HTTP/1.1" 304 - "https://www.balneario-el-condor.com.ar/tablas-mareas-pleamar" "Mozilla/5.0 (Linux; Android 11; SM-N975F) AppleWebKit/537.36 (KHTML, like Gecko) Chrome/90.0.4430.210 Mobile Safari/537.36"
181.117.220.108 - - [15/May/2021:17:08:58 -0300] "GET /min/?f=/js/superfish.js,/js/jquery.mobilemenu.js,/js/jquery.easing.1.3.js,/js/jquery.cookie.js,/js/jquery.tipsy.js HTTP/1.1" 304 - "https://www.balneario-el-condor.com.ar/tablas-mareas-pleamar" "Mozilla/5.0 (Linux; Android 11; SM-N975F) AppleWebKit/537.36 (KHTML, like Gecko) Chrome/90.0.4430.210 Mobile Safari/537.36"
201.251.38.3 - - [15/May/2021:17:09:04 -0300] "GET /horario-colectivo HTTP/1.1" 200 5298 "https://www.google.com/" "Mozilla/5.0 (Windows NT 10.0; Win64; x64) AppleWebKit/537.36 (KHTML, like Gecko) Chrome/90.0.4430.212 Safari/537.36"
201.251.38.3 - - [15/May/2021:17:09:05 -0300] "GET /min/?f=/css/responsive.css HTTP/1.1" 200 5637 "https://www.balneario-el-condor.com.ar/horario-colectivo" "Mozilla/5.0 (Windows NT 10.0; Win64; x64) AppleWebKit/537.36 (KHTML, like Gecko) Chrome/90.0.4430.212 Safari/537.36"
201.251.38.3 - - [15/May/2021:17:09:05 -0300] "GET /min/?f=/css/bootstrap.css HTTP/1.1" 200 18172 "https://www.balneario-el-condor.com.ar/horario-colectivo" "Mozilla/5.0 (Windows NT 10.0; Win64; x64) AppleWebKit/537.36 (KHTML, like Gecko) Chrome/90.0.4430.212 Safari/537.36"
201.251.38.3 - - [15/May/2021:17:09:05 -0300] "GET /min/?f=/css/style.css&v=1 HTTP/1.1" 200 29057 "https://www.balneario-el-condor.com.ar/horario-colectivo" "Mozilla/5.0 (Windows NT 10.0; Win64; x64) AppleWebKit/537.36 (KHTML, like Gecko) Chrome/90.0.4430.212 Safari/537.36"
201.251.38.3 - - [15/May/2021:17:09:05 -0300] "GET /min/?f=/css/MyMedia.css HTTP/1.1" 200 4970 "https://www.balneario-el-condor.com.ar/horario-colectivo" "Mozilla/5.0 (Windows NT 10.0; Win64; x64) AppleWebKit/537.36 (KHTML, like Gecko) Chrome/90.0.4430.212 Safari/537.36"
201.251.38.3 - - [15/May/2021:17:09:05 -0300] "GET /css/bxslider.css HTTP/1.1" 200 2107 "https://www.balneario-el-condor.com.ar/horario-colectivo" "Mozilla/5.0 (Windows NT 10.0; Win64; x64) AppleWebKit/537.36 (KHTML, like Gecko) Chrome/90.0.4430.212 Safari/537.36"
201.251.38.3 - - [15/May/2021:17:09:05 -0300] "GET /min/?f=/css/bootstrap-tabs.css HTTP/1.1" 200 1476 "https://www.balneario-el-condor.com.ar/horario-colectivo" "Mozilla/5.0 (Windows NT 10.0; Win64; x64) AppleWebKit/537.36 (KHTML, like Gecko) Chrome/90.0.4430.212 Safari/537.36"
201.251.38.3 - - [15/May/2021:17:09:05 -0300] "GET /min/?f=/css/eislideshow.css HTTP/1.1" 200 1064 "https://www.balneario-el-condor.com.ar/horario-colectivo" "Mozilla/5.0 (Windows NT 10.0; Win64; x64) AppleWebKit/537.36 (KHTML, like Gecko) Chrome/90.0.4430.212 Safari/537.36"
201.251.38.3 - - [15/May/2021:17:09:05 -0300] "GET /css/font-awesome.css HTTP/1.1" 200 4282 "https://www.balneario-el-condor.com.ar/min/?f=/css/style.css&v=1" "Mozilla/5.0 (Windows NT 10.0; Win64; x64) AppleWebKit/537.36 (KHTML, like Gecko) Chrome/90.0.4430.212 Safari/537.36"
201.251.38.3 - - [15/May/2021:17:09:05 -0300] "GET /css/colors-style.css HTTP/1.1" 200 686 "https://www.balneario-el-condor.com.ar/min/?f=/css/style.css&v=1" "Mozilla/5.0 (Windows NT 10.0; Win64; x64) AppleWebKit/537.36 (KHTML, like Gecko) Chrome/90.0.4430.212 Safari/537.36"
201.251.38.3 - - [15/May/2021:17:09:05 -0300] "GET /css/owl.carousel.css HTTP/1.1" 200 528 "https://www.balneario-el-condor.com.ar/min/?f=/css/style.css&v=1" "Mozilla/5.0 (Windows NT 10.0; Win64; x64) AppleWebKit/537.36 (KHTML, like Gecko) Chrome/90.0.4430.212 Safari/537.36"
201.251.38.3 - - [15/May/2021:17:09:05 -0300] "GET /css/jquery.fancybox-1.3.4.css HTTP/1.1" 200 1846 "https://www.balneario-el-condor.com.ar/min/?f=/css/style.css&v=1" "Mozilla/5.0 (Windows NT 10.0; Win64; x64) AppleWebKit/537.36 (KHTML, like Gecko) Chrome/90.0.4430.212 Safari/537.36"
201.251.38.3 - - [15/May/2021:17:09:05 -0300] "GET /js/retina.js HTTP/1.1" 200 1743 "https://www.balneario-el-condor.com.ar/horario-colectivo" "Mozilla/5.0 (Windows NT 10.0; Win64; x64) AppleWebKit/537.36 (KHTML, like Gecko) Chrome/90.0.4430.212 Safari/537.36"
201.251.38.3 - - [15/May/2021:17:09:05 -0300] "GET /js/bootstrap.js HTTP/1.1" 200 11205 "https://www.balneario-el-condor.com.ar/horario-colectivo" "Mozilla/5.0 (Windows NT 10.0; Win64; x64) AppleWebKit/537.36 (KHTML, like Gecko) Chrome/90.0.4430.212 Safari/537.36"
201.251.38.3 - - [15/May/2021:17:09:05 -0300] "GET /js/script.js HTTP/1.1" 200 9044 "https://www.balneario-el-condor.com.ar/horario-colectivo" "Mozilla/5.0 (Windows NT 10.0; Win64; x64) AppleWebKit/537.36 (KHTML, like Gecko) Chrome/90.0.4430.212 Safari/537.36"
201.251.38.3 - - [15/May/2021:17:09:05 -0300] "GET /js/jquery.bxslider.js HTTP/1.1" 200 11694 "https://www.balneario-el-condor.com.ar/horario-colectivo" "Mozilla/5.0 (Windows NT 10.0; Win64; x64) AppleWebKit/537.36 (KHTML, like Gecko) Chrome/90.0.4430.212 Safari/537.36"
201.251.38.3 - - [15/May/2021:17:09:06 -0300] "GET /js/jquery.eislideshow.js HTTP/1.1" 200 3135 "https://www.balneario-el-condor.com.ar/horario-colectivo" "Mozilla/5.0 (Windows NT 10.0; Win64; x64) AppleWebKit/537.36 (KHTML, like Gecko) Chrome/90.0.4430.212 Safari/537.36"
201.251.38.3 - - [15/May/2021:17:09:06 -0300] "GET /img/logo.png HTTP/1.1" 200 21869 "https://www.balneario-el-condor.com.ar/horario-colectivo" "Mozilla/5.0 (Windows NT 10.0; Win64; x64) AppleWebKit/537.36 (KHTML, like Gecko) Chrome/90.0.4430.212 Safari/537.36"
201.251.38.3 - - [15/May/2021:17:09:06 -0300] "GET /min?f=/js/superfish.js,/js/jquery.mobilemenu.js,/js/jquery.easing.1.3.js,/js/jquery.cookie.js,/js/jquery.tipsy.js HTTP/1.1" 301 361 "https://www.balneario-el-condor.com.ar/horario-colectivo" "Mozilla/5.0 (Windows NT 10.0; Win64; x64) AppleWebKit/537.36 (KHTML, like Gecko) Chrome/90.0.4430.212 Safari/537.36"
201.251.38.3 - - [15/May/2021:17:09:06 -0300] "GET /min/?f=/js/superfish.js,/js/jquery.mobilemenu.js,/js/jquery.easing.1.3.js,/js/jquery.cookie.js,/js/jquery.tipsy.js HTTP/1.1" 200 4212 "https://www.balneario-el-condor.com.ar/horario-colectivo" "Mozilla/5.0 (Windows NT 10.0; Win64; x64) AppleWebKit/537.36 (KHTML, like Gecko) Chrome/90.0.4430.212 Safari/537.36"
201.251.38.3 - - [15/May/2021:17:09:08 -0300] "GET /fonts/fontawesome-webfont.woff?v=4.0.3 HTTP/1.1" 200 44427 "https://www.balneario-el-condor.com.ar/css/font-awesome.css" "Mozilla/5.0 (Windows NT 10.0; Win64; x64) AppleWebKit/537.36 (KHTML, like Gecko) Chrome/90.0.4430.212 Safari/537.36"
201.251.38.3 - - [15/May/2021:17:09:15 -0300] "GET /img/favicon.ico HTTP/1.1" 200 754 "https://www.balneario-el-condor.com.ar/horario-colectivo" "Mozilla/5.0 (Windows NT 10.0; Win64; x64) AppleWebKit/537.36 (KHTML, like Gecko) Chrome/90.0.4430.212 Safari/537.36"
170.78.75.240 - - [15/May/2021:17:16:25 -0300] "GET /mareas/json/clave/CarmenLuca19812012 HTTP/1.1" 301 - "-" "-"
170.78.75.240 - - [15/May/2021:17:16:25 -0300] "GET /mareas/json/clave/CarmenLuca19812012 HTTP/1.1" 200 531 "http://www.balneario-el-condor.com.ar/mareas/json/clave/CarmenLuca19812012" "-"
190.92.109.186 - - [15/May/2021:17:16:25 -0300] "GET /tablas-mareas-pleamar/playa/bahia-creek HTTP/1.1" 200 5373 "https://www.google.com/" "Mozilla/5.0 (Linux; Android 10; SM-A217M) AppleWebKit/537.36 (KHTML, like Gecko) Chrome/90.0.4430.210 Mobile Safari/537.36"
190.92.109.186 - - [15/May/2021:17:16:26 -0300] "GET /min/?f=/css/bootstrap.css HTTP/1.1" 200 18172 "-" "Mozilla/5.0 (Linux; Android 10; SM-A217M) AppleWebKit/537.36 (KHTML, like Gecko) Chrome/90.0.4430.210 Mobile Safari/537.36"
190.92.109.186 - - [15/May/2021:17:16:26 -0300] "GET /min/?f=/css/MyMedia.css HTTP/1.1" 200 4970 "https://www.balneario-el-condor.com.ar/tablas-mareas-pleamar/playa/bahia-creek" "Mozilla/5.0 (Linux; Android 10; SM-A217M) AppleWebKit/537.36 (KHTML, like Gecko) Chrome/90.0.4430.210 Mobile Safari/537.36"
190.92.109.186 - - [15/May/2021:17:16:26 -0300] "GET /css/bxslider.css HTTP/1.1" 200 2107 "https://www.balneario-el-condor.com.ar/tablas-mareas-pleamar/playa/bahia-creek" "Mozilla/5.0 (Linux; Android 10; SM-A217M) AppleWebKit/537.36 (KHTML, like Gecko) Chrome/90.0.4430.210 Mobile Safari/537.36"
190.92.109.186 - - [15/May/2021:17:16:26 -0300] "GET /min/?f=/css/bootstrap-tabs.css HTTP/1.1" 200 1476 "https://www.balneario-el-condor.com.ar/tablas-mareas-pleamar/playa/bahia-creek" "Mozilla/5.0 (Linux; Android 10; SM-A217M) AppleWebKit/537.36 (KHTML, like Gecko) Chrome/90.0.4430.210 Mobile Safari/537.36"
190.92.109.186 - - [15/May/2021:17:16:26 -0300] "GET /min/?f=/css/eislideshow.css HTTP/1.1" 200 1064 "https://www.balneario-el-condor.com.ar/tablas-mareas-pleamar/playa/bahia-creek" "Mozilla/5.0 (Linux; Android 10; SM-A217M) AppleWebKit/537.36 (KHTML, like Gecko) Chrome/90.0.4430.210 Mobile Safari/537.36"
190.92.109.186 - - [15/May/2021:17:16:26 -0300] "GET /wg_images/wgstyle.css HTTP/1.1" 200 275 "https://www.balneario-el-condor.com.ar/tablas-mareas-pleamar/playa/bahia-creek" "Mozilla/5.0 (Linux; Android 10; SM-A217M) AppleWebKit/537.36 (KHTML, like Gecko) Chrome/90.0.4430.210 Mobile Safari/537.36"
190.92.109.186 - - [15/May/2021:17:16:26 -0300] "GET /js/retina.js HTTP/1.1" 200 1743 "https://www.balneario-el-condor.com.ar/tablas-mareas-pleamar/playa/bahia-creek" "Mozilla/5.0 (Linux; Android 10; SM-A217M) AppleWebKit/537.36 (KHTML, like Gecko) Chrome/90.0.4430.210 Mobile Safari/537.36"
190.92.109.186 - - [15/May/2021:17:16:26 -0300] "GET /js/bootstrap.js HTTP/1.1" 200 11205 "https://www.balneario-el-condor.com.ar/tablas-mareas-pleamar/playa/bahia-creek" "Mozilla/5.0 (Linux; Android 10; SM-A217M) AppleWebKit/537.36 (KHTML, like Gecko) Chrome/90.0.4430.210 Mobile Safari/537.36"
190.92.109.186 - - [15/May/2021:17:16:26 -0300] "GET /js/script.js HTTP/1.1" 200 9044 "https://www.balneario-el-condor.com.ar/tablas-mareas-pleamar/playa/bahia-creek" "Mozilla/5.0 (Linux; Android 10; SM-A217M) AppleWebKit/537.36 (KHTML, like Gecko) Chrome/90.0.4430.210 Mobile Safari/537.36"
190.92.109.186 - - [15/May/2021:17:16:27 -0300] "GET /js/jquery.bxslider.js HTTP/1.1" 200 11694 "https://www.balneario-el-condor.com.ar/tablas-mareas-pleamar/playa/bahia-creek" "Mozilla/5.0 (Linux; Android 10; SM-A217M) AppleWebKit/537.36 (KHTML, like Gecko) Chrome/90.0.4430.210 Mobile Safari/537.36"
190.92.109.186 - - [15/May/2021:17:16:27 -0300] "GET /js/jquery.eislideshow.js HTTP/1.1" 200 3135 "https://www.balneario-el-condor.com.ar/tablas-mareas-pleamar/playa/bahia-creek" "Mozilla/5.0 (Linux; Android 10; SM-A217M) AppleWebKit/537.36 (KHTML, like Gecko) Chrome/90.0.4430.210 Mobile Safari/537.36"
190.92.109.186 - - [15/May/2021:17:16:27 -0300] "GET /min/?f=/css/responsive.css HTTP/1.1" 200 5637 "-" "Mozilla/5.0 (Linux; Android 10; SM-A217M) AppleWebKit/537.36 (KHTML, like Gecko) Chrome/90.0.4430.210 Mobile Safari/537.36"
190.92.109.186 - - [15/May/2021:17:16:27 -0300] "GET /min/?f=/css/style.css&v=1 HTTP/1.1" 200 29057 "-" "Mozilla/5.0 (Linux; Android 10; SM-A217M) AppleWebKit/537.36 (KHTML, like Gecko) Chrome/90.0.4430.210 Mobile Safari/537.36"
190.92.109.186 - - [15/May/2021:17:16:27 -0300] "GET /css/owl.carousel.css HTTP/1.1" 200 528 "https://www.balneario-el-condor.com.ar/min/?f=/css/style.css&v=1" "Mozilla/5.0 (Linux; Android 10; SM-A217M) AppleWebKit/537.36 (KHTML, like Gecko) Chrome/90.0.4430.210 Mobile Safari/537.36"
190.92.109.186 - - [15/May/2021:17:16:27 -0300] "GET /css/jquery.fancybox-1.3.4.css HTTP/1.1" 200 1846 "https://www.balneario-el-condor.com.ar/min/?f=/css/style.css&v=1" "Mozilla/5.0 (Linux; Android 10; SM-A217M) AppleWebKit/537.36 (KHTML, like Gecko) Chrome/90.0.4430.210 Mobile Safari/537.36"
190.92.109.186 - - [15/May/2021:17:16:27 -0300] "GET /css/colors-style.css HTTP/1.1" 200 686 "https://www.balneario-el-condor.com.ar/min/?f=/css/style.css&v=1" "Mozilla/5.0 (Linux; Android 10; SM-A217M) AppleWebKit/537.36 (KHTML, like Gecko) Chrome/90.0.4430.210 Mobile Safari/537.36"
190.92.109.186 - - [15/May/2021:17:16:27 -0300] "GET /css/font-awesome.css HTTP/1.1" 200 4282 "https://www.balneario-el-condor.com.ar/min/?f=/css/style.css&v=1" "Mozilla/5.0 (Linux; Android 10; SM-A217M) AppleWebKit/537.36 (KHTML, like Gecko) Chrome/90.0.4430.210 Mobile Safari/537.36"
190.92.109.186 - - [15/May/2021:17:16:28 -0300] "GET /min?f=/js/superfish.js,/js/jquery.mobilemenu.js,/js/jquery.easing.1.3.js,/js/jquery.cookie.js,/js/jquery.tipsy.js HTTP/1.1" 301 361 "https://www.balneario-el-condor.com.ar/tablas-mareas-pleamar/playa/bahia-creek" "Mozilla/5.0 (Linux; Android 10; SM-A217M) AppleWebKit/537.36 (KHTML, like Gecko) Chrome/90.0.4430.210 Mobile Safari/537.36"
190.92.109.186 - - [15/May/2021:17:16:28 -0300] "GET /fonts/fontawesome-webfont.woff?v=4.0.3 HTTP/1.1" 200 44427 "https://www.balneario-el-condor.com.ar/css/font-awesome.css" "Mozilla/5.0 (Linux; Android 10; SM-A217M) AppleWebKit/537.36 (KHTML, like Gecko) Chrome/90.0.4430.210 Mobile Safari/537.36"
190.92.109.186 - - [15/May/2021:17:16:28 -0300] "GET /min/?f=/js/superfish.js,/js/jquery.mobilemenu.js,/js/jquery.easing.1.3.js,/js/jquery.cookie.js,/js/jquery.tipsy.js HTTP/1.1" 200 4212 "https://www.balneario-el-condor.com.ar/tablas-mareas-pleamar/playa/bahia-creek" "Mozilla/5.0 (Linux; Android 10; SM-A217M) AppleWebKit/537.36 (KHTML, like Gecko) Chrome/90.0.4430.210 Mobile Safari/537.36"
190.92.109.186 - - [15/May/2021:17:16:28 -0300] "GET /img/logo.png HTTP/1.1" 200 21869 "https://www.balneario-el-condor.com.ar/tablas-mareas-pleamar/playa/bahia-creek" "Mozilla/5.0 (Linux; Android 10; SM-A217M) AppleWebKit/537.36 (KHTML, like Gecko) Chrome/90.0.4430.210 Mobile Safari/537.36"
190.92.109.186 - - [15/May/2021:17:16:30 -0300] "HEAD /img/logo@2x.png HTTP/1.1" 200 - "https://www.balneario-el-condor.com.ar/tablas-mareas-pleamar/playa/bahia-creek" "Mozilla/5.0 (Linux; Android 10; SM-A217M) AppleWebKit/537.36 (KHTML, like Gecko) Chrome/90.0.4430.210 Mobile Safari/537.36"
190.92.109.186 - - [15/May/2021:17:16:30 -0300] "GET /img/favicon.ico HTTP/1.1" 200 754 "https://www.balneario-el-condor.com.ar/tablas-mareas-pleamar/playa/bahia-creek" "Mozilla/5.0 (Linux; Android 10; SM-A217M) AppleWebKit/537.36 (KHTML, like Gecko) Chrome/90.0.4430.210 Mobile Safari/537.36"
190.92.109.186 - - [15/May/2021:17:16:30 -0300] "GET /img/logo@2x.png HTTP/1.1" 200 21869 "https://www.balneario-el-condor.com.ar/tablas-mareas-pleamar/playa/bahia-creek" "Mozilla/5.0 (Linux; Android 10; SM-A217M) AppleWebKit/537.36 (KHTML, like Gecko) Chrome/90.0.4430.210 Mobile Safari/537.36"
66.249.66.198 - - [15/May/2021:17:18:48 -0300] "GET /ads.txt HTTP/1.1" 304 - "-" "Mozilla/5.0 (compatible; Googlebot/2.1; +http://www.google.com/bot.html)"
66.249.66.84 - - [15/May/2021:17:18:49 -0300] "GET /ads.txt HTTP/1.1" 304 - "-" "Mozilla/5.0 (compatible; Googlebot/2.1; +http://www.google.com/bot.html)"
170.51.129.100 - - [15/May/2021:17:19:59 -0300] "GET /historia HTTP/1.1" 200 11744 "https://www.google.com/" "Mozilla/5.0 (Linux; Android 8.1.0; SM-G610M) AppleWebKit/537.36 (KHTML, like Gecko) Chrome/90.0.4430.91 Mobile Safari/537.36"
170.51.129.100 - - [15/May/2021:17:20:00 -0300] "GET /min/?f=/css/bootstrap.css HTTP/1.1" 304 - "https://www.balneario-el-condor.com.ar/historia" "Mozilla/5.0 (Linux; Android 8.1.0; SM-G610M) AppleWebKit/537.36 (KHTML, like Gecko) Chrome/90.0.4430.91 Mobile Safari/537.36"
170.51.129.100 - - [15/May/2021:17:20:00 -0300] "GET /min/?f=/css/responsive.css HTTP/1.1" 304 - "https://www.balneario-el-condor.com.ar/historia" "Mozilla/5.0 (Linux; Android 8.1.0; SM-G610M) AppleWebKit/537.36 (KHTML, like Gecko) Chrome/90.0.4430.91 Mobile Safari/537.36"
