170.81.229.207 - - [15/May/2021:14:55:43 -0300] "GET /img/logo.png HTTP/1.1" 200 21869 "https://www.balneario-el-condor.com.ar/tablas-mareas-pleamar" "Mozilla/5.0 (Linux; Android 7.0; SM-G610M) AppleWebKit/537.36 (KHTML, like Gecko) Chrome/90.0.4430.210 Mobile Safari/537.36"
170.81.229.207 - - [15/May/2021:14:55:43 -0300] "GET /min?f=/js/superfish.js,/js/jquery.mobilemenu.js,/js/jquery.easing.1.3.js,/js/jquery.cookie.js,/js/jquery.tipsy.js HTTP/1.1" 301 361 "https://www.balneario-el-condor.com.ar/tablas-mareas-pleamar" "Mozilla/5.0 (Linux; Android 7.0; SM-G610M) AppleWebKit/537.36 (KHTML, like Gecko) Chrome/90.0.4430.210 Mobile Safari/537.36"
170.81.229.207 - - [15/May/2021:14:55:44 -0300] "GET /min/?f=/js/superfish.js,/js/jquery.mobilemenu.js,/js/jquery.easing.1.3.js,/js/jquery.cookie.js,/js/jquery.tipsy.js HTTP/1.1" 200 4212 "https://www.balneario-el-condor.com.ar/tablas-mareas-pleamar" "Mozilla/5.0 (Linux; Android 7.0; SM-G610M) AppleWebKit/537.36 (KHTML, like Gecko) Chrome/90.0.4430.210 Mobile Safari/537.36"
170.81.229.207 - - [15/May/2021:14:55:45 -0300] "HEAD /img/logo@2x.png HTTP/1.1" 200 - "https://www.balneario-el-condor.com.ar/tablas-mareas-pleamar" "Mozilla/5.0 (Linux; Android 7.0; SM-G610M) AppleWebKit/537.36 (KHTML, like Gecko) Chrome/90.0.4430.210 Mobile Safari/537.36"
170.81.229.207 - - [15/May/2021:14:55:45 -0300] "GET /img/logo@2x.png HTTP/1.1" 200 21869 "https://www.balneario-el-condor.com.ar/tablas-mareas-pleamar" "Mozilla/5.0 (Linux; Android 7.0; SM-G610M) AppleWebKit/537.36 (KHTML, like Gecko) Chrome/90.0.4430.210 Mobile Safari/537.36"
170.81.229.207 - - [15/May/2021:14:55:45 -0300] "GET /img/favicon.ico HTTP/1.1" 200 754 "https://www.balneario-el-condor.com.ar/tablas-mareas-pleamar" "Mozilla/5.0 (Linux; Android 7.0; SM-G610M) AppleWebKit/537.36 (KHTML, like Gecko) Chrome/90.0.4430.210 Mobile Safari/537.36"
170.78.75.240 - - [15/May/2021:15:00:03 -0300] "GET /mareas/json/clave/CarmenLuca19812012 HTTP/1.1" 301 - "-" "-"
170.78.75.240 - - [15/May/2021:15:00:03 -0300] "GET /mareas/json/clave/CarmenLuca19812012 HTTP/1.1" 200 531 "http://www.balneario-el-condor.com.ar/mareas/json/clave/CarmenLuca19812012" "-"
170.81.230.174 - - [15/May/2021:15:00:03 -0300] "GET /tablas-mareas-pleamar HTTP/1.1" 200 5366 "-" "Mozilla/5.0 (Linux; Android 6.0; HUAWEI VNS-L23) AppleWebKit/537.36 (KHTML, like Gecko) Chrome/90.0.4430.210 Mobile Safari/537.36"
170.81.230.174 - - [15/May/2021:15:00:04 -0300] "GET /min/?f=/css/bootstrap.css HTTP/1.1" 200 18172 "https://www.balneario-el-condor.com.ar/tablas-mareas-pleamar" "Mozilla/5.0 (Linux; Android 6.0; HUAWEI VNS-L23) AppleWebKit/537.36 (KHTML, like Gecko) Chrome/90.0.4430.210 Mobile Safari/537.36"
170.81.230.174 - - [15/May/2021:15:00:04 -0300] "GET /min/?f=/css/responsive.css HTTP/1.1" 200 5637 "https://www.balneario-el-condor.com.ar/tablas-mareas-pleamar" "Mozilla/5.0 (Linux; Android 6.0; HUAWEI VNS-L23) AppleWebKit/537.36 (KHTML, like Gecko) Chrome/90.0.4430.210 Mobile Safari/537.36"
170.81.230.174 - - [15/May/2021:15:00:04 -0300] "GET /min/?f=/css/style.css&v=1 HTTP/1.1" 200 29057 "https://www.balneario-el-condor.com.ar/tablas-mareas-pleamar" "Mozilla/5.0 (Linux; Android 6.0; HUAWEI VNS-L23) AppleWebKit/537.36 (KHTML, like Gecko) Chrome/90.0.4430.210 Mobile Safari/537.36"
170.81.230.174 - - [15/May/2021:15:00:04 -0300] "GET /css/bxslider.css HTTP/1.1" 200 2107 "https://www.balneario-el-condor.com.ar/tablas-mareas-pleamar" "Mozilla/5.0 (Linux; Android 6.0; HUAWEI VNS-L23) AppleWebKit/537.36 (KHTML, like Gecko) Chrome/90.0.4430.210 Mobile Safari/537.36"
170.81.230.174 - - [15/May/2021:15:00:04 -0300] "GET /min/?f=/css/MyMedia.css HTTP/1.1" 200 4970 "https://www.balneario-el-condor.com.ar/tablas-mareas-pleamar" "Mozilla/5.0 (Linux; Android 6.0; HUAWEI VNS-L23) AppleWebKit/537.36 (KHTML, like Gecko) Chrome/90.0.4430.210 Mobile Safari/537.36"
170.81.230.174 - - [15/May/2021:15:00:04 -0300] "GET /min/?f=/css/bootstrap-tabs.css HTTP/1.1" 200 1476 "https://www.balneario-el-condor.com.ar/tablas-mareas-pleamar" "Mozilla/5.0 (Linux; Android 6.0; HUAWEI VNS-L23) AppleWebKit/537.36 (KHTML, like Gecko) Chrome/90.0.4430.210 Mobile Safari/537.36"
170.81.230.174 - - [15/May/2021:15:00:04 -0300] "GET /min/?f=/css/eislideshow.css HTTP/1.1" 200 1064 "https://www.balneario-el-condor.com.ar/tablas-mareas-pleamar" "Mozilla/5.0 (Linux; Android 6.0; HUAWEI VNS-L23) AppleWebKit/537.36 (KHTML, like Gecko) Chrome/90.0.4430.210 Mobile Safari/537.36"
170.81.230.174 - - [15/May/2021:15:00:04 -0300] "GET /wg_images/wgstyle.css HTTP/1.1" 200 275 "https://www.balneario-el-condor.com.ar/tablas-mareas-pleamar" "Mozilla/5.0 (Linux; Android 6.0; HUAWEI VNS-L23) AppleWebKit/537.36 (KHTML, like Gecko) Chrome/90.0.4430.210 Mobile Safari/537.36"
170.81.230.174 - - [15/May/2021:15:00:04 -0300] "GET /js/retina.js HTTP/1.1" 200 1743 "https://www.balneario-el-condor.com.ar/tablas-mareas-pleamar" "Mozilla/5.0 (Linux; Android 6.0; HUAWEI VNS-L23) AppleWebKit/537.36 (KHTML, like Gecko) Chrome/90.0.4430.210 Mobile Safari/537.36"
170.81.230.174 - - [15/May/2021:15:00:04 -0300] "GET /js/jquery.eislideshow.js HTTP/1.1" 200 3135 "https://www.balneario-el-condor.com.ar/tablas-mareas-pleamar" "Mozilla/5.0 (Linux; Android 6.0; HUAWEI VNS-L23) AppleWebKit/537.36 (KHTML, like Gecko) Chrome/90.0.4430.210 Mobile Safari/537.36"
170.81.230.174 - - [15/May/2021:15:00:04 -0300] "GET /js/bootstrap.js HTTP/1.1" 200 11205 "https://www.balneario-el-condor.com.ar/tablas-mareas-pleamar" "Mozilla/5.0 (Linux; Android 6.0; HUAWEI VNS-L23) AppleWebKit/537.36 (KHTML, like Gecko) Chrome/90.0.4430.210 Mobile Safari/537.36"
170.81.230.174 - - [15/May/2021:15:00:04 -0300] "GET /js/script.js HTTP/1.1" 200 9044 "https://www.balneario-el-condor.com.ar/tablas-mareas-pleamar" "Mozilla/5.0 (Linux; Android 6.0; HUAWEI VNS-L23) AppleWebKit/537.36 (KHTML, like Gecko) Chrome/90.0.4430.210 Mobile Safari/537.36"
170.81.230.174 - - [15/May/2021:15:00:04 -0300] "GET /js/jquery.bxslider.js HTTP/1.1" 200 11694 "https://www.balneario-el-condor.com.ar/tablas-mareas-pleamar" "Mozilla/5.0 (Linux; Android 6.0; HUAWEI VNS-L23) AppleWebKit/537.36 (KHTML, like Gecko) Chrome/90.0.4430.210 Mobile Safari/537.36"
170.81.230.174 - - [15/May/2021:15:00:04 -0300] "GET /css/font-awesome.css HTTP/1.1" 200 4282 "https://www.balneario-el-condor.com.ar/min/?f=/css/style.css&v=1" "Mozilla/5.0 (Linux; Android 6.0; HUAWEI VNS-L23) AppleWebKit/537.36 (KHTML, like Gecko) Chrome/90.0.4430.210 Mobile Safari/537.36"
170.81.230.174 - - [15/May/2021:15:00:04 -0300] "GET /css/colors-style.css HTTP/1.1" 200 686 "https://www.balneario-el-condor.com.ar/min/?f=/css/style.css&v=1" "Mozilla/5.0 (Linux; Android 6.0; HUAWEI VNS-L23) AppleWebKit/537.36 (KHTML, like Gecko) Chrome/90.0.4430.210 Mobile Safari/537.36"
157.90.181.152 - - [15/May/2021:15:00:04 -0300] "GET /robots.txt HTTP/1.1" 200 31 "-" "Mozilla/5.0 (compatible; BLEXBot/1.0; +http://webmeup-crawler.com/)"
170.81.230.174 - - [15/May/2021:15:00:04 -0300] "GET /css/owl.carousel.css HTTP/1.1" 200 528 "https://www.balneario-el-condor.com.ar/min/?f=/css/style.css&v=1" "Mozilla/5.0 (Linux; Android 6.0; HUAWEI VNS-L23) AppleWebKit/537.36 (KHTML, like Gecko) Chrome/90.0.4430.210 Mobile Safari/537.36"
170.81.230.174 - - [15/May/2021:15:00:04 -0300] "GET /css/jquery.fancybox-1.3.4.css HTTP/1.1" 200 1846 "https://www.balneario-el-condor.com.ar/min/?f=/css/style.css&v=1" "Mozilla/5.0 (Linux; Android 6.0; HUAWEI VNS-L23) AppleWebKit/537.36 (KHTML, like Gecko) Chrome/90.0.4430.210 Mobile Safari/537.36"
170.81.230.174 - - [15/May/2021:15:00:05 -0300] "GET /fonts/fontawesome-webfont.woff?v=4.0.3 HTTP/1.1" 200 44427 "https://www.balneario-el-condor.com.ar/css/font-awesome.css" "Mozilla/5.0 (Linux; Android 6.0; HUAWEI VNS-L23) AppleWebKit/537.36 (KHTML, like Gecko) Chrome/90.0.4430.210 Mobile Safari/537.36"
170.81.230.174 - - [15/May/2021:15:00:05 -0300] "GET /img/logo.png HTTP/1.1" 200 21869 "https://www.balneario-el-condor.com.ar/tablas-mareas-pleamar" "Mozilla/5.0 (Linux; Android 6.0; HUAWEI VNS-L23) AppleWebKit/537.36 (KHTML, like Gecko) Chrome/90.0.4430.210 Mobile Safari/537.36"
170.81.230.174 - - [15/May/2021:15:00:05 -0300] "GET /min?f=/js/superfish.js,/js/jquery.mobilemenu.js,/js/jquery.easing.1.3.js,/js/jquery.cookie.js,/js/jquery.tipsy.js HTTP/1.1" 301 361 "https://www.balneario-el-condor.com.ar/tablas-mareas-pleamar" "Mozilla/5.0 (Linux; Android 6.0; HUAWEI VNS-L23) AppleWebKit/537.36 (KHTML, like Gecko) Chrome/90.0.4430.210 Mobile Safari/537.36"
170.81.230.174 - - [15/May/2021:15:00:06 -0300] "GET /min/?f=/js/superfish.js,/js/jquery.mobilemenu.js,/js/jquery.easing.1.3.js,/js/jquery.cookie.js,/js/jquery.tipsy.js HTTP/1.1" 200 4212 "https://www.balneario-el-condor.com.ar/tablas-mareas-pleamar" "Mozilla/5.0 (Linux; Android 6.0; HUAWEI VNS-L23) AppleWebKit/537.36 (KHTML, like Gecko) Chrome/90.0.4430.210 Mobile Safari/537.36"
157.90.181.152 - - [15/May/2021:15:00:06 -0300] "GET /alquileres-ofrecidos-pedidos-temporada/google.com/+Balneario-el-condorAr HTTP/1.1" 200 372 "-" "Mozilla/5.0 (compatible; BLEXBot/1.0; +http://webmeup-crawler.com/)"
170.81.230.174 - - [15/May/2021:15:00:07 -0300] "HEAD /img/logo@2x.png HTTP/1.1" 200 - "https://www.balneario-el-condor.com.ar/tablas-mareas-pleamar" "Mozilla/5.0 (Linux; Android 6.0; HUAWEI VNS-L23) AppleWebKit/537.36 (KHTML, like Gecko) Chrome/90.0.4430.210 Mobile Safari/537.36"
170.81.230.174 - - [15/May/2021:15:00:07 -0300] "GET /img/logo@2x.png HTTP/1.1" 200 21869 "https://www.balneario-el-condor.com.ar/tablas-mareas-pleamar" "Mozilla/5.0 (Linux; Android 6.0; HUAWEI VNS-L23) AppleWebKit/537.36 (KHTML, like Gecko) Chrome/90.0.4430.210 Mobile Safari/537.36"
170.81.230.174 - - [15/May/2021:15:00:08 -0300] "GET /img/favicon.ico HTTP/1.1" 200 754 "https://www.balneario-el-condor.com.ar/tablas-mareas-pleamar" "Mozilla/5.0 (Linux; Android 6.0; HUAWEI VNS-L23) AppleWebKit/537.36 (KHTML, like Gecko) Chrome/90.0.4430.210 Mobile Safari/537.36"
157.90.181.152 - - [15/May/2021:15:00:18 -0300] "GET /clasificados/detalle/Alquil%C3%B3-casa--687451 HTTP/1.1" 200 7108 "-" "Mozilla/5.0 (compatible; BLEXBot/1.0; +http://webmeup-crawler.com/)"
157.90.181.152 - - [15/May/2021:15:00:30 -0300] "GET /clasificados/detalle/Alquiler-Temporario-Casa HTTP/1.1" 200 7084 "-" "Mozilla/5.0 (compatible; BLEXBot/1.0; +http://webmeup-crawler.com/)"
157.90.181.152 - - [15/May/2021:15:00:42 -0300] "GET /clasificados/detalle/Alquiler-Temporario-Departamento HTTP/1.1" 200 7109 "-" "Mozilla/5.0 (compatible; BLEXBot/1.0; +http://webmeup-crawler.com/)"
157.90.181.152 - - [15/May/2021:15:00:54 -0300] "GET /clasificados/detalle/Alquiler-Temporario-balneario-El-Condor-146992 HTTP/1.1" 200 7186 "-" "Mozilla/5.0 (compatible; BLEXBot/1.0; +http://webmeup-crawler.com/)"
170.78.75.240 - - [15/May/2021:15:00:59 -0300] "GET /mareas/json/clave/CarmenLuca19812012 HTTP/1.1" 301 - "-" "-"
170.78.75.240 - - [15/May/2021:15:00:59 -0300] "GET /mareas/json/clave/CarmenLuca19812012 HTTP/1.1" 200 531 "http://www.balneario-el-condor.com.ar/mareas/json/clave/CarmenLuca19812012" "-"
170.81.230.174 - - [15/May/2021:15:00:59 -0300] "GET /tablas-mareas-pleamar HTTP/1.1" 200 5366 "https://www.balneario-el-condor.com.ar/tablas-mareas-pleamar" "Mozilla/5.0 (Linux; Android 6.0; HUAWEI VNS-L23) AppleWebKit/537.36 (KHTML, like Gecko) Chrome/90.0.4430.210 Mobile Safari/537.36"
170.78.75.240 - - [15/May/2021:15:01:34 -0300] "GET /mareas/json/clave/CarmenLuca19812012 HTTP/1.1" 301 - "-" "-"
170.78.75.240 - - [15/May/2021:15:01:34 -0300] "GET /mareas/json/clave/CarmenLuca19812012 HTTP/1.1" 200 531 "http://www.balneario-el-condor.com.ar/mareas/json/clave/CarmenLuca19812012" "-"
170.81.230.174 - - [15/May/2021:15:01:34 -0300] "GET /tablas-mareas-pleamar HTTP/1.1" 200 5366 "-" "Mozilla/5.0 (Linux; Android 6.0; HUAWEI VNS-L23) AppleWebKit/537.36 (KHTML, like Gecko) Chrome/90.0.4430.210 Mobile Safari/537.36"
170.78.75.240 - - [15/May/2021:15:01:46 -0300] "GET /mareas/json/clave/CarmenLuca19812012 HTTP/1.1" 301 - "-" "-"
170.78.75.240 - - [15/May/2021:15:01:46 -0300] "GET /mareas/json/clave/CarmenLuca19812012 HTTP/1.1" 200 531 "http://www.balneario-el-condor.com.ar/mareas/json/clave/CarmenLuca19812012" "-"
66.249.66.217 - - [15/May/2021:15:01:46 -0300] "GET /tablas-mareas-pleamar HTTP/1.1" 200 5366 "-" "Mozilla/5.0 (Linux; Android 6.0.1; Nexus 5X Build/MMB29P) AppleWebKit/537.36 (KHTML, like Gecko) Chrome/90.0.4430.97 Mobile Safari/537.36 (compatible; Googlebot/2.1; +http://www.google.com/bot.html)"
54.36.149.58 - - [15/May/2021:15:03:06 -0300] "GET /hoteles-camping-cabanias/hosteria-carabana HTTP/1.1" 200 5237 "-" "Mozilla/5.0 (compatible; AhrefsBot/7.0; +http://ahrefs.com/robot/)"
170.78.75.240 - - [15/May/2021:15:03:24 -0300] "GET /mareas/json/clave/CarmenLuca19812012 HTTP/1.1" 301 - "-" "-"
170.78.75.240 - - [15/May/2021:15:03:24 -0300] "GET /mareas/json/clave/CarmenLuca19812012 HTTP/1.1" 200 531 "http://www.balneario-el-condor.com.ar/mareas/json/clave/CarmenLuca19812012" "-"
170.81.230.174 - - [15/May/2021:15:03:24 -0300] "GET /tablas-mareas-pleamar HTTP/1.1" 200 5366 "-" "Mozilla/5.0 (Linux; Android 6.0; HUAWEI VNS-L23) AppleWebKit/537.36 (KHTML, like Gecko) Chrome/90.0.4430.210 Mobile Safari/537.36"
66.249.66.198 - - [15/May/2021:15:03:39 -0300] "GET /ads.txt HTTP/1.1" 304 - "-" "Mozilla/5.0 (compatible; Googlebot/2.1; +http://www.google.com/bot.html)"
66.249.66.84 - - [15/May/2021:15:03:39 -0300] "GET /ads.txt HTTP/1.1" 304 - "-" "Mozilla/5.0 (compatible; Googlebot/2.1; +http://www.google.com/bot.html)"
157.90.181.152 - - [15/May/2021:15:08:35 -0300] "GET /robots.txt HTTP/1.1" 200 31 "-" "Mozilla/5.0 (compatible; BLEXBot/1.0; +http://webmeup-crawler.com/)"
157.90.181.152 - - [15/May/2021:15:08:36 -0300] "GET /clasificados/detalle/Alquiler-Temporario-balneario-El-Condor-603039 HTTP/1.1" 200 7001 "-" "Mozilla/5.0 (compatible; BLEXBot/1.0; +http://webmeup-crawler.com/)"
157.90.181.152 - - [15/May/2021:15:08:49 -0300] "GET /clasificados/detalle/Alquiler-Temporario-en-el-Balneario-El-Condor-521705 HTTP/1.1" 200 7632 "-" "Mozilla/5.0 (compatible; BLEXBot/1.0; +http://webmeup-crawler.com/)"
157.90.181.152 - - [15/May/2021:15:09:01 -0300] "GET /clasificados/detalle/Alquiler-de-Castillo-Inflable-196722 HTTP/1.1" 200 7109 "-" "Mozilla/5.0 (compatible; BLEXBot/1.0; +http://webmeup-crawler.com/)"
157.90.181.152 - - [15/May/2021:15:09:13 -0300] "GET /clasificados/detalle/Alquiler-duplex-dos-dormitorios-208973 HTTP/1.1" 200 7196 "-" "Mozilla/5.0 (compatible; BLEXBot/1.0; +http://webmeup-crawler.com/)"
157.90.181.152 - - [15/May/2021:15:09:26 -0300] "GET /clasificados/detalle/Alquiler-en-el-Balneario-El-Condor HTTP/1.1" 200 7163 "-" "Mozilla/5.0 (compatible; BLEXBot/1.0; +http://webmeup-crawler.com/)"
157.90.181.152 - - [15/May/2021:15:09:38 -0300] "GET /clasificados/detalle/Alquiler-para-6-personas-totalmente-equipada HTTP/1.1" 200 7317 "-" "Mozilla/5.0 (compatible; BLEXBot/1.0; +http://webmeup-crawler.com/)"
157.90.181.152 - - [15/May/2021:15:09:52 -0300] "GET /clasificados/detalle/Alquiler-temporario-245754 HTTP/1.1" 200 7273 "-" "Mozilla/5.0 (compatible; BLEXBot/1.0; +http://webmeup-crawler.com/)"
157.90.181.152 - - [15/May/2021:15:10:05 -0300] "GET /clasificados/detalle/Alquilo-Casa-en-el-Condor-640544 HTTP/1.1" 200 7160 "-" "Mozilla/5.0 (compatible; BLEXBot/1.0; +http://webmeup-crawler.com/)"
157.90.181.152 - - [15/May/2021:15:10:20 -0300] "GET /clasificados/detalle/Alquilo-departamento-473567 HTTP/1.1" 200 7383 "-" "Mozilla/5.0 (compatible; BLEXBot/1.0; +http://webmeup-crawler.com/)"
157.90.181.152 - - [15/May/2021:15:10:31 -0300] "GET /clasificados/detalle/Busco-alquiler-permanente-en-El-C%C3%B2ndor-495709 HTTP/1.1" 200 7098 "-" "Mozilla/5.0 (compatible; BLEXBot/1.0; +http://webmeup-crawler.com/)"
157.90.181.152 - - [15/May/2021:15:10:44 -0300] "GET /clasificados/detalle/CASA-GRANDE-CON-PILETA--465225 HTTP/1.1" 200 7488 "-" "Mozilla/5.0 (compatible; BLEXBot/1.0; +http://webmeup-crawler.com/)"
157.90.181.152 - - [15/May/2021:15:10:57 -0300] "GET /clasificados/detalle/VENDO-436284 HTTP/1.1" 200 7138 "-" "Mozilla/5.0 (compatible; BLEXBot/1.0; +http://webmeup-crawler.com/)"
157.90.181.152 - - [15/May/2021:15:11:10 -0300] "GET /clasificados/detalle/VENTA-DE-CASA-MONO-AMBIENTE-CON-GARAGE-Y-AMPLIO-PATIO-231021 HTTP/1.1" 200 7260 "-" "Mozilla/5.0 (compatible; BLEXBot/1.0; +http://webmeup-crawler.com/)"
157.90.181.152 - - [15/May/2021:15:11:23 -0300] "GET /clasificados/detalle/VENTA-DE-CASA-MONO-AMBIENTE-CON-GARAGE-Y-AMPLIO-PATIO-549102 HTTP/1.1" 200 7194 "-" "Mozilla/5.0 (compatible; BLEXBot/1.0; +http://webmeup-crawler.com/)"
157.90.181.152 - - [15/May/2021:15:11:35 -0300] "GET /clasificados/detalle/VENTA-DE-CASA-MONO-AMBIENTE-CON-GARAGE-Y-AMPLIO-PATIO-803248 HTTP/1.1" 200 7262 "-" "Mozilla/5.0 (compatible; BLEXBot/1.0; +http://webmeup-crawler.com/)"
157.90.181.152 - - [15/May/2021:15:11:47 -0300] "GET /clasificados/detalle/YAMAHA-VIKING-6-700-4X4-686637 HTTP/1.1" 200 7211 "-" "Mozilla/5.0 (compatible; BLEXBot/1.0; +http://webmeup-crawler.com/)"
157.90.181.152 - - [15/May/2021:15:12:00 -0300] "GET /clasificados/detalle/alquiler-amplio-duplex--febrero-y-marzo-131793 HTTP/1.1" 200 7094 "-" "Mozilla/5.0 (compatible; BLEXBot/1.0; +http://webmeup-crawler.com/)"
157.90.181.152 - - [15/May/2021:15:12:14 -0300] "GET /clasificados/detalle/alquiler-amplio-duplex--febrero-y-marzo-747596 HTTP/1.1" 200 7088 "-" "Mozilla/5.0 (compatible; BLEXBot/1.0; +http://webmeup-crawler.com/)"
157.90.181.152 - - [15/May/2021:15:12:26 -0300] "GET /clasificados/detalle/casa-6-calle-59-20-bis HTTP/1.1" 200 7167 "-" "Mozilla/5.0 (compatible; BLEXBot/1.0; +http://webmeup-crawler.com/)"
34.220.90.254 - - [15/May/2021:15:12:38 -0300] "GET / HTTP/1.1" 301 - "-" "Mozilla/5.0 (X11; Linux x86_64) AppleWebKit/537.36 (KHTML, like Gecko) Chrome/83.0.4103.97 Safari/537.36"
34.220.90.254 - - [15/May/2021:15:12:43 -0300] "GET / HTTP/1.1" 301 - "-" "Mozilla/5.0 (X11; Linux x86_64) AppleWebKit/537.36 (KHTML, like Gecko) Chrome/83.0.4103.97 Safari/537.36"
157.90.181.152 - - [15/May/2021:15:12:55 -0300] "GET /clasificados/detalle/casa-9-10-personas HTTP/1.1" 200 7172 "-" "Mozilla/5.0 (compatible; BLEXBot/1.0; +http://webmeup-crawler.com/)"
157.90.181.152 - - [15/May/2021:15:13:14 -0300] "GET /clasificados/detalle/casa-para-4-personas-1150 HTTP/1.1" 200 7109 "-" "Mozilla/5.0 (compatible; BLEXBot/1.0; +http://webmeup-crawler.com/)"
185.191.171.15 - - [15/May/2021:15:13:44 -0300] "GET /robots.txt HTTP/1.1" 200 31 "-" "Mozilla/5.0 (compatible; SemrushBot/7~bl; +http://www.semrush.com/bot.html)"
185.191.171.9 - - [15/May/2021:15:13:46 -0300] "GET /imagen/index/autor/google.com/google.com/google.com/google.com/google.com/google.com/google.com/google.com/google.com/google.com/google.com/google.com/google.com/google.com/google.com/google.com/google.com/google.com/google.com/google.com/google.com/google.com/google.com/google.com/google.com/google.com/google.com/google.com/google.com/google.com/google.com/google.com/google.com/google.com/google.com/google.com/google.com/google.com/google.com/google.com/google.com/google.com/google.com/google.com/google.com/google.com/google.com/google.com/+Balneario-el-condorAr HTTP/1.1" 200 5838 "-" "Mozilla/5.0 (compatible; SemrushBot/7~bl; +http://www.semrush.com/bot.html)"
157.90.181.152 - - [15/May/2021:15:13:50 -0300] "GET /clasificados/detalle/casa-para-6-7-personas-1156 HTTP/1.1" 200 7146 "-" "Mozilla/5.0 (compatible; BLEXBot/1.0; +http://webmeup-crawler.com/)"
157.90.181.152 - - [15/May/2021:15:14:08 -0300] "GET /clasificados/detalle/casa-para-7-8-personas-1150 HTTP/1.1" 200 7098 "-" "Mozilla/5.0 (compatible; BLEXBot/1.0; +http://webmeup-crawler.com/)"
157.90.181.152 - - [15/May/2021:15:14:26 -0300] "GET /clasificados/detalle/departamentos-794274 HTTP/1.1" 200 7045 "-" "Mozilla/5.0 (compatible; BLEXBot/1.0; +http://webmeup-crawler.com/)"
157.90.181.152 - - [15/May/2021:15:14:40 -0300] "GET /clasificados/detalle/depto-para-4-casa-calle-6-687 HTTP/1.1" 200 7302 "-" "Mozilla/5.0 (compatible; BLEXBot/1.0; +http://webmeup-crawler.com/)"
157.90.181.152 - - [15/May/2021:15:14:53 -0300] "GET /clasificados/detalle/deto-dunas-norte-20151204 HTTP/1.1" 200 7300 "-" "Mozilla/5.0 (compatible; BLEXBot/1.0; +http://webmeup-crawler.com/)"
157.90.181.152 - - [15/May/2021:15:15:08 -0300] "GET /clasificados/detalle/google.com/+Balneario-el-condorAr HTTP/1.1" 200 499 "-" "Mozilla/5.0 (compatible; BLEXBot/1.0; +http://webmeup-crawler.com/)"
157.90.181.152 - - [15/May/2021:15:15:20 -0300] "GET /clasificados/detalle/la-Caracola HTTP/1.1" 200 7066 "-" "Mozilla/5.0 (compatible; BLEXBot/1.0; +http://webmeup-crawler.com/)"
157.90.181.152 - - [15/May/2021:15:15:32 -0300] "GET /clasificados/detalle/vendo-casa-en-el-condor-690937 HTTP/1.1" 200 7133 "-" "Mozilla/5.0 (compatible; BLEXBot/1.0; +http://webmeup-crawler.com/)"
157.90.181.152 - - [15/May/2021:15:15:44 -0300] "GET /clasificados/detalle/venta-electronomesticos-chcos-para-cocina-404847 HTTP/1.1" 200 7068 "-" "Mozilla/5.0 (compatible; BLEXBot/1.0; +http://webmeup-crawler.com/)"
157.90.181.152 - - [15/May/2021:15:15:58 -0300] "GET /club-de-amigos/Titulo-I HTTP/1.1" 200 5817 "-" "Mozilla/5.0 (compatible; BLEXBot/1.0; +http://webmeup-crawler.com/)"
157.90.181.152 - - [15/May/2021:15:16:13 -0300] "GET /club-de-amigos/aniversario-club-amigos-balneario-el-condor-201401 HTTP/1.1" 200 5876 "-" "Mozilla/5.0 (compatible; BLEXBot/1.0; +http://webmeup-crawler.com/)"
157.90.181.152 - - [15/May/2021:15:16:25 -0300] "GET /club-de-amigos/dia-del-amigo-en-el-balneario-el-condor HTTP/1.1" 200 6573 "-" "Mozilla/5.0 (compatible; BLEXBot/1.0; +http://webmeup-crawler.com/)"
157.90.181.152 - - [15/May/2021:15:16:37 -0300] "GET /club-de-amigos/dia-del-nino-en-el-balneario-el-condor HTTP/1.1" 200 5766 "-" "Mozilla/5.0 (compatible; BLEXBot/1.0; +http://webmeup-crawler.com/)"
157.90.181.152 - - [15/May/2021:15:16:50 -0300] "GET /club-de-amigos/el-tejo-federado-llega-al-balneario-el-condor HTTP/1.1" 200 6714 "-" "Mozilla/5.0 (compatible; BLEXBot/1.0; +http://webmeup-crawler.com/)"
157.90.181.152 - - [15/May/2021:15:17:04 -0300] "GET /club-de-amigos/empiezan-a-vivirse-las-colonias-de-vacaciones HTTP/1.1" 200 6044 "-" "Mozilla/5.0 (compatible; BLEXBot/1.0; +http://webmeup-crawler.com/)"
157.90.181.152 - - [15/May/2021:15:17:16 -0300] "GET /club-de-amigos/encuentro-de-las-artes-balneario-el-condor HTTP/1.1" 200 5943 "-" "Mozilla/5.0 (compatible; BLEXBot/1.0; +http://webmeup-crawler.com/)"
157.90.181.152 - - [15/May/2021:15:17:27 -0300] "GET /club-de-amigos/festejos-por-el-dia-del-nino HTTP/1.1" 200 5804 "-" "Mozilla/5.0 (compatible; BLEXBot/1.0; +http://webmeup-crawler.com/)"
157.90.181.152 - - [15/May/2021:15:17:38 -0300] "GET /club-de-amigos/fiesta-de-la-primavera-en-el-balneario-el-condor. HTTP/1.1" 200 5733 "-" "Mozilla/5.0 (compatible; BLEXBot/1.0; +http://webmeup-crawler.com/)"
157.90.181.152 - - [15/May/2021:15:17:51 -0300] "GET /club-de-amigos/magico-micro-circo-en-balneario-el-condor HTTP/1.1" 200 8446 "-" "Mozilla/5.0 (compatible; BLEXBot/1.0; +http://webmeup-crawler.com/)"
157.90.181.152 - - [15/May/2021:15:18:05 -0300] "GET /club-de-amigos/participacion-en-el-nacional-de-tejo HTTP/1.1" 200 6129 "-" "Mozilla/5.0 (compatible; BLEXBot/1.0; +http://webmeup-crawler.com/)"
157.90.181.152 - - [15/May/2021:15:18:16 -0300] "GET /club-de-amigos/premios-del-carmen-club-de-amigos HTTP/1.1" 200 5728 "-" "Mozilla/5.0 (compatible; BLEXBot/1.0; +http://webmeup-crawler.com/)"
176.106.242.148 - - [15/May/2021:15:18:20 -0300] "GET / HTTP/1.1" 200 9441 "https://www.balneario-el-condor.com.ar/" "Mozilla/5.0 (Windows NT 10.0; Win64; x64) AppleWebKit/537.36 (KHTML, like Gecko) Chrome/65.0.3315.3 Safari/537.36"
157.90.181.152 - - [15/May/2021:15:18:28 -0300] "GET /club-de-amigos/propuesta-temporara-verano-2013 HTTP/1.1" 200 5708 "-" "Mozilla/5.0 (compatible; BLEXBot/1.0; +http://webmeup-crawler.com/)"
157.90.181.152 - - [15/May/2021:15:18:41 -0300] "GET /robots.txt HTTP/1.1" 304 - "-" "Mozilla/5.0 (compatible; BLEXBot/1.0; +http://webmeup-crawler.com/)"
157.90.181.152 - - [15/May/2021:15:18:42 -0300] "GET /imagen/autor/google.com/+Balneario-el-condorAr HTTP/1.1" 200 413 "-" "Mozilla/5.0 (compatible; BLEXBot/1.0; +http://webmeup-crawler.com/)"
66.249.66.198 - - [15/May/2021:15:18:42 -0300] "GET /robots.txt HTTP/1.1" 200 31 "-" "Mozilla/5.0 (compatible; Googlebot/2.1; +http://www.google.com/bot.html)"
66.249.66.198 - - [15/May/2021:15:18:42 -0300] "GET /ads.txt HTTP/1.1" 304 - "-" "Mozilla/5.0 (compatible; Googlebot/2.1; +http://www.google.com/bot.html)"
66.249.66.84 - - [15/May/2021:15:18:43 -0300] "GET /ads.txt HTTP/1.1" 304 - "-" "Mozilla/5.0 (compatible; Googlebot/2.1; +http://www.google.com/bot.html)"
157.90.181.152 - - [15/May/2021:15:18:53 -0300] "GET /noticias-y-actividades/alerta-metereologico-el-condor-2019-12-02 HTTP/1.1" 200 6678 "-" "Mozilla/5.0 (compatible; BLEXBot/1.0; +http://webmeup-crawler.com/)"
157.90.181.152 - - [15/May/2021:15:19:06 -0300] "GET /noticias-y-actividades/app-eclipse-2020 HTTP/1.1" 200 7711 "-" "Mozilla/5.0 (compatible; BLEXBot/1.0; +http://webmeup-crawler.com/)"
157.90.181.152 - - [15/May/2021:15:19:18 -0300] "GET /noticias-y-actividades/avances-surtidos-movil-en-el-condor-20190106 HTTP/1.1" 200 7092 "-" "Mozilla/5.0 (compatible; BLEXBot/1.0; +http://webmeup-crawler.com/)"
157.90.181.152 - - [15/May/2021:15:19:31 -0300] "GET /noticias-y-actividades/fiesta-de-la-primavera-20190911-JUNTA-VECINAL HTTP/1.1" 200 6244 "-" "Mozilla/5.0 (compatible; BLEXBot/1.0; +http://webmeup-crawler.com/)"
157.90.181.152 - - [15/May/2021:15:20:07 -0300] "GET /noticias-y-actividades/fiesta-del-mar-y-el-acampante-2019-2020 HTTP/1.1" 200 7117 "-" "Mozilla/5.0 (compatible; BLEXBot/1.0; +http://webmeup-crawler.com/)"
157.90.181.152 - - [15/May/2021:15:20:19 -0300] "GET /noticias-y-actividades/futbol-de-playa-20191214 HTTP/1.1" 200 7082 "-" "Mozilla/5.0 (compatible; BLEXBot/1.0; +http://webmeup-crawler.com/)"
157.90.181.152 - - [15/May/2021:15:20:33 -0300] "GET /noticias-y-actividades/gestiones-municipio-20190923 HTTP/1.1" 200 6820 "-" "Mozilla/5.0 (compatible; BLEXBot/1.0; +http://webmeup-crawler.com/)"
157.90.181.152 - - [15/May/2021:15:20:47 -0300] "GET /noticias-y-actividades/inaguracion-temporada-2019-2020 HTTP/1.1" 200 7082 "-" "Mozilla/5.0 (compatible; BLEXBot/1.0; +http://webmeup-crawler.com/)"
157.90.181.152 - - [15/May/2021:15:21:02 -0300] "GET /noticias-y-actividades/proyecto-mochileros-astronomicos-20191128 HTTP/1.1" 200 7073 "-" "Mozilla/5.0 (compatible; BLEXBot/1.0; +http://webmeup-crawler.com/)"
157.90.181.152 - - [15/May/2021:15:21:17 -0300] "GET /noticias-y-actividades/trabajos-sobre-ruta-n1-20191125 HTTP/1.1" 200 7704 "-" "Mozilla/5.0 (compatible; BLEXBot/1.0; +http://webmeup-crawler.com/)"
157.90.181.152 - - [15/May/2021:15:21:30 -0300] "GET /noticias-y-actividades/vuelta-colectivo-al-condor-20191213 HTTP/1.1" 200 7296 "-" "Mozilla/5.0 (compatible; BLEXBot/1.0; +http://webmeup-crawler.com/)"
157.90.181.152 - - [15/May/2021:15:21:43 -0300] "GET /servicios/detalle/id/ HTTP/1.1" 200 5914 "-" "Mozilla/5.0 (compatible; BLEXBot/1.0; +http://webmeup-crawler.com/)"
157.90.181.152 - - [15/May/2021:15:21:55 -0300] "GET /servicios/detalle/id/Alba%C3%B1il HTTP/1.1" 200 5905 "-" "Mozilla/5.0 (compatible; BLEXBot/1.0; +http://webmeup-crawler.com/)"
207.46.13.98 - - [15/May/2021:15:21:56 -0300] "GET /imagen/autor/AndresPhilipps HTTP/1.1" 200 6352 "-" "Mozilla/5.0 (compatible; bingbot/2.0; +http://www.bing.com/bingbot.htm)"
157.90.181.152 - - [15/May/2021:15:22:07 -0300] "GET /servicios/detalle/id/CLASES-DE-KITESURF HTTP/1.1" 200 5973 "-" "Mozilla/5.0 (compatible; BLEXBot/1.0; +http://webmeup-crawler.com/)"
157.55.39.45 - - [15/May/2021:15:22:08 -0300] "GET /css/animation.css HTTP/1.1" 200 710 "-" "Mozilla/5.0 (compatible; bingbot/2.0; +http://www.bing.com/bingbot.htm)"
207.46.13.98 - - [15/May/2021:15:22:13 -0300] "GET /timthumb/timthumb.php?src=https://static.balneario-el-condor.com.ar/css/images/repositorio/thumb__MG_5624.jpg&h=170&w=270&zc=1 HTTP/1.1" 200 11883 "-" "Mozilla/5.0 (compatible; bingbot/2.0; +http://www.bing.com/bingbot.htm)"
157.90.181.152 - - [15/May/2021:15:22:24 -0300] "GET /servicios/detalle/id/Cahuin HTTP/1.1" 200 5864 "-" "Mozilla/5.0 (compatible; BLEXBot/1.0; +http://webmeup-crawler.com/)"
157.90.181.152 - - [15/May/2021:15:22:37 -0300] "GET /servicios/detalle/id/Direc-tv. HTTP/1.1" 200 5895 "-" "Mozilla/5.0 (compatible; BLEXBot/1.0; +http://webmeup-crawler.com/)"
207.46.13.5 - - [15/May/2021:15:22:43 -0300] "GET /min/?f=/css/responsive.css HTTP/1.1" 200 5637 "-" "Mozilla/5.0 (compatible; bingbot/2.0; +http://www.bing.com/bingbot.htm)"
157.90.181.152 - - [15/May/2021:15:22:53 -0300] "GET /servicios/detalle/id/ESCUELA-DE-KITE HTTP/1.1" 200 5959 "-" "Mozilla/5.0 (compatible; BLEXBot/1.0; +http://webmeup-crawler.com/)"
157.90.181.152 - - [15/May/2021:15:23:08 -0300] "GET /servicios/detalle/id/EUTONIA HTTP/1.1" 200 5938 "-" "Mozilla/5.0 (compatible; BLEXBot/1.0; +http://webmeup-crawler.com/)"
207.46.13.11 - - [15/May/2021:15:23:13 -0300] "GET /js/jquery.isotope.js HTTP/1.1" 200 10827 "-" "Mozilla/5.0 (compatible; bingbot/2.0; +http://www.bing.com/bingbot.htm)"
157.90.181.152 - - [15/May/2021:15:23:21 -0300] "GET /servicios/detalle/id/El-Condor-Net HTTP/1.1" 200 6342 "-" "Mozilla/5.0 (compatible; BLEXBot/1.0; +http://webmeup-crawler.com/)"
157.90.181.152 - - [15/May/2021:15:23:33 -0300] "GET /servicios/detalle/id/Electricidad-domiciliaria HTTP/1.1" 200 5925 "-" "Mozilla/5.0 (compatible; BLEXBot/1.0; +http://webmeup-crawler.com/)"
157.55.39.2 - - [15/May/2021:15:23:43 -0300] "GET /jackbox/css/jackbox_hovers.css HTTP/1.1" 200 1492 "-" "Mozilla/5.0 (compatible; bingbot/2.0; +http://www.bing.com/bingbot.htm)"
157.90.181.152 - - [15/May/2021:15:23:46 -0300] "GET /servicios/detalle/id/Hamburguesas---Panchos---Super-panchos---Snacks---Picadas-para-armar---Choripanes- HTTP/1.1" 200 6305 "-" "Mozilla/5.0 (compatible; BLEXBot/1.0; +http://webmeup-crawler.com/)"
157.90.181.152 - - [15/May/2021:15:24:02 -0300] "GET /servicios/detalle/id/Impresiones-disenio-grafico-integral-fotografia-profesional HTTP/1.1" 200 6029 "-" "Mozilla/5.0 (compatible; BLEXBot/1.0; +http://webmeup-crawler.com/)"
157.90.181.152 - - [15/May/2021:15:24:14 -0300] "GET /servicios/detalle/id/Instalaciones-electricas HTTP/1.1" 200 5905 "-" "Mozilla/5.0 (compatible; BLEXBot/1.0; +http://webmeup-crawler.com/)"
157.90.181.152 - - [15/May/2021:15:24:27 -0300] "GET /servicios/detalle/id/Pedicuria,-manicuria-y-depilacion HTTP/1.1" 200 5928 "-" "Mozilla/5.0 (compatible; BLEXBot/1.0; +http://webmeup-crawler.com/)"
157.90.181.152 - - [15/May/2021:15:24:39 -0300] "GET /servicios/detalle/id/SERVICIO-TECNICO-DE-PC HTTP/1.1" 200 6041 "-" "Mozilla/5.0 (compatible; BLEXBot/1.0; +http://webmeup-crawler.com/)"
157.90.181.152 - - [15/May/2021:15:24:52 -0300] "GET /servicios/detalle/id/Sistema-de-Riego-por-Aspersion- HTTP/1.1" 200 5946 "-" "Mozilla/5.0 (compatible; BLEXBot/1.0; +http://webmeup-crawler.com/)"
157.90.181.152 - - [15/May/2021:15:25:04 -0300] "GET /servicios/detalle/id/Soldador-especializado- HTTP/1.1" 200 5910 "-" "Mozilla/5.0 (compatible; BLEXBot/1.0; +http://webmeup-crawler.com/)"
157.90.181.152 - - [15/May/2021:15:25:17 -0300] "GET /servicios/detalle/id/Turismo-Nautico-y--Pesca-Embarcada HTTP/1.1" 200 6049 "-" "Mozilla/5.0 (compatible; BLEXBot/1.0; +http://webmeup-crawler.com/)"
157.90.181.152 - - [15/May/2021:15:25:57 -0300] "GET /servicios/detalle/id/Vivero-Garden-Life HTTP/1.1" 200 5933 "-" "Mozilla/5.0 (compatible; BLEXBot/1.0; +http://webmeup-crawler.com/)"
157.90.181.152 - - [15/May/2021:15:26:11 -0300] "GET /servicios/detalle/id/Yoga,-Pilates HTTP/1.1" 200 5893 "-" "Mozilla/5.0 (compatible; BLEXBot/1.0; +http://webmeup-crawler.com/)"
157.90.181.152 - - [15/May/2021:15:26:26 -0300] "GET /servicios/detalle/id/aromas-del-condor%21%21%21%21 HTTP/1.1" 200 5953 "-" "Mozilla/5.0 (compatible; BLEXBot/1.0; +http://webmeup-crawler.com/)"
157.90.181.152 - - [15/May/2021:15:26:39 -0300] "GET /servicios/detalle/id/artesanias-en-porcelana-fria HTTP/1.1" 200 5986 "-" "Mozilla/5.0 (compatible; BLEXBot/1.0; +http://webmeup-crawler.com/)"
157.90.181.152 - - [15/May/2021:15:26:52 -0300] "GET /servicios/detalle/id/artesanias-y-cotillon. HTTP/1.1" 200 6161 "-" "Mozilla/5.0 (compatible; BLEXBot/1.0; +http://webmeup-crawler.com/)"
157.90.181.152 - - [15/May/2021:15:27:06 -0300] "GET /servicios/detalle/id/clases-particulares HTTP/1.1" 200 5911 "-" "Mozilla/5.0 (compatible; BLEXBot/1.0; +http://webmeup-crawler.com/)"
157.90.181.152 - - [15/May/2021:15:27:19 -0300] "GET /servicios/detalle/id/cosmeticos-candela HTTP/1.1" 200 5926 "-" "Mozilla/5.0 (compatible; BLEXBot/1.0; +http://webmeup-crawler.com/)"
157.90.181.152 - - [15/May/2021:15:27:32 -0300] "GET /servicios/detalle/id/google.com/+Balneario-el-condorAr HTTP/1.1" 200 5902 "-" "Mozilla/5.0 (compatible; BLEXBot/1.0; +http://webmeup-crawler.com/)"
157.90.181.152 - - [15/May/2021:15:27:44 -0300] "GET /tablas-mareas-pleamar/playa/google.com/+Balneario-el-condorAr HTTP/1.1" 200 363 "-" "Mozilla/5.0 (compatible; BLEXBot/1.0; +http://webmeup-crawler.com/)"
157.90.181.152 - - [15/May/2021:15:27:55 -0300] "GET /noticias-y-actividades/%22http:/www.totalidad.com.ar/%22 HTTP/1.1" 200 364 "-" "Mozilla/5.0 (compatible; BLEXBot/1.0; +http://webmeup-crawler.com/)"
157.90.181.152 - - [15/May/2021:15:28:07 -0300] "GET /noticias-y-actividades/bajar-transitar-vehiculos-en-playa HTTP/1.1" 200 8637 "-" "Mozilla/5.0 (compatible; BLEXBot/1.0; +http://webmeup-crawler.com/)"
157.90.181.152 - - [15/May/2021:15:28:20 -0300] "GET /noticias-y-actividades/primavera-aire-ecologico-el-condor-20190921 HTTP/1.1" 200 7334 "-" "Mozilla/5.0 (compatible; BLEXBot/1.0; +http://webmeup-crawler.com/)"
40.77.167.47 - - [15/May/2021:15:29:42 -0300] "GET /restaurantes-y-confiterias/Restaurante-Trentinos HTTP/1.1" 301 - "-" "Mozilla/5.0 (compatible; bingbot/2.0; +http://www.bing.com/bingbot.htm)"
40.77.167.47 - - [15/May/2021:15:30:13 -0300] "GET /css/sorting.css HTTP/1.1" 200 918 "-" "Mozilla/5.0 (compatible; bingbot/2.0; +http://www.bing.com/bingbot.htm)"
40.77.167.47 - - [15/May/2021:15:30:42 -0300] "GET /timthumb/timthumb.php?src=https://static.balneario-el-condor.com.ar/css/images/repositorio/thumb__MG_5594.jpg&h=170&w=270&zc=1 HTTP/1.1" 200 13871 "-" "Mozilla/5.0 (compatible; bingbot/2.0; +http://www.bing.com/bingbot.htm)"
207.46.13.98 - - [15/May/2021:15:31:16 -0300] "GET /noticias-y-actividades/segundo-encuentro-viedma-patagones-20150128 HTTP/1.1" 301 - "-" "Mozilla/5.0 (compatible; bingbot/2.0; +http://www.bing.com/bingbot.htm)"
186.143.166.245 - - [15/May/2021:15:32:41 -0300] "GET /horario-colectivo HTTP/1.1" 200 5298 "https://www.google.com/" "Mozilla/5.0 (iPhone; CPU iPhone OS 14_4 like Mac OS X) AppleWebKit/605.1.15 (KHTML, like Gecko) GSA/159.1.372414826 Mobile/15E148 Safari/604.1"
186.143.166.245 - - [15/May/2021:15:32:41 -0300] "GET /min/?f=/css/bootstrap.css HTTP/1.1" 200 18172 "https://www.balneario-el-condor.com.ar/horario-colectivo" "Mozilla/5.0 (iPhone; CPU iPhone OS 14_4 like Mac OS X) AppleWebKit/605.1.15 (KHTML, like Gecko) GSA/159.1.372414826 Mobile/15E148 Safari/604.1"
186.143.166.245 - - [15/May/2021:15:32:41 -0300] "GET /css/bxslider.css HTTP/1.1" 200 2107 "https://www.balneario-el-condor.com.ar/horario-colectivo" "Mozilla/5.0 (iPhone; CPU iPhone OS 14_4 like Mac OS X) AppleWebKit/605.1.15 (KHTML, like Gecko) GSA/159.1.372414826 Mobile/15E148 Safari/604.1"
186.143.166.245 - - [15/May/2021:15:32:41 -0300] "GET /min/?f=/css/responsive.css HTTP/1.1" 200 5637 "https://www.balneario-el-condor.com.ar/horario-colectivo" "Mozilla/5.0 (iPhone; CPU iPhone OS 14_4 like Mac OS X) AppleWebKit/605.1.15 (KHTML, like Gecko) GSA/159.1.372414826 Mobile/15E148 Safari/604.1"
186.143.163.98 - - [15/May/2021:15:32:41 -0300] "GET /min/?f=/css/MyMedia.css HTTP/1.1" 200 4970 "https://www.balneario-el-condor.com.ar/horario-colectivo" "Mozilla/5.0 (iPhone; CPU iPhone OS 14_4 like Mac OS X) AppleWebKit/605.1.15 (KHTML, like Gecko) GSA/159.1.372414826 Mobile/15E148 Safari/604.1"
186.143.166.245 - - [15/May/2021:15:32:41 -0300] "GET /min/?f=/css/bootstrap-tabs.css HTTP/1.1" 200 1476 "https://www.balneario-el-condor.com.ar/horario-colectivo" "Mozilla/5.0 (iPhone; CPU iPhone OS 14_4 like Mac OS X) AppleWebKit/605.1.15 (KHTML, like Gecko) GSA/159.1.372414826 Mobile/15E148 Safari/604.1"
186.143.166.245 - - [15/May/2021:15:32:41 -0300] "GET /min/?f=/css/eislideshow.css HTTP/1.1" 200 1064 "https://www.balneario-el-condor.com.ar/horario-colectivo" "Mozilla/5.0 (iPhone; CPU iPhone OS 14_4 like Mac OS X) AppleWebKit/605.1.15 (KHTML, like Gecko) GSA/159.1.372414826 Mobile/15E148 Safari/604.1"
186.143.166.245 - - [15/May/2021:15:32:42 -0300] "GET /js/script.js HTTP/1.1" 200 9044 "https://www.balneario-el-condor.com.ar/horario-colectivo" "Mozilla/5.0 (iPhone; CPU iPhone OS 14_4 like Mac OS X) AppleWebKit/605.1.15 (KHTML, like Gecko) GSA/159.1.372414826 Mobile/15E148 Safari/604.1"
186.143.163.98 - - [15/May/2021:15:32:42 -0300] "GET /js/retina.js HTTP/1.1" 200 1743 "https://www.balneario-el-condor.com.ar/horario-colectivo" "Mozilla/5.0 (iPhone; CPU iPhone OS 14_4 like Mac OS X) AppleWebKit/605.1.15 (KHTML, like Gecko) GSA/159.1.372414826 Mobile/15E148 Safari/604.1"
186.143.166.245 - - [15/May/2021:15:32:42 -0300] "GET /js/bootstrap.js HTTP/1.1" 200 11205 "https://www.balneario-el-condor.com.ar/horario-colectivo" "Mozilla/5.0 (iPhone; CPU iPhone OS 14_4 like Mac OS X) AppleWebKit/605.1.15 (KHTML, like Gecko) GSA/159.1.372414826 Mobile/15E148 Safari/604.1"
186.143.166.245 - - [15/May/2021:15:32:42 -0300] "GET /min/?f=/css/style.css&v=1 HTTP/1.1" 200 29057 "https://www.balneario-el-condor.com.ar/horario-colectivo" "Mozilla/5.0 (iPhone; CPU iPhone OS 14_4 like Mac OS X) AppleWebKit/605.1.15 (KHTML, like Gecko) GSA/159.1.372414826 Mobile/15E148 Safari/604.1"
186.143.163.98 - - [15/May/2021:15:32:42 -0300] "GET /js/jquery.eislideshow.js HTTP/1.1" 200 3135 "https://www.balneario-el-condor.com.ar/horario-colectivo" "Mozilla/5.0 (iPhone; CPU iPhone OS 14_4 like Mac OS X) AppleWebKit/605.1.15 (KHTML, like Gecko) GSA/159.1.372414826 Mobile/15E148 Safari/604.1"
186.143.166.245 - - [15/May/2021:15:32:42 -0300] "GET /img/logo.png HTTP/1.1" 200 21869 "https://www.balneario-el-condor.com.ar/horario-colectivo" "Mozilla/5.0 (iPhone; CPU iPhone OS 14_4 like Mac OS X) AppleWebKit/605.1.15 (KHTML, like Gecko) GSA/159.1.372414826 Mobile/15E148 Safari/604.1"
186.143.166.245 - - [15/May/2021:15:32:42 -0300] "GET /js/jquery.bxslider.js HTTP/1.1" 200 11694 "https://www.balneario-el-condor.com.ar/horario-colectivo" "Mozilla/5.0 (iPhone; CPU iPhone OS 14_4 like Mac OS X) AppleWebKit/605.1.15 (KHTML, like Gecko) GSA/159.1.372414826 Mobile/15E148 Safari/604.1"
186.143.166.245 - - [15/May/2021:15:32:42 -0300] "GET /css/colors-style.css HTTP/1.1" 200 686 "https://www.balneario-el-condor.com.ar/horario-colectivo" "Mozilla/5.0 (iPhone; CPU iPhone OS 14_4 like Mac OS X) AppleWebKit/605.1.15 (KHTML, like Gecko) GSA/159.1.372414826 Mobile/15E148 Safari/604.1"
186.143.166.245 - - [15/May/2021:15:32:42 -0300] "GET /css/jquery.fancybox-1.3.4.css HTTP/1.1" 200 1846 "https://www.balneario-el-condor.com.ar/horario-colectivo" "Mozilla/5.0 (iPhone; CPU iPhone OS 14_4 like Mac OS X) AppleWebKit/605.1.15 (KHTML, like Gecko) GSA/159.1.372414826 Mobile/15E148 Safari/604.1"
186.143.163.98 - - [15/May/2021:15:32:42 -0300] "GET /css/owl.carousel.css HTTP/1.1" 200 528 "https://www.balneario-el-condor.com.ar/horario-colectivo" "Mozilla/5.0 (iPhone; CPU iPhone OS 14_4 like Mac OS X) AppleWebKit/605.1.15 (KHTML, like Gecko) GSA/159.1.372414826 Mobile/15E148 Safari/604.1"
186.143.166.245 - - [15/May/2021:15:32:42 -0300] "GET /css/font-awesome.css HTTP/1.1" 200 4282 "https://www.balneario-el-condor.com.ar/horario-colectivo" "Mozilla/5.0 (iPhone; CPU iPhone OS 14_4 like Mac OS X) AppleWebKit/605.1.15 (KHTML, like Gecko) GSA/159.1.372414826 Mobile/15E148 Safari/604.1"
186.143.166.245 - - [15/May/2021:15:32:42 -0300] "GET /min?f=/js/superfish.js,/js/jquery.mobilemenu.js,/js/jquery.easing.1.3.js,/js/jquery.cookie.js,/js/jquery.tipsy.js HTTP/1.1" 301 361 "https://www.balneario-el-condor.com.ar/horario-colectivo" "Mozilla/5.0 (iPhone; CPU iPhone OS 14_4 like Mac OS X) AppleWebKit/605.1.15 (KHTML, like Gecko) GSA/159.1.372414826 Mobile/15E148 Safari/604.1"
186.143.166.245 - - [15/May/2021:15:32:43 -0300] "GET /min/?f=/js/superfish.js,/js/jquery.mobilemenu.js,/js/jquery.easing.1.3.js,/js/jquery.cookie.js,/js/jquery.tipsy.js HTTP/1.1" 200 4212 "https://www.balneario-el-condor.com.ar/horario-colectivo" "Mozilla/5.0 (iPhone; CPU iPhone OS 14_4 like Mac OS X) AppleWebKit/605.1.15 (KHTML, like Gecko) GSA/159.1.372414826 Mobile/15E148 Safari/604.1"
186.143.166.245 - - [15/May/2021:15:32:43 -0300] "GET /fonts/fontawesome-webfont.woff?v=4.0.3 HTTP/1.1" 200 44427 "https://www.balneario-el-condor.com.ar/horario-colectivo" "Mozilla/5.0 (iPhone; CPU iPhone OS 14_4 like Mac OS X) AppleWebKit/605.1.15 (KHTML, like Gecko) GSA/159.1.372414826 Mobile/15E148 Safari/604.1"
66.249.66.200 - - [15/May/2021:15:33:39 -0300] "GET /ads.txt HTTP/1.1" 304 - "-" "Mozilla/5.0 (compatible; Googlebot/2.1; +http://www.google.com/bot.html)"
66.249.66.84 - - [15/May/2021:15:33:40 -0300] "GET /ads.txt HTTP/1.1" 304 - "-" "Mozilla/5.0 (compatible; Googlebot/2.1; +http://www.google.com/bot.html)"
34.74.115.240 - - [15/May/2021:15:39:03 -0300] "GET /robots.txt HTTP/1.0" 200 31 "-" "ZoominfoBot (zoominfobot at zoominfo dot com)"
34.74.115.240 - - [15/May/2021:15:39:03 -0300] "GET / HTTP/1.0" 301 - "-" "ZoominfoBot (zoominfobot at zoominfo dot com)"
34.74.115.240 - - [15/May/2021:15:39:04 -0300] "GET /robots.txt HTTP/1.0" 200 31 "-" "ZoominfoBot (zoominfobot at zoominfo dot com)"
34.74.115.240 - - [15/May/2021:15:39:04 -0300] "GET / HTTP/1.0" 200 9441 "-" "ZoominfoBot (zoominfobot at zoominfo dot com)"
34.74.115.240 - - [15/May/2021:15:41:49 -0300] "GET /robots.txt HTTP/1.0" 200 31 "-" "ZoominfoBot (zoominfobot at zoominfo dot com)"
34.74.115.240 - - [15/May/2021:15:41:50 -0300] "GET / HTTP/1.0" 301 - "-" "ZoominfoBot (zoominfobot at zoominfo dot com)"
34.74.115.240 - - [15/May/2021:15:41:50 -0300] "GET /robots.txt HTTP/1.0" 200 31 "-" "ZoominfoBot (zoominfobot at zoominfo dot com)"
34.74.115.240 - - [15/May/2021:15:41:51 -0300] "GET / HTTP/1.0" 301 - "-" "ZoominfoBot (zoominfobot at zoominfo dot com)"
185.191.171.39 - - [15/May/2021:15:45:33 -0300] "GET /imagen/index/autor/google.com/google.com/google.com/google.com/google.com/google.com/google.com/google.com/google.com/google.com/google.com/google.com/google.com/google.com/google.com/google.com/google.com/+Balneario-el-condorAr HTTP/1.1" 200 5838 "-" "Mozilla/5.0 (compatible; SemrushBot/7~bl; +http://www.semrush.com/bot.html)"
66.249.66.84 - - [15/May/2021:15:48:40 -0300] "GET /ads.txt HTTP/1.1" 304 - "-" "Mozilla/5.0 (compatible; Googlebot/2.1; +http://www.google.com/bot.html)"
66.249.66.196 - - [15/May/2021:15:48:41 -0300] "GET /ads.txt HTTP/1.1" 304 - "-" "Mozilla/5.0 (compatible; Googlebot/2.1; +http://www.google.com/bot.html)"
141.8.142.92 - - [15/May/2021:15:50:17 -0300] "GET /robots.txt HTTP/1.1" 200 31 "-" "Mozilla/5.0 (compatible; YandexBot/3.0; +http://yandex.com/bots)"
207.46.13.98 - - [15/May/2021:15:50:20 -0300] "GET /clasificados/detalle/vendo-casa-225510 HTTP/1.1" 200 499 "-" "Mozilla/5.0 (compatible; bingbot/2.0; +http://www.bing.com/bingbot.htm)"
141.8.142.92 - - [15/May/2021:15:50:20 -0300] "GET /img/favicon.ico HTTP/1.1" 200 754 "-" "Mozilla/5.0 (compatible; YandexFavicons/1.0; +http://yandex.com/bots)"
170.78.75.240 - - [15/May/2021:15:50:55 -0300] "GET /mareas/json/clave/CarmenLuca19812012 HTTP/1.1" 301 - "-" "-"
170.78.75.240 - - [15/May/2021:15:50:55 -0300] "GET /mareas/json/clave/CarmenLuca19812012 HTTP/1.1" 200 531 "http://www.balneario-el-condor.com.ar/mareas/json/clave/CarmenLuca19812012" "-"
170.81.230.217 - - [15/May/2021:15:50:55 -0300] "GET /tablas-mareas-pleamar HTTP/1.1" 200 5366 "https://www.google.com/" "Mozilla/5.0 (Linux; Android 9; SM-G955F) AppleWebKit/537.36 (KHTML, like Gecko) Chrome/88.0.4324.152 Mobile Safari/537.36"
170.81.230.217 - - [15/May/2021:15:50:55 -0300] "GET /min/?f=/css/bootstrap.css HTTP/1.1" 200 18172 "https://www.balneario-el-condor.com.ar/tablas-mareas-pleamar" "Mozilla/5.0 (Linux; Android 9; SM-G955F) AppleWebKit/537.36 (KHTML, like Gecko) Chrome/88.0.4324.152 Mobile Safari/537.36"
170.81.230.217 - - [15/May/2021:15:50:55 -0300] "GET /min/?f=/css/responsive.css HTTP/1.1" 200 5637 "https://www.balneario-el-condor.com.ar/tablas-mareas-pleamar" "Mozilla/5.0 (Linux; Android 9; SM-G955F) AppleWebKit/537.36 (KHTML, like Gecko) Chrome/88.0.4324.152 Mobile Safari/537.36"
170.81.230.217 - - [15/May/2021:15:50:55 -0300] "GET /min/?f=/css/style.css&v=1 HTTP/1.1" 200 29057 "https://www.balneario-el-condor.com.ar/tablas-mareas-pleamar" "Mozilla/5.0 (Linux; Android 9; SM-G955F) AppleWebKit/537.36 (KHTML, like Gecko) Chrome/88.0.4324.152 Mobile Safari/537.36"
170.81.230.217 - - [15/May/2021:15:50:55 -0300] "GET /min/?f=/css/MyMedia.css HTTP/1.1" 200 4970 "https://www.balneario-el-condor.com.ar/tablas-mareas-pleamar" "Mozilla/5.0 (Linux; Android 9; SM-G955F) AppleWebKit/537.36 (KHTML, like Gecko) Chrome/88.0.4324.152 Mobile Safari/537.36"
170.81.230.217 - - [15/May/2021:15:50:55 -0300] "GET /css/bxslider.css HTTP/1.1" 200 2107 "https://www.balneario-el-condor.com.ar/tablas-mareas-pleamar" "Mozilla/5.0 (Linux; Android 9; SM-G955F) AppleWebKit/537.36 (KHTML, like Gecko) Chrome/88.0.4324.152 Mobile Safari/537.36"
170.81.230.217 - - [15/May/2021:15:50:55 -0300] "GET /min/?f=/css/bootstrap-tabs.css HTTP/1.1" 200 1476 "https://www.balneario-el-condor.com.ar/tablas-mareas-pleamar" "Mozilla/5.0 (Linux; Android 9; SM-G955F) AppleWebKit/537.36 (KHTML, like Gecko) Chrome/88.0.4324.152 Mobile Safari/537.36"
170.81.230.217 - - [15/May/2021:15:50:55 -0300] "GET /min/?f=/css/eislideshow.css HTTP/1.1" 200 1064 "https://www.balneario-el-condor.com.ar/tablas-mareas-pleamar" "Mozilla/5.0 (Linux; Android 9; SM-G955F) AppleWebKit/537.36 (KHTML, like Gecko) Chrome/88.0.4324.152 Mobile Safari/537.36"
170.81.230.217 - - [15/May/2021:15:50:56 -0300] "GET /css/font-awesome.css HTTP/1.1" 200 4282 "https://www.balneario-el-condor.com.ar/min/?f=/css/style.css&v=1" "Mozilla/5.0 (Linux; Android 9; SM-G955F) AppleWebKit/537.36 (KHTML, like Gecko) Chrome/88.0.4324.152 Mobile Safari/537.36"
170.81.230.217 - - [15/May/2021:15:50:56 -0300] "GET /css/colors-style.css HTTP/1.1" 200 686 "https://www.balneario-el-condor.com.ar/min/?f=/css/style.css&v=1" "Mozilla/5.0 (Linux; Android 9; SM-G955F) AppleWebKit/537.36 (KHTML, like Gecko) Chrome/88.0.4324.152 Mobile Safari/537.36"
170.81.230.217 - - [15/May/2021:15:50:56 -0300] "GET /css/owl.carousel.css HTTP/1.1" 200 528 "https://www.balneario-el-condor.com.ar/min/?f=/css/style.css&v=1" "Mozilla/5.0 (Linux; Android 9; SM-G955F) AppleWebKit/537.36 (KHTML, like Gecko) Chrome/88.0.4324.152 Mobile Safari/537.36"
170.81.230.217 - - [15/May/2021:15:50:56 -0300] "GET /css/jquery.fancybox-1.3.4.css HTTP/1.1" 200 1846 "https://www.balneario-el-condor.com.ar/min/?f=/css/style.css&v=1" "Mozilla/5.0 (Linux; Android 9; SM-G955F) AppleWebKit/537.36 (KHTML, like Gecko) Chrome/88.0.4324.152 Mobile Safari/537.36"
170.81.230.217 - - [15/May/2021:15:50:56 -0300] "GET /wg_images/wgstyle.css HTTP/1.1" 200 275 "https://www.balneario-el-condor.com.ar/tablas-mareas-pleamar" "Mozilla/5.0 (Linux; Android 9; SM-G955F) AppleWebKit/537.36 (KHTML, like Gecko) Chrome/88.0.4324.152 Mobile Safari/537.36"
170.81.230.217 - - [15/May/2021:15:50:56 -0300] "GET /js/retina.js HTTP/1.1" 200 1743 "https://www.balneario-el-condor.com.ar/tablas-mareas-pleamar" "Mozilla/5.0 (Linux; Android 9; SM-G955F) AppleWebKit/537.36 (KHTML, like Gecko) Chrome/88.0.4324.152 Mobile Safari/537.36"
170.81.230.217 - - [15/May/2021:15:50:56 -0300] "GET /js/bootstrap.js HTTP/1.1" 200 11205 "https://www.balneario-el-condor.com.ar/tablas-mareas-pleamar" "Mozilla/5.0 (Linux; Android 9; SM-G955F) AppleWebKit/537.36 (KHTML, like Gecko) Chrome/88.0.4324.152 Mobile Safari/537.36"
170.81.230.217 - - [15/May/2021:15:50:56 -0300] "GET /js/jquery.bxslider.js HTTP/1.1" 200 11694 "https://www.balneario-el-condor.com.ar/tablas-mareas-pleamar" "Mozilla/5.0 (Linux; Android 9; SM-G955F) AppleWebKit/537.36 (KHTML, like Gecko) Chrome/88.0.4324.152 Mobile Safari/537.36"
170.81.230.217 - - [15/May/2021:15:50:56 -0300] "GET /js/script.js HTTP/1.1" 200 9044 "https://www.balneario-el-condor.com.ar/tablas-mareas-pleamar" "Mozilla/5.0 (Linux; Android 9; SM-G955F) AppleWebKit/537.36 (KHTML, like Gecko) Chrome/88.0.4324.152 Mobile Safari/537.36"
170.81.230.217 - - [15/May/2021:15:50:56 -0300] "GET /js/jquery.eislideshow.js HTTP/1.1" 200 3135 "https://www.balneario-el-condor.com.ar/tablas-mareas-pleamar" "Mozilla/5.0 (Linux; Android 9; SM-G955F) AppleWebKit/537.36 (KHTML, like Gecko) Chrome/88.0.4324.152 Mobile Safari/537.36"
170.81.230.217 - - [15/May/2021:15:50:56 -0300] "GET /img/logo.png HTTP/1.1" 200 21869 "https://www.balneario-el-condor.com.ar/tablas-mareas-pleamar" "Mozilla/5.0 (Linux; Android 9; SM-G955F) AppleWebKit/537.36 (KHTML, like Gecko) Chrome/88.0.4324.152 Mobile Safari/537.36"
170.81.230.217 - - [15/May/2021:15:50:56 -0300] "GET /fonts/fontawesome-webfont.woff?v=4.0.3 HTTP/1.1" 200 44427 "https://www.balneario-el-condor.com.ar/css/font-awesome.css" "Mozilla/5.0 (Linux; Android 9; SM-G955F) AppleWebKit/537.36 (KHTML, like Gecko) Chrome/88.0.4324.152 Mobile Safari/537.36"
170.81.230.217 - - [15/May/2021:15:50:57 -0300] "GET /min?f=/js/superfish.js,/js/jquery.mobilemenu.js,/js/jquery.easing.1.3.js,/js/jquery.cookie.js,/js/jquery.tipsy.js HTTP/1.1" 301 361 "https://www.balneario-el-condor.com.ar/tablas-mareas-pleamar" "Mozilla/5.0 (Linux; Android 9; SM-G955F) AppleWebKit/537.36 (KHTML, like Gecko) Chrome/88.0.4324.152 Mobile Safari/537.36"
