66.249.66.221 - - [15/May/2021:06:29:24 -0300] "GET /alquileres-y-ventas HTTP/1.1" 200 10683 "-" "Mozilla/5.0 (compatible; Googlebot/2.1; +http://www.google.com/bot.html)"
66.249.66.198 - - [15/May/2021:06:30:15 -0300] "GET /ads.txt HTTP/1.1" 304 - "-" "Mozilla/5.0 (compatible; Googlebot/2.1; +http://www.google.com/bot.html)"
66.249.66.84 - - [15/May/2021:06:30:15 -0300] "GET /ads.txt HTTP/1.1" 304 - "-" "Mozilla/5.0 (compatible; Googlebot/2.1; +http://www.google.com/bot.html)"
188.138.192.154 - - [15/May/2021:06:32:55 -0300] "GET / HTTP/1.1" 301 - "-" "Mozilla/5.0 (Windows NT 10.0; Win64; x64) AppleWebKit/537.36 (KHTML, like Gecko) Chrome/65.0.3315.3 Safari/537.36"
188.138.192.154 - - [15/May/2021:06:32:56 -0300] "GET / HTTP/1.1" 200 9441 "http://www.balneario-el-condor.com.ar/" "Mozilla/5.0 (Windows NT 10.0; Win64; x64) AppleWebKit/537.36 (KHTML, like Gecko) Chrome/65.0.3315.3 Safari/537.36"
66.249.66.221 - - [15/May/2021:06:39:24 -0300] "GET /servicios/detalle/id/El-Condor-Net HTTP/1.1" 200 6342 "-" "Mozilla/5.0 (Linux; Android 6.0.1; Nexus 5X Build/MMB29P) AppleWebKit/537.36 (KHTML, like Gecko) Chrome/90.0.4430.97 Mobile Safari/537.36 (compatible; Googlebot/2.1; +http://www.google.com/bot.html)"
66.249.66.196 - - [15/May/2021:06:45:14 -0300] "GET /ads.txt HTTP/1.1" 304 - "-" "Mozilla/5.0 (compatible; Googlebot/2.1; +http://www.google.com/bot.html)"
66.249.66.84 - - [15/May/2021:06:45:15 -0300] "GET /ads.txt HTTP/1.1" 304 - "-" "Mozilla/5.0 (compatible; Googlebot/2.1; +http://www.google.com/bot.html)"
173.252.107.6 - - [15/May/2021:06:52:15 -0300] "GET /noticias-y-actividades/locro-tradicional-2019 HTTP/1.1" 206 6783 "-" "facebookexternalhit/1.1 (+http://www.facebook.com/externalhit_uatext.php)"
173.252.107.2 - - [15/May/2021:06:52:15 -0300] "GET /noticias-y-actividades/pollo-al-escabeche-201906 HTTP/1.1" 206 6524 "-" "facebookexternalhit/1.1 (+http://www.facebook.com/externalhit_uatext.php)"
216.244.66.199 - - [15/May/2021:06:54:51 -0300] "GET /robots.txt HTTP/1.1" 200 31 "-" "Mozilla/5.0 (compatible; DotBot/1.2; +https://opensiteexplorer.org/dotbot; help@moz.com)"
66.249.66.219 - - [15/May/2021:06:59:43 -0300] "GET /tablas-mareas-pleamar/playa/bahia-creek HTTP/1.1" 200 6633 "-" "Mozilla/5.0 (compatible; Googlebot/2.1; +http://www.google.com/bot.html)"
66.249.66.221 - - [15/May/2021:07:00:13 -0300] "GET /ads.txt HTTP/1.1" 200 58 "-" "Mozilla/5.0 (compatible; Googlebot/2.1; +http://www.google.com/bot.html)"
66.249.66.200 - - [15/May/2021:07:00:13 -0300] "GET /ads.txt HTTP/1.1" 304 - "-" "Mozilla/5.0 (compatible; Googlebot/2.1; +http://www.google.com/bot.html)"
66.249.66.84 - - [15/May/2021:07:00:14 -0300] "GET /ads.txt HTTP/1.1" 304 - "-" "Mozilla/5.0 (compatible; Googlebot/2.1; +http://www.google.com/bot.html)"
216.244.66.199 - - [15/May/2021:07:02:18 -0300] "GET /noticias-y-actividades/dmz-playas-acantilados-20190619 HTTP/1.1" 301 - "-" "Mozilla/5.0 (compatible; DotBot/1.2; +https://opensiteexplorer.org/dotbot; help@moz.com)"
45.173.212.20 - - [15/May/2021:07:08:10 -0300] "GET /min/?f=/css/bootstrap.css HTTP/1.1" 304 - "https://www.balneario-el-condor.com.ar/tablas-mareas-pleamar" "Mozilla/5.0 (Linux; Android 10; moto e(7) plus) AppleWebKit/537.36 (KHTML, like Gecko) Chrome/90.0.4430.91 Mobile Safari/537.36"
45.173.212.20 - - [15/May/2021:07:08:10 -0300] "GET /min/?f=/css/responsive.css HTTP/1.1" 304 - "https://www.balneario-el-condor.com.ar/tablas-mareas-pleamar" "Mozilla/5.0 (Linux; Android 10; moto e(7) plus) AppleWebKit/537.36 (KHTML, like Gecko) Chrome/90.0.4430.91 Mobile Safari/537.36"
45.173.212.20 - - [15/May/2021:07:08:10 -0300] "GET /min/?f=/css/style.css&v=1 HTTP/1.1" 304 - "https://www.balneario-el-condor.com.ar/tablas-mareas-pleamar" "Mozilla/5.0 (Linux; Android 10; moto e(7) plus) AppleWebKit/537.36 (KHTML, like Gecko) Chrome/90.0.4430.91 Mobile Safari/537.36"
45.173.212.20 - - [15/May/2021:07:08:10 -0300] "GET /min/?f=/css/MyMedia.css HTTP/1.1" 304 - "https://www.balneario-el-condor.com.ar/tablas-mareas-pleamar" "Mozilla/5.0 (Linux; Android 10; moto e(7) plus) AppleWebKit/537.36 (KHTML, like Gecko) Chrome/90.0.4430.91 Mobile Safari/537.36"
45.173.212.20 - - [15/May/2021:07:08:10 -0300] "GET /min/?f=/css/eislideshow.css HTTP/1.1" 304 - "https://www.balneario-el-condor.com.ar/tablas-mareas-pleamar" "Mozilla/5.0 (Linux; Android 10; moto e(7) plus) AppleWebKit/537.36 (KHTML, like Gecko) Chrome/90.0.4430.91 Mobile Safari/537.36"
45.173.212.20 - - [15/May/2021:07:08:10 -0300] "GET /min/?f=/css/bootstrap-tabs.css HTTP/1.1" 304 - "https://www.balneario-el-condor.com.ar/tablas-mareas-pleamar" "Mozilla/5.0 (Linux; Android 10; moto e(7) plus) AppleWebKit/537.36 (KHTML, like Gecko) Chrome/90.0.4430.91 Mobile Safari/537.36"
45.173.212.20 - - [15/May/2021:07:08:10 -0300] "GET /min/?f=/js/superfish.js,/js/jquery.mobilemenu.js,/js/jquery.easing.1.3.js,/js/jquery.cookie.js,/js/jquery.tipsy.js HTTP/1.1" 304 - "https://www.balneario-el-condor.com.ar/tablas-mareas-pleamar" "Mozilla/5.0 (Linux; Android 10; moto e(7) plus) AppleWebKit/537.36 (KHTML, like Gecko) Chrome/90.0.4430.91 Mobile Safari/537.36"
66.249.66.219 - - [15/May/2021:07:09:45 -0300] "GET /tablas-mareas-pleamar HTTP/1.1" 200 6657 "-" "Mozilla/5.0 (compatible; Googlebot/2.1; +http://www.google.com/bot.html)"
207.46.13.5 - - [15/May/2021:07:14:57 -0300] "GET /tablas-mareas-pleamar/playa/bahia-rosa HTTP/1.1" 301 - "-" "Mozilla/5.0 (compatible; bingbot/2.0; +http://www.bing.com/bingbot.htm)"
66.249.66.200 - - [15/May/2021:07:15:25 -0300] "GET /ads.txt HTTP/1.1" 304 - "-" "Mozilla/5.0 (compatible; Googlebot/2.1; +http://www.google.com/bot.html)"
66.249.66.84 - - [15/May/2021:07:15:26 -0300] "GET /ads.txt HTTP/1.1" 304 - "-" "Mozilla/5.0 (compatible; Googlebot/2.1; +http://www.google.com/bot.html)"
170.81.230.232 - - [15/May/2021:07:20:37 -0300] "GET /horario-colectivo HTTP/1.1" 200 5298 "https://www.google.com/" "Mozilla/5.0 (Linux; Android 10; SM-A115M) AppleWebKit/537.36 (KHTML, like Gecko) Chrome/90.0.4430.210 Mobile Safari/537.36"
170.81.230.232 - - [15/May/2021:07:20:38 -0300] "GET /min/?f=/css/responsive.css HTTP/1.1" 200 5637 "https://www.balneario-el-condor.com.ar/horario-colectivo" "Mozilla/5.0 (Linux; Android 10; SM-A115M) AppleWebKit/537.36 (KHTML, like Gecko) Chrome/90.0.4430.210 Mobile Safari/537.36"
170.81.230.232 - - [15/May/2021:07:20:38 -0300] "GET /min/?f=/css/bootstrap.css HTTP/1.1" 200 18172 "https://www.balneario-el-condor.com.ar/horario-colectivo" "Mozilla/5.0 (Linux; Android 10; SM-A115M) AppleWebKit/537.36 (KHTML, like Gecko) Chrome/90.0.4430.210 Mobile Safari/537.36"
170.81.230.232 - - [15/May/2021:07:20:38 -0300] "GET /min/?f=/css/style.css&v=1 HTTP/1.1" 200 29057 "https://www.balneario-el-condor.com.ar/horario-colectivo" "Mozilla/5.0 (Linux; Android 10; SM-A115M) AppleWebKit/537.36 (KHTML, like Gecko) Chrome/90.0.4430.210 Mobile Safari/537.36"
170.81.230.232 - - [15/May/2021:07:20:38 -0300] "GET /min/?f=/css/MyMedia.css HTTP/1.1" 200 4970 "https://www.balneario-el-condor.com.ar/horario-colectivo" "Mozilla/5.0 (Linux; Android 10; SM-A115M) AppleWebKit/537.36 (KHTML, like Gecko) Chrome/90.0.4430.210 Mobile Safari/537.36"
170.81.230.232 - - [15/May/2021:07:20:38 -0300] "GET /css/bxslider.css HTTP/1.1" 200 2107 "https://www.balneario-el-condor.com.ar/horario-colectivo" "Mozilla/5.0 (Linux; Android 10; SM-A115M) AppleWebKit/537.36 (KHTML, like Gecko) Chrome/90.0.4430.210 Mobile Safari/537.36"
170.81.230.232 - - [15/May/2021:07:20:38 -0300] "GET /js/bootstrap.js HTTP/1.1" 200 11205 "https://www.balneario-el-condor.com.ar/horario-colectivo" "Mozilla/5.0 (Linux; Android 10; SM-A115M) AppleWebKit/537.36 (KHTML, like Gecko) Chrome/90.0.4430.210 Mobile Safari/537.36"
170.81.230.232 - - [15/May/2021:07:20:38 -0300] "GET /min/?f=/css/bootstrap-tabs.css HTTP/1.1" 200 1476 "https://www.balneario-el-condor.com.ar/horario-colectivo" "Mozilla/5.0 (Linux; Android 10; SM-A115M) AppleWebKit/537.36 (KHTML, like Gecko) Chrome/90.0.4430.210 Mobile Safari/537.36"
170.81.230.232 - - [15/May/2021:07:20:38 -0300] "GET /js/retina.js HTTP/1.1" 200 1743 "https://www.balneario-el-condor.com.ar/horario-colectivo" "Mozilla/5.0 (Linux; Android 10; SM-A115M) AppleWebKit/537.36 (KHTML, like Gecko) Chrome/90.0.4430.210 Mobile Safari/537.36"
170.81.230.232 - - [15/May/2021:07:20:38 -0300] "GET /min/?f=/css/eislideshow.css HTTP/1.1" 200 1064 "https://www.balneario-el-condor.com.ar/horario-colectivo" "Mozilla/5.0 (Linux; Android 10; SM-A115M) AppleWebKit/537.36 (KHTML, like Gecko) Chrome/90.0.4430.210 Mobile Safari/537.36"
170.81.230.232 - - [15/May/2021:07:20:38 -0300] "GET /css/font-awesome.css HTTP/1.1" 200 4282 "https://www.balneario-el-condor.com.ar/min/?f=/css/style.css&v=1" "Mozilla/5.0 (Linux; Android 10; SM-A115M) AppleWebKit/537.36 (KHTML, like Gecko) Chrome/90.0.4430.210 Mobile Safari/537.36"
170.81.230.232 - - [15/May/2021:07:20:38 -0300] "GET /css/owl.carousel.css HTTP/1.1" 200 528 "https://www.balneario-el-condor.com.ar/min/?f=/css/style.css&v=1" "Mozilla/5.0 (Linux; Android 10; SM-A115M) AppleWebKit/537.36 (KHTML, like Gecko) Chrome/90.0.4430.210 Mobile Safari/537.36"
170.81.230.232 - - [15/May/2021:07:20:38 -0300] "GET /css/colors-style.css HTTP/1.1" 200 686 "https://www.balneario-el-condor.com.ar/min/?f=/css/style.css&v=1" "Mozilla/5.0 (Linux; Android 10; SM-A115M) AppleWebKit/537.36 (KHTML, like Gecko) Chrome/90.0.4430.210 Mobile Safari/537.36"
170.81.230.232 - - [15/May/2021:07:20:38 -0300] "GET /css/jquery.fancybox-1.3.4.css HTTP/1.1" 200 1846 "https://www.balneario-el-condor.com.ar/min/?f=/css/style.css&v=1" "Mozilla/5.0 (Linux; Android 10; SM-A115M) AppleWebKit/537.36 (KHTML, like Gecko) Chrome/90.0.4430.210 Mobile Safari/537.36"
170.81.230.232 - - [15/May/2021:07:20:38 -0300] "GET /js/script.js HTTP/1.1" 200 9044 "https://www.balneario-el-condor.com.ar/horario-colectivo" "Mozilla/5.0 (Linux; Android 10; SM-A115M) AppleWebKit/537.36 (KHTML, like Gecko) Chrome/90.0.4430.210 Mobile Safari/537.36"
170.81.230.232 - - [15/May/2021:07:20:38 -0300] "GET /js/jquery.bxslider.js HTTP/1.1" 200 11694 "https://www.balneario-el-condor.com.ar/horario-colectivo" "Mozilla/5.0 (Linux; Android 10; SM-A115M) AppleWebKit/537.36 (KHTML, like Gecko) Chrome/90.0.4430.210 Mobile Safari/537.36"
170.81.230.232 - - [15/May/2021:07:20:38 -0300] "GET /js/jquery.eislideshow.js HTTP/1.1" 200 3135 "https://www.balneario-el-condor.com.ar/horario-colectivo" "Mozilla/5.0 (Linux; Android 10; SM-A115M) AppleWebKit/537.36 (KHTML, like Gecko) Chrome/90.0.4430.210 Mobile Safari/537.36"
185.191.171.5 - - [15/May/2021:07:22:27 -0300] "GET /robots.txt HTTP/1.1" 200 31 "-" "Mozilla/5.0 (compatible; SemrushBot/7~bl; +http://www.semrush.com/bot.html)"
185.191.171.24 - - [15/May/2021:07:22:28 -0300] "GET /noticias-y-actividades/agua-potable-sin-condiciones HTTP/1.1" 301 - "-" "Mozilla/5.0 (compatible; SemrushBot/7~bl; +http://www.semrush.com/bot.html)"
185.191.171.40 - - [15/May/2021:07:22:39 -0300] "GET /noticias-y-actividades/agua-potable-sin-condiciones HTTP/1.1" 200 6917 "-" "Mozilla/5.0 (compatible; SemrushBot/7~bl; +http://www.semrush.com/bot.html)"
207.46.13.11 - - [15/May/2021:07:25:52 -0300] "GET /noticias-y-actividades/alerta-metereologico-el-condor-2019-12-02 HTTP/1.1" 200 6678 "-" "Mozilla/5.0 (compatible; bingbot/2.0; +http://www.bing.com/bingbot.htm)"
207.46.13.5 - - [15/May/2021:07:26:08 -0300] "GET /min/?f=/css/responsive.css HTTP/1.1" 200 5637 "-" "Mozilla/5.0 (compatible; bingbot/2.0; +http://www.bing.com/bingbot.htm)"
66.249.66.84 - - [15/May/2021:07:30:24 -0300] "GET /ads.txt HTTP/1.1" 304 - "-" "Mozilla/5.0 (compatible; Googlebot/2.1; +http://www.google.com/bot.html)"
66.249.66.196 - - [15/May/2021:07:30:25 -0300] "GET /ads.txt HTTP/1.1" 304 - "-" "Mozilla/5.0 (compatible; Googlebot/2.1; +http://www.google.com/bot.html)"
185.191.171.16 - - [15/May/2021:07:31:45 -0300] "GET /noticias-y-actividades/orcas-y-ballenas-rio-negro-2019 HTTP/1.1" 200 7935 "-" "Mozilla/5.0 (compatible; SemrushBot/7~bl; +http://www.semrush.com/bot.html)"
170.78.75.240 - - [15/May/2021:07:32:33 -0300] "GET /mareas/json/clave/CarmenLuca19812012 HTTP/1.1" 301 - "-" "-"
186.143.163.141 - - [15/May/2021:07:32:33 -0300] "GET /min/?f=/css/bootstrap.css HTTP/1.1" 200 18172 "-" "Mozilla/5.0 (Linux; Android 10; SNE-LX3) AppleWebKit/537.36 (KHTML, like Gecko) Chrome/90.0.4430.210 Mobile Safari/537.36"
170.78.75.240 - - [15/May/2021:07:32:33 -0300] "GET /mareas/json/clave/CarmenLuca19812012 HTTP/1.1" 200 531 "http://www.balneario-el-condor.com.ar/mareas/json/clave/CarmenLuca19812012" "-"
186.143.166.121 - - [15/May/2021:07:32:32 -0300] "GET /tablas-mareas-pleamar/playa/bahia-creek HTTP/1.1" 200 5373 "https://www.google.com/" "Mozilla/5.0 (Linux; Android 10; SNE-LX3) AppleWebKit/537.36 (KHTML, like Gecko) Chrome/90.0.4430.210 Mobile Safari/537.36"
186.143.166.121 - - [15/May/2021:07:32:33 -0300] "GET /min/?f=/css/responsive.css HTTP/1.1" 200 5637 "-" "Mozilla/5.0 (Linux; Android 10; SNE-LX3) AppleWebKit/537.36 (KHTML, like Gecko) Chrome/90.0.4430.210 Mobile Safari/537.36"
186.143.163.141 - - [15/May/2021:07:32:33 -0300] "GET /min/?f=/css/style.css&v=1 HTTP/1.1" 200 29057 "-" "Mozilla/5.0 (Linux; Android 10; SNE-LX3) AppleWebKit/537.36 (KHTML, like Gecko) Chrome/90.0.4430.210 Mobile Safari/537.36"
186.143.166.121 - - [15/May/2021:07:32:33 -0300] "GET /css/bxslider.css HTTP/1.1" 200 2107 "https://www.balneario-el-condor.com.ar/tablas-mareas-pleamar/playa/bahia-creek" "Mozilla/5.0 (Linux; Android 10; SNE-LX3) AppleWebKit/537.36 (KHTML, like Gecko) Chrome/90.0.4430.210 Mobile Safari/537.36"
186.143.166.121 - - [15/May/2021:07:32:33 -0300] "GET /min/?f=/css/MyMedia.css HTTP/1.1" 200 4970 "https://www.balneario-el-condor.com.ar/tablas-mareas-pleamar/playa/bahia-creek" "Mozilla/5.0 (Linux; Android 10; SNE-LX3) AppleWebKit/537.36 (KHTML, like Gecko) Chrome/90.0.4430.210 Mobile Safari/537.36"
186.143.166.121 - - [15/May/2021:07:32:33 -0300] "GET /min/?f=/css/bootstrap-tabs.css HTTP/1.1" 200 1476 "https://www.balneario-el-condor.com.ar/tablas-mareas-pleamar/playa/bahia-creek" "Mozilla/5.0 (Linux; Android 10; SNE-LX3) AppleWebKit/537.36 (KHTML, like Gecko) Chrome/90.0.4430.210 Mobile Safari/537.36"
186.143.163.141 - - [15/May/2021:07:32:33 -0300] "GET /min/?f=/css/eislideshow.css HTTP/1.1" 200 1064 "https://www.balneario-el-condor.com.ar/tablas-mareas-pleamar/playa/bahia-creek" "Mozilla/5.0 (Linux; Android 10; SNE-LX3) AppleWebKit/537.36 (KHTML, like Gecko) Chrome/90.0.4430.210 Mobile Safari/537.36"
186.143.166.121 - - [15/May/2021:07:32:33 -0300] "GET /css/font-awesome.css HTTP/1.1" 200 4282 "https://www.balneario-el-condor.com.ar/min/?f=/css/style.css&v=1" "Mozilla/5.0 (Linux; Android 10; SNE-LX3) AppleWebKit/537.36 (KHTML, like Gecko) Chrome/90.0.4430.210 Mobile Safari/537.36"
186.143.166.121 - - [15/May/2021:07:32:33 -0300] "GET /css/colors-style.css HTTP/1.1" 200 686 "https://www.balneario-el-condor.com.ar/min/?f=/css/style.css&v=1" "Mozilla/5.0 (Linux; Android 10; SNE-LX3) AppleWebKit/537.36 (KHTML, like Gecko) Chrome/90.0.4430.210 Mobile Safari/537.36"
186.143.163.141 - - [15/May/2021:07:32:33 -0300] "GET /css/owl.carousel.css HTTP/1.1" 200 528 "https://www.balneario-el-condor.com.ar/min/?f=/css/style.css&v=1" "Mozilla/5.0 (Linux; Android 10; SNE-LX3) AppleWebKit/537.36 (KHTML, like Gecko) Chrome/90.0.4430.210 Mobile Safari/537.36"
186.143.163.141 - - [15/May/2021:07:32:33 -0300] "GET /css/jquery.fancybox-1.3.4.css HTTP/1.1" 200 1846 "https://www.balneario-el-condor.com.ar/min/?f=/css/style.css&v=1" "Mozilla/5.0 (Linux; Android 10; SNE-LX3) AppleWebKit/537.36 (KHTML, like Gecko) Chrome/90.0.4430.210 Mobile Safari/537.36"
186.143.163.141 - - [15/May/2021:07:32:33 -0300] "GET /wg_images/wgstyle.css HTTP/1.1" 200 275 "https://www.balneario-el-condor.com.ar/tablas-mareas-pleamar/playa/bahia-creek" "Mozilla/5.0 (Linux; Android 10; SNE-LX3) AppleWebKit/537.36 (KHTML, like Gecko) Chrome/90.0.4430.210 Mobile Safari/537.36"
186.143.163.141 - - [15/May/2021:07:32:33 -0300] "GET /js/retina.js HTTP/1.1" 200 1743 "https://www.balneario-el-condor.com.ar/tablas-mareas-pleamar/playa/bahia-creek" "Mozilla/5.0 (Linux; Android 10; SNE-LX3) AppleWebKit/537.36 (KHTML, like Gecko) Chrome/90.0.4430.210 Mobile Safari/537.36"
186.143.163.141 - - [15/May/2021:07:32:33 -0300] "GET /js/bootstrap.js HTTP/1.1" 200 11205 "https://www.balneario-el-condor.com.ar/tablas-mareas-pleamar/playa/bahia-creek" "Mozilla/5.0 (Linux; Android 10; SNE-LX3) AppleWebKit/537.36 (KHTML, like Gecko) Chrome/90.0.4430.210 Mobile Safari/537.36"
186.143.163.141 - - [15/May/2021:07:32:33 -0300] "GET /img/logo.png HTTP/1.1" 200 21869 "https://www.balneario-el-condor.com.ar/tablas-mareas-pleamar/playa/bahia-creek" "Mozilla/5.0 (Linux; Android 10; SNE-LX3) AppleWebKit/537.36 (KHTML, like Gecko) Chrome/90.0.4430.210 Mobile Safari/537.36"
186.143.166.121 - - [15/May/2021:07:32:33 -0300] "GET /js/jquery.bxslider.js HTTP/1.1" 200 11694 "https://www.balneario-el-condor.com.ar/tablas-mareas-pleamar/playa/bahia-creek" "Mozilla/5.0 (Linux; Android 10; SNE-LX3) AppleWebKit/537.36 (KHTML, like Gecko) Chrome/90.0.4430.210 Mobile Safari/537.36"
186.143.166.121 - - [15/May/2021:07:32:33 -0300] "GET /js/script.js HTTP/1.1" 200 9044 "https://www.balneario-el-condor.com.ar/tablas-mareas-pleamar/playa/bahia-creek" "Mozilla/5.0 (Linux; Android 10; SNE-LX3) AppleWebKit/537.36 (KHTML, like Gecko) Chrome/90.0.4430.210 Mobile Safari/537.36"
186.143.166.121 - - [15/May/2021:07:32:33 -0300] "GET /js/jquery.eislideshow.js HTTP/1.1" 200 3135 "https://www.balneario-el-condor.com.ar/tablas-mareas-pleamar/playa/bahia-creek" "Mozilla/5.0 (Linux; Android 10; SNE-LX3) AppleWebKit/537.36 (KHTML, like Gecko) Chrome/90.0.4430.210 Mobile Safari/537.36"
186.143.163.141 - - [15/May/2021:07:32:33 -0300] "GET /fonts/fontawesome-webfont.woff?v=4.0.3 HTTP/1.1" 200 44427 "https://www.balneario-el-condor.com.ar/css/font-awesome.css" "Mozilla/5.0 (Linux; Android 10; SNE-LX3) AppleWebKit/537.36 (KHTML, like Gecko) Chrome/90.0.4430.210 Mobile Safari/537.36"
186.143.163.141 - - [15/May/2021:07:32:33 -0300] "GET /min?f=/js/superfish.js,/js/jquery.mobilemenu.js,/js/jquery.easing.1.3.js,/js/jquery.cookie.js,/js/jquery.tipsy.js HTTP/1.1" 301 361 "https://www.balneario-el-condor.com.ar/tablas-mareas-pleamar/playa/bahia-creek" "Mozilla/5.0 (Linux; Android 10; SNE-LX3) AppleWebKit/537.36 (KHTML, like Gecko) Chrome/90.0.4430.210 Mobile Safari/537.36"
186.143.163.141 - - [15/May/2021:07:32:33 -0300] "GET /min/?f=/js/superfish.js,/js/jquery.mobilemenu.js,/js/jquery.easing.1.3.js,/js/jquery.cookie.js,/js/jquery.tipsy.js HTTP/1.1" 200 4212 "https://www.balneario-el-condor.com.ar/tablas-mareas-pleamar/playa/bahia-creek" "Mozilla/5.0 (Linux; Android 10; SNE-LX3) AppleWebKit/537.36 (KHTML, like Gecko) Chrome/90.0.4430.210 Mobile Safari/537.36"
186.143.163.141 - - [15/May/2021:07:32:35 -0300] "HEAD /img/logo@2x.png HTTP/1.1" 200 - "https://www.balneario-el-condor.com.ar/tablas-mareas-pleamar/playa/bahia-creek" "Mozilla/5.0 (Linux; Android 10; SNE-LX3) AppleWebKit/537.36 (KHTML, like Gecko) Chrome/90.0.4430.210 Mobile Safari/537.36"
186.143.163.141 - - [15/May/2021:07:32:35 -0300] "GET /img/favicon.ico HTTP/1.1" 200 754 "https://www.balneario-el-condor.com.ar/tablas-mareas-pleamar/playa/bahia-creek" "Mozilla/5.0 (Linux; Android 10; SNE-LX3) AppleWebKit/537.36 (KHTML, like Gecko) Chrome/90.0.4430.210 Mobile Safari/537.36"
186.143.163.141 - - [15/May/2021:07:32:35 -0300] "GET /img/logo@2x.png HTTP/1.1" 200 21869 "https://www.balneario-el-condor.com.ar/tablas-mareas-pleamar/playa/bahia-creek" "Mozilla/5.0 (Linux; Android 10; SNE-LX3) AppleWebKit/537.36 (KHTML, like Gecko) Chrome/90.0.4430.210 Mobile Safari/537.36"
186.143.163.141 - - [15/May/2021:07:32:56 -0300] "GET /playa/Bahia-Creek HTTP/1.1" 200 5452 "https://www.balneario-el-condor.com.ar/tablas-mareas-pleamar/playa/bahia-creek" "Mozilla/5.0 (Linux; Android 10; SNE-LX3) AppleWebKit/537.36 (KHTML, like Gecko) Chrome/90.0.4430.210 Mobile Safari/537.36"
54.36.148.114 - - [15/May/2021:07:35:58 -0300] "GET /restaurantes-y-confiterias/Restaurante-Trentinos HTTP/1.1" 200 4866 "-" "Mozilla/5.0 (compatible; AhrefsBot/7.0; +http://ahrefs.com/robot/)"
170.78.75.240 - - [15/May/2021:07:40:14 -0300] "GET /mareas/json/clave/CarmenLuca19812012 HTTP/1.1" 301 - "-" "-"
170.78.75.240 - - [15/May/2021:07:40:14 -0300] "GET /mareas/json/clave/CarmenLuca19812012 HTTP/1.1" 200 531 "http://www.balneario-el-condor.com.ar/mareas/json/clave/CarmenLuca19812012" "-"
66.249.66.217 - - [15/May/2021:07:40:13 -0300] "GET /tablas-mareas-pleamar/playa/loberia HTTP/1.1" 200 5370 "-" "Mozilla/5.0 (Linux; Android 6.0.1; Nexus 5X Build/MMB29P) AppleWebKit/537.36 (KHTML, like Gecko) Chrome/90.0.4430.97 Mobile Safari/537.36 (compatible; Googlebot/2.1; +http://www.google.com/bot.html)"
207.46.13.26 - - [15/May/2021:07:43:08 -0300] "GET /fauna HTTP/1.1" 301 - "-" "Mozilla/5.0 (compatible; bingbot/2.0; +http://www.bing.com/bingbot.htm)"
173.252.95.13 - - [15/May/2021:07:43:19 -0300] "GET /noticias-y-actividades/proyectan-rescatar-el-condor-historia HTTP/1.1" 206 7237 "-" "facebookexternalhit/1.1 (+http://www.facebook.com/externalhit_uatext.php)"
66.249.66.198 - - [15/May/2021:07:45:38 -0300] "GET /ads.txt HTTP/1.1" 304 - "-" "Mozilla/5.0 (compatible; Googlebot/2.1; +http://www.google.com/bot.html)"
66.249.66.84 - - [15/May/2021:07:45:39 -0300] "GET /ads.txt HTTP/1.1" 304 - "-" "Mozilla/5.0 (compatible; Googlebot/2.1; +http://www.google.com/bot.html)"
66.249.66.196 - - [15/May/2021:08:00:39 -0300] "GET /ads.txt HTTP/1.1" 304 - "-" "Mozilla/5.0 (compatible; Googlebot/2.1; +http://www.google.com/bot.html)"
66.249.66.84 - - [15/May/2021:08:00:40 -0300] "GET /ads.txt HTTP/1.1" 304 - "-" "Mozilla/5.0 (compatible; Googlebot/2.1; +http://www.google.com/bot.html)"
157.55.39.45 - - [15/May/2021:08:01:45 -0300] "GET / HTTP/1.1" 301 - "-" "Mozilla/5.0 (compatible; bingbot/2.0; +http://www.bing.com/bingbot.htm)"
207.46.13.5 - - [15/May/2021:08:02:36 -0300] "GET /clasificados/detalle/CASA-GRANDE-CON-PILETA--465225 HTTP/1.1" 301 - "-" "Mozilla/5.0 (compatible; bingbot/2.0; +http://www.bing.com/bingbot.htm)"
185.191.171.24 - - [15/May/2021:08:11:52 -0300] "GET /imagen HTTP/1.1" 301 - "-" "Mozilla/5.0 (compatible; SemrushBot/7~bl; +http://www.semrush.com/bot.html)"
185.191.171.42 - - [15/May/2021:08:12:03 -0300] "GET /imagen HTTP/1.1" 200 6671 "-" "Mozilla/5.0 (compatible; SemrushBot/7~bl; +http://www.semrush.com/bot.html)"
66.249.66.198 - - [15/May/2021:08:15:52 -0300] "GET /ads.txt HTTP/1.1" 304 - "-" "Mozilla/5.0 (compatible; Googlebot/2.1; +http://www.google.com/bot.html)"
66.249.66.84 - - [15/May/2021:08:15:53 -0300] "GET /ads.txt HTTP/1.1" 304 - "-" "Mozilla/5.0 (compatible; Googlebot/2.1; +http://www.google.com/bot.html)"
95.163.255.88 - - [15/May/2021:08:16:33 -0300] "GET /robots.txt HTTP/1.0" 200 31 "-" "Mozilla/5.0 (compatible; Linux x86_64; Mail.RU_Bot/2.0; +http://go.mail.ru/help/robots)"
95.163.255.86 - - [15/May/2021:08:16:35 -0300] "GET /hoteles-camping-cabanias HTTP/1.1" 301 - "-" "Mozilla/5.0 (compatible; Linux x86_64; Mail.RU_Bot/2.0; +http://go.mail.ru/help/robots)"
95.163.255.89 - - [15/May/2021:08:17:06 -0300] "GET /noticias-y-actividades HTTP/1.1" 301 - "-" "Mozilla/5.0 (compatible; Linux x86_64; Mail.RU_Bot/2.0; +http://go.mail.ru/help/robots)"
95.163.255.83 - - [15/May/2021:08:17:37 -0300] "GET /robots.txt HTTP/1.0" 200 31 "-" "Mozilla/5.0 (compatible; Linux x86_64; Mail.RU_Bot/2.0; +http://go.mail.ru/help/robots)"
95.163.255.88 - - [15/May/2021:08:17:42 -0300] "GET /hoteles-camping-cabanias HTTP/1.1" 200 6169 "http://www.balneario-el-condor.com.ar/hoteles-camping-cabanias" "Mozilla/5.0 (compatible; Linux x86_64; Mail.RU_Bot/2.0; +http://go.mail.ru/help/robots)"
114.119.137.122 - - [15/May/2021:08:18:08 -0300] "GET /robots.txt HTTP/1.1" 200 31 "-" "Mozilla/5.0 (compatible;PetalBot;+https://webmaster.petalsearch.com/site/petalbot)"
95.163.255.82 - - [15/May/2021:08:18:13 -0300] "GET /noticias-y-actividades HTTP/1.1" 200 8885 "http://www.balneario-el-condor.com.ar/noticias-y-actividades" "Mozilla/5.0 (compatible; Linux x86_64; Mail.RU_Bot/2.0; +http://go.mail.ru/help/robots)"
186.143.162.253 - - [15/May/2021:08:18:53 -0300] "GET /contacto HTTP/1.1" 200 6282 "http://www.google.com/" "Mozilla/5.0 (Linux; Android 6.0; LG-K430 Build/MRA58K) AppleWebKit/537.36 (KHTML, like Gecko) Chrome/53.0.2785.124 Mobile Safari/537.36"
186.143.162.253 - - [15/May/2021:08:18:53 -0300] "GET /min/?f=/css/bootstrap.css HTTP/1.1" 200 18172 "https://www.balneario-el-condor.com.ar/contacto" "Mozilla/5.0 (Linux; Android 6.0; LG-K430 Build/MRA58K) AppleWebKit/537.36 (KHTML, like Gecko) Chrome/53.0.2785.124 Mobile Safari/537.36"
186.143.165.1 - - [15/May/2021:08:18:53 -0300] "GET /min/?f=/css/responsive.css HTTP/1.1" 200 5637 "https://www.balneario-el-condor.com.ar/contacto" "Mozilla/5.0 (Linux; Android 6.0; LG-K430 Build/MRA58K) AppleWebKit/537.36 (KHTML, like Gecko) Chrome/53.0.2785.124 Mobile Safari/537.36"
186.143.165.1 - - [15/May/2021:08:18:53 -0300] "GET /min/?f=/css/style.css&v=1 HTTP/1.1" 200 29057 "https://www.balneario-el-condor.com.ar/contacto" "Mozilla/5.0 (Linux; Android 6.0; LG-K430 Build/MRA58K) AppleWebKit/537.36 (KHTML, like Gecko) Chrome/53.0.2785.124 Mobile Safari/537.36"
186.143.162.253 - - [15/May/2021:08:18:53 -0300] "GET /min/?f=/css/MyMedia.css HTTP/1.1" 200 4970 "https://www.balneario-el-condor.com.ar/contacto" "Mozilla/5.0 (Linux; Android 6.0; LG-K430 Build/MRA58K) AppleWebKit/537.36 (KHTML, like Gecko) Chrome/53.0.2785.124 Mobile Safari/537.36"
186.143.162.253 - - [15/May/2021:08:18:53 -0300] "GET /css/bxslider.css HTTP/1.1" 200 2107 "https://www.balneario-el-condor.com.ar/contacto" "Mozilla/5.0 (Linux; Android 6.0; LG-K430 Build/MRA58K) AppleWebKit/537.36 (KHTML, like Gecko) Chrome/53.0.2785.124 Mobile Safari/537.36"
186.143.162.253 - - [15/May/2021:08:18:53 -0300] "GET /min/?f=/css/bootstrap-tabs.css HTTP/1.1" 200 1476 "https://www.balneario-el-condor.com.ar/contacto" "Mozilla/5.0 (Linux; Android 6.0; LG-K430 Build/MRA58K) AppleWebKit/537.36 (KHTML, like Gecko) Chrome/53.0.2785.124 Mobile Safari/537.36"
186.143.165.1 - - [15/May/2021:08:18:53 -0300] "GET /min/?f=/css/eislideshow.css HTTP/1.1" 200 1064 "https://www.balneario-el-condor.com.ar/contacto" "Mozilla/5.0 (Linux; Android 6.0; LG-K430 Build/MRA58K) AppleWebKit/537.36 (KHTML, like Gecko) Chrome/53.0.2785.124 Mobile Safari/537.36"
186.143.162.253 - - [15/May/2021:08:18:53 -0300] "GET /css/jquery.fancybox-1.3.4.css HTTP/1.1" 200 1846 "https://www.balneario-el-condor.com.ar/contacto" "Mozilla/5.0 (Linux; Android 6.0; LG-K430 Build/MRA58K) AppleWebKit/537.36 (KHTML, like Gecko) Chrome/53.0.2785.124 Mobile Safari/537.36"
186.143.162.253 - - [15/May/2021:08:18:53 -0300] "GET /css/owl.carousel.css HTTP/1.1" 200 528 "https://www.balneario-el-condor.com.ar/contacto" "Mozilla/5.0 (Linux; Android 6.0; LG-K430 Build/MRA58K) AppleWebKit/537.36 (KHTML, like Gecko) Chrome/53.0.2785.124 Mobile Safari/537.36"
186.143.165.1 - - [15/May/2021:08:18:53 -0300] "GET /css/colors-style.css HTTP/1.1" 200 686 "https://www.balneario-el-condor.com.ar/contacto" "Mozilla/5.0 (Linux; Android 6.0; LG-K430 Build/MRA58K) AppleWebKit/537.36 (KHTML, like Gecko) Chrome/53.0.2785.124 Mobile Safari/537.36"
186.143.165.1 - - [15/May/2021:08:18:53 -0300] "GET /css/font-awesome.css HTTP/1.1" 200 4282 "https://www.balneario-el-condor.com.ar/contacto" "Mozilla/5.0 (Linux; Android 6.0; LG-K430 Build/MRA58K) AppleWebKit/537.36 (KHTML, like Gecko) Chrome/53.0.2785.124 Mobile Safari/537.36"
186.143.165.1 - - [15/May/2021:08:18:53 -0300] "GET /js/retina.js HTTP/1.1" 200 1743 "https://www.balneario-el-condor.com.ar/contacto" "Mozilla/5.0 (Linux; Android 6.0; LG-K430 Build/MRA58K) AppleWebKit/537.36 (KHTML, like Gecko) Chrome/53.0.2785.124 Mobile Safari/537.36"
186.143.165.1 - - [15/May/2021:08:18:53 -0300] "GET /js/bootstrap.js HTTP/1.1" 200 11205 "https://www.balneario-el-condor.com.ar/contacto" "Mozilla/5.0 (Linux; Android 6.0; LG-K430 Build/MRA58K) AppleWebKit/537.36 (KHTML, like Gecko) Chrome/53.0.2785.124 Mobile Safari/537.36"
186.143.165.1 - - [15/May/2021:08:18:53 -0300] "GET /js/script.js HTTP/1.1" 200 9044 "https://www.balneario-el-condor.com.ar/contacto" "Mozilla/5.0 (Linux; Android 6.0; LG-K430 Build/MRA58K) AppleWebKit/537.36 (KHTML, like Gecko) Chrome/53.0.2785.124 Mobile Safari/537.36"
186.143.162.253 - - [15/May/2021:08:18:53 -0300] "GET /img/logo.png HTTP/1.1" 200 21869 "https://www.balneario-el-condor.com.ar/contacto" "Mozilla/5.0 (Linux; Android 6.0; LG-K430 Build/MRA58K) AppleWebKit/537.36 (KHTML, like Gecko) Chrome/53.0.2785.124 Mobile Safari/537.36"
186.143.162.253 - - [15/May/2021:08:18:53 -0300] "GET /js/jquery.eislideshow.js HTTP/1.1" 200 3135 "https://www.balneario-el-condor.com.ar/contacto" "Mozilla/5.0 (Linux; Android 6.0; LG-K430 Build/MRA58K) AppleWebKit/537.36 (KHTML, like Gecko) Chrome/53.0.2785.124 Mobile Safari/537.36"
186.143.165.1 - - [15/May/2021:08:18:53 -0300] "GET /js/jquery.bxslider.js HTTP/1.1" 200 11694 "https://www.balneario-el-condor.com.ar/contacto" "Mozilla/5.0 (Linux; Android 6.0; LG-K430 Build/MRA58K) AppleWebKit/537.36 (KHTML, like Gecko) Chrome/53.0.2785.124 Mobile Safari/537.36"
186.143.162.253 - - [15/May/2021:08:18:54 -0300] "GET /fonts/fontawesome-webfont.woff?v=4.0.3 HTTP/1.1" 200 44427 "https://www.balneario-el-condor.com.ar/css/font-awesome.css" "Mozilla/5.0 (Linux; Android 6.0; LG-K430 Build/MRA58K) AppleWebKit/537.36 (KHTML, like Gecko) Chrome/53.0.2785.124 Mobile Safari/537.36"
186.143.162.253 - - [15/May/2021:08:19:24 -0300] "GET /contacto HTTP/1.1" 200 6282 "http://www.google.com/" "Mozilla/5.0 (Linux; Android 6.0; LG-K430 Build/MRA58K) AppleWebKit/537.36 (KHTML, like Gecko) Chrome/53.0.2785.124 Mobile Safari/537.36"
66.249.66.196 - - [15/May/2021:08:20:25 -0300] "GET /tablas-mareas-pleamar/ HTTP/1.1" 301 - "-" "Mozilla/5.0 (Linux; Android 6.0.1; Nexus 5X Build/MMB29P) AppleWebKit/537.36 (KHTML, like Gecko) Chrome/90.0.4430.97 Mobile Safari/537.36 (compatible; Googlebot/2.1; +http://www.google.com/bot.html)"
66.249.66.219 - - [15/May/2021:08:20:26 -0300] "GET /robots.txt HTTP/1.1" 200 31 "-" "Mozilla/5.0 (compatible; Googlebot/2.1; +http://www.google.com/bot.html)"
170.78.75.240 - - [15/May/2021:08:20:26 -0300] "GET /mareas/json/clave/CarmenLuca19812012 HTTP/1.1" 301 - "-" "-"
170.78.75.240 - - [15/May/2021:08:20:26 -0300] "GET /mareas/json/clave/CarmenLuca19812012 HTTP/1.1" 200 531 "http://www.balneario-el-condor.com.ar/mareas/json/clave/CarmenLuca19812012" "-"
66.249.66.219 - - [15/May/2021:08:20:26 -0300] "GET /tablas-mareas-pleamar/ HTTP/1.1" 200 5366 "-" "Mozilla/5.0 (Linux; Android 6.0.1; Nexus 5X Build/MMB29P) AppleWebKit/537.36 (KHTML, like Gecko) Chrome/90.0.4430.97 Mobile Safari/537.36 (compatible; Googlebot/2.1; +http://www.google.com/bot.html)"
216.244.66.199 - - [15/May/2021:08:25:58 -0300] "GET /robots.txt HTTP/1.1" 200 31 "-" "Mozilla/5.0 (compatible; DotBot/1.2; +https://opensiteexplorer.org/dotbot; help@moz.com)"
66.249.66.200 - - [15/May/2021:08:30:40 -0300] "GET /ads.txt HTTP/1.1" 304 - "-" "Mozilla/5.0 (compatible; Googlebot/2.1; +http://www.google.com/bot.html)"
66.249.66.78 - - [15/May/2021:08:30:41 -0300] "GET /ads.txt HTTP/1.1" 200 58 "-" "Mozilla/5.0 (compatible; Googlebot/2.1; +http://www.google.com/bot.html)"
66.249.66.84 - - [15/May/2021:08:30:41 -0300] "GET /ads.txt HTTP/1.1" 304 - "-" "Mozilla/5.0 (compatible; Googlebot/2.1; +http://www.google.com/bot.html)"
216.244.66.199 - - [15/May/2021:08:32:02 -0300] "GET /restaurantes-y-confiterias/restaurante-lupes HTTP/1.1" 301 - "-" "Mozilla/5.0 (compatible; DotBot/1.2; +https://opensiteexplorer.org/dotbot; help@moz.com)"
185.191.171.26 - - [15/May/2021:08:34:59 -0300] "GET /robots.txt HTTP/1.1" 200 31 "-" "Mozilla/5.0 (compatible; SemrushBot/7~bl; +http://www.semrush.com/bot.html)"
185.191.171.39 - - [15/May/2021:08:34:59 -0300] "GET /servicios/detalle/id/google.com/google.com/google.com/google.com/google.com/google.com/google.com/google.com/google.com/google.com/google.com/google.com/google.com/google.com/google.com/google.com/google.com/google.com/google.com/google.com/google.com/google.com/google.com/google.com/google.com/google.com/google.com/google.com/google.com/google.com/google.com/google.com/google.com/google.com/google.com/google.com/google.com/google.com/google.com/google.com/google.com/google.com/+Balneario-el-condorAr HTTP/1.1" 200 5902 "-" "Mozilla/5.0 (compatible; SemrushBot/7~bl; +http://www.semrush.com/bot.html)"
93.124.52.132 - - [15/May/2021:08:35:44 -0300] "GET / HTTP/1.0" 200 40305 "-" "Mozilla/5.0 (Windows NT 6.3; Win64; x64) AppleWebKit/537.36 (KHTML, like Gecko) Chrome/75.0.3770.100 Safari/537.36"
114.119.131.234 - - [15/May/2021:08:41:58 -0300] "GET /agenda/detalle/espectaculo/el-condor-rock-2018-2019 HTTP/1.1" 301 - "-" "Mozilla/5.0 (Linux; Android 7.0;) AppleWebKit/537.36 (KHTML, like Gecko) Mobile Safari/537.36 (compatible; PetalBot;+https://webmaster.petalsearch.com/site/petalbot)"
114.119.131.234 - - [15/May/2021:08:41:59 -0300] "GET /agenda/detalle/espectaculo/el-condor-rock-2018-2019 HTTP/1.1" 200 6854 "-" "Mozilla/5.0 (Linux; Android 7.0;) AppleWebKit/537.36 (KHTML, like Gecko) Mobile Safari/537.36 (compatible; PetalBot;+https://webmaster.petalsearch.com/site/petalbot)"
91.211.251.112 - - [15/May/2021:08:43:50 -0300] "GET / HTTP/1.0" 200 40305 "-" "Mozilla/5.0 (Windows NT 6.3; Win64; x64) AppleWebKit/537.36 (KHTML, like Gecko) Chrome/75.0.3770.100 Safari/537.36"
66.249.66.196 - - [15/May/2021:08:45:41 -0300] "GET /ads.txt HTTP/1.1" 304 - "-" "Mozilla/5.0 (compatible; Googlebot/2.1; +http://www.google.com/bot.html)"
66.249.66.84 - - [15/May/2021:08:45:42 -0300] "GET /ads.txt HTTP/1.1" 304 - "-" "Mozilla/5.0 (compatible; Googlebot/2.1; +http://www.google.com/bot.html)"
185.191.171.3 - - [15/May/2021:08:48:45 -0300] "GET /servicios/detalle/id/clases-particulares HTTP/1.1" 200 5911 "-" "Mozilla/5.0 (compatible; SemrushBot/7~bl; +http://www.semrush.com/bot.html)"
91.77.113.230 - - [15/May/2021:08:48:54 -0300] "GET / HTTP/1.0" 301 - "http://balneario-el-condor.com.ar/" "Mozilla/5.0 (Windows NT 6.1; Win64; x64) AppleWebKit/537.36 (KHTML, like Gecko) Chrome/83.0.4103.61 Safari/537.36 Edg/83.0.478.37"
91.77.113.230 - - [15/May/2021:08:48:56 -0300] "GET / HTTP/1.0" 301 - "https://balneario-el-condor.com.ar/" "Mozilla/5.0 (Windows NT 6.1; Win64; x64) AppleWebKit/537.36 (KHTML, like Gecko) Chrome/83.0.4103.61 Safari/537.36 Edg/83.0.478.37"
91.77.113.230 - - [15/May/2021:08:48:57 -0300] "GET / HTTP/1.0" 301 - "http://www.balneario-el-condor.com.ar/" "Mozilla/5.0 (Windows NT 6.1; Win64; x64) AppleWebKit/537.36 (KHTML, like Gecko) Chrome/83.0.4103.61 Safari/537.36 Edg/83.0.478.37"
91.77.113.230 - - [15/May/2021:08:48:58 -0300] "GET / HTTP/1.0" 200 40305 "https://www.balneario-el-condor.com.ar/" "Mozilla/5.0 (Windows NT 6.1; Win64; x64) AppleWebKit/537.36 (KHTML, like Gecko) Chrome/83.0.4103.61 Safari/537.36 Edg/83.0.478.37"
207.46.13.11 - - [15/May/2021:08:50:50 -0300] "GET /noticias-y-actividades/Comentarios-de-Diarios HTTP/1.1" 301 - "-" "Mozilla/5.0 (compatible; bingbot/2.0; +http://www.bing.com/bingbot.htm)"
114.119.146.252 - - [15/May/2021:08:55:07 -0300] "GET /servicios/detalle/id/Hamburguesas---Panchos---Super-panchos---Snacks---Picadas-para-armar---Choripanes- HTTP/1.1" 301 - "-" "Mozilla/5.0 (Linux; Android 7.0;) AppleWebKit/537.36 (KHTML, like Gecko) Mobile Safari/537.36 (compatible; PetalBot;+https://webmaster.petalsearch.com/site/petalbot)"
114.119.146.252 - - [15/May/2021:08:55:11 -0300] "GET /servicios/detalle/id/Hamburguesas---Panchos---Super-panchos---Snacks---Picadas-para-armar---Choripanes- HTTP/1.1" 200 6305 "-" "Mozilla/5.0 (Linux; Android 7.0;) AppleWebKit/537.36 (KHTML, like Gecko) Mobile Safari/537.36 (compatible; PetalBot;+https://webmaster.petalsearch.com/site/petalbot)"
66.249.66.200 - - [15/May/2021:09:00:40 -0300] "GET /ads.txt HTTP/1.1" 304 - "-" "Mozilla/5.0 (compatible; Googlebot/2.1; +http://www.google.com/bot.html)"
66.249.66.84 - - [15/May/2021:09:00:41 -0300] "GET /ads.txt HTTP/1.1" 304 - "-" "Mozilla/5.0 (compatible; Googlebot/2.1; +http://www.google.com/bot.html)"
170.78.75.240 - - [15/May/2021:09:04:07 -0300] "GET /mareas/json/clave/CarmenLuca19812012 HTTP/1.1" 301 - "-" "-"
170.78.75.240 - - [15/May/2021:09:04:07 -0300] "GET /mareas/json/clave/CarmenLuca19812012 HTTP/1.1" 200 531 "http://www.balneario-el-condor.com.ar/mareas/json/clave/CarmenLuca19812012" "-"
170.81.228.206 - - [15/May/2021:09:04:07 -0300] "GET /tablas-mareas-pleamar HTTP/1.1" 200 5366 "-" "Mozilla/5.0 (Linux; Android 10; SM-A217M) AppleWebKit/537.36 (KHTML, like Gecko) Chrome/90.0.4430.210 Mobile Safari/537.36"
170.78.75.240 - - [15/May/2021:09:04:08 -0300] "GET /mareas/json/clave/CarmenLuca19812012 HTTP/1.1" 301 - "-" "-"
170.78.75.240 - - [15/May/2021:09:04:08 -0300] "GET /mareas/json/clave/CarmenLuca19812012 HTTP/1.1" 200 531 "http://www.balneario-el-condor.com.ar/mareas/json/clave/CarmenLuca19812012" "-"
170.81.228.206 - - [15/May/2021:09:04:07 -0300] "GET /tablas-mareas-pleamar HTTP/1.1" 200 5366 "-" "Mozilla/5.0 (Linux; Android 10; SM-A217M) AppleWebKit/537.36 (KHTML, like Gecko) Chrome/90.0.4430.210 Mobile Safari/537.36"
170.81.228.206 - - [15/May/2021:09:04:08 -0300] "GET /min/?f=/css/bootstrap.css HTTP/1.1" 304 - "https://www.balneario-el-condor.com.ar/tablas-mareas-pleamar" "Mozilla/5.0 (Linux; Android 10; SM-A217M) AppleWebKit/537.36 (KHTML, like Gecko) Chrome/90.0.4430.210 Mobile Safari/537.36"
170.81.228.206 - - [15/May/2021:09:04:08 -0300] "GET /min/?f=/css/responsive.css HTTP/1.1" 304 - "https://www.balneario-el-condor.com.ar/tablas-mareas-pleamar" "Mozilla/5.0 (Linux; Android 10; SM-A217M) AppleWebKit/537.36 (KHTML, like Gecko) Chrome/90.0.4430.210 Mobile Safari/537.36"
170.81.228.206 - - [15/May/2021:09:04:08 -0300] "GET /min/?f=/css/style.css&v=1 HTTP/1.1" 304 - "https://www.balneario-el-condor.com.ar/tablas-mareas-pleamar" "Mozilla/5.0 (Linux; Android 10; SM-A217M) AppleWebKit/537.36 (KHTML, like Gecko) Chrome/90.0.4430.210 Mobile Safari/537.36"
170.81.228.206 - - [15/May/2021:09:04:08 -0300] "GET /min/?f=/css/MyMedia.css HTTP/1.1" 304 - "https://www.balneario-el-condor.com.ar/tablas-mareas-pleamar" "Mozilla/5.0 (Linux; Android 10; SM-A217M) AppleWebKit/537.36 (KHTML, like Gecko) Chrome/90.0.4430.210 Mobile Safari/537.36"
170.81.228.206 - - [15/May/2021:09:04:08 -0300] "GET /min/?f=/css/bootstrap-tabs.css HTTP/1.1" 304 - "https://www.balneario-el-condor.com.ar/tablas-mareas-pleamar" "Mozilla/5.0 (Linux; Android 10; SM-A217M) AppleWebKit/537.36 (KHTML, like Gecko) Chrome/90.0.4430.210 Mobile Safari/537.36"
170.81.228.206 - - [15/May/2021:09:04:08 -0300] "GET /min/?f=/css/eislideshow.css HTTP/1.1" 304 - "https://www.balneario-el-condor.com.ar/tablas-mareas-pleamar" "Mozilla/5.0 (Linux; Android 10; SM-A217M) AppleWebKit/537.36 (KHTML, like Gecko) Chrome/90.0.4430.210 Mobile Safari/537.36"
170.81.228.206 - - [15/May/2021:09:04:09 -0300] "GET /min/?f=/js/superfish.js,/js/jquery.mobilemenu.js,/js/jquery.easing.1.3.js,/js/jquery.cookie.js,/js/jquery.tipsy.js HTTP/1.1" 304 - "https://www.balneario-el-condor.com.ar/tablas-mareas-pleamar" "Mozilla/5.0 (Linux; Android 10; SM-A217M) AppleWebKit/537.36 (KHTML, like Gecko) Chrome/90.0.4430.210 Mobile Safari/537.36"
170.81.228.206 - - [15/May/2021:09:04:11 -0300] "GET /img/favicon.ico HTTP/1.1" 200 754 "https://www.balneario-el-condor.com.ar/tablas-mareas-pleamar" "Mozilla/5.0 (Linux; Android 10; SM-A217M) AppleWebKit/537.36 (KHTML, like Gecko) Chrome/90.0.4430.210 Mobile Safari/537.36"
66.249.66.200 - - [15/May/2021:09:04:57 -0300] "GET /hoteles-camping-cabanias/Camping-Ina-Lauquen HTTP/1.1" 301 - "-" "Mozilla/5.0 (Linux; Android 6.0.1; Nexus 5X Build/MMB29P) AppleWebKit/537.36 (KHTML, like Gecko) Chrome/90.0.4430.97 Mobile Safari/537.36 (compatible; Googlebot/2.1; +http://www.google.com/bot.html)"
66.249.66.221 - - [15/May/2021:09:04:58 -0300] "GET /hoteles-camping-cabanias/Camping-Ina-Lauquen HTTP/1.1" 200 5258 "-" "Mozilla/5.0 (Linux; Android 6.0.1; Nexus 5X Build/MMB29P) AppleWebKit/537.36 (KHTML, like Gecko) Chrome/90.0.4430.97 Mobile Safari/537.36 (compatible; Googlebot/2.1; +http://www.google.com/bot.html)"
66.249.66.196 - - [15/May/2021:09:09:59 -0300] "GET /boliches-pub/carabana HTTP/1.1" 301 - "-" "Mozilla/5.0 (Linux; Android 6.0.1; Nexus 5X Build/MMB29P) AppleWebKit/537.36 (KHTML, like Gecko) Chrome/90.0.4430.97 Mobile Safari/537.36 (compatible; Googlebot/2.1; +http://www.google.com/bot.html)"
66.249.66.221 - - [15/May/2021:09:10:01 -0300] "GET /boliches-pub/carabana HTTP/1.1" 200 5231 "-" "Mozilla/5.0 (Linux; Android 6.0.1; Nexus 5X Build/MMB29P) AppleWebKit/537.36 (KHTML, like Gecko) Chrome/90.0.4430.97 Mobile Safari/537.36 (compatible; Googlebot/2.1; +http://www.google.com/bot.html)"
216.244.66.199 - - [15/May/2021:09:12:23 -0300] "GET /robots.txt HTTP/1.1" 200 31 "-" "Mozilla/5.0 (compatible; DotBot/1.2; +https://opensiteexplorer.org/dotbot; help@moz.com)"
216.244.66.199 - - [15/May/2021:09:12:24 -0300] "GET /robots.txt HTTP/1.1" 200 31 "-" "Mozilla/5.0 (compatible; DotBot/1.2; +https://opensiteexplorer.org/dotbot; help@moz.com)"
66.249.66.196 - - [15/May/2021:09:13:11 -0300] "GET /imagen HTTP/1.1" 301 - "-" "Mozilla/5.0 (Linux; Android 6.0.1; Nexus 5X Build/MMB29P) AppleWebKit/537.36 (KHTML, like Gecko) Chrome/90.0.4430.97 Mobile Safari/537.36 (compatible; Googlebot/2.1; +http://www.google.com/bot.html)"
66.249.66.217 - - [15/May/2021:09:13:13 -0300] "GET /imagen HTTP/1.1" 200 6671 "-" "Mozilla/5.0 (Linux; Android 6.0.1; Nexus 5X Build/MMB29P) AppleWebKit/537.36 (KHTML, like Gecko) Chrome/90.0.4430.97 Mobile Safari/537.36 (compatible; Googlebot/2.1; +http://www.google.com/bot.html)"
66.249.66.200 - - [15/May/2021:09:14:21 -0300] "GET /noticias-y-actividades/aslfalto-nuevo-folukes-20180728 HTTP/1.1" 301 - "-" "Mozilla/5.0 (Linux; Android 6.0.1; Nexus 5X Build/MMB29P) AppleWebKit/537.36 (KHTML, like Gecko) Chrome/90.0.4430.97 Mobile Safari/537.36 (compatible; Googlebot/2.1; +http://www.google.com/bot.html)"
66.249.66.221 - - [15/May/2021:09:14:22 -0300] "GET /noticias-y-actividades/aslfalto-nuevo-folukes-20180728 HTTP/1.1" 200 7109 "-" "Mozilla/5.0 (Linux; Android 6.0.1; Nexus 5X Build/MMB29P) AppleWebKit/537.36 (KHTML, like Gecko) Chrome/90.0.4430.97 Mobile Safari/537.36 (compatible; Googlebot/2.1; +http://www.google.com/bot.html)"
66.249.66.217 - - [15/May/2021:09:15:01 -0300] "HEAD /imagenes/servicios/timthumb@2x.php?src=http://static.balneario-el-condor.com.ar/imagenes/novedad/631509_240e1b_460c08.jpg&w=370&h=222&zc=1 HTTP/1.1" 200 - "https://www.balneario-el-condor.com.ar/noticias-y-actividades/aslfalto-nuevo-folukes-20180728" "Mozilla/5.0 (Linux; Android 6.0.1; Nexus 5X Build/MMB29P) AppleWebKit/537.36 (KHTML, like Gecko) Chrome/90.0.4430.97 Mobile Safari/537.36 (compatible; Googlebot/2.1; +http://www.google.com/bot.html)"
173.252.127.3 - - [15/May/2021:09:15:29 -0300] "GET /noticias-y-actividades/aslfalto-nuevo-folukes-20180728 HTTP/1.1" 301 - "-" "facebookexternalhit/1.1 (+http://www.facebook.com/externalhit_uatext.php)"
173.252.127.3 - - [15/May/2021:09:15:31 -0300] "GET /noticias-y-actividades/aslfalto-nuevo-folukes-20180728 HTTP/1.1" 206 7109 "-" "facebookexternalhit/1.1 (+http://www.facebook.com/externalhit_uatext.php)"
173.252.127.25 - - [15/May/2021:09:15:33 -0300] "GET /noticias-y-actividades/aslfalto-nuevo-folukes-20180728 HTTP/1.1" 206 7109 "-" "facebookexternalhit/1.1 (+http://www.facebook.com/externalhit_uatext.php)"
173.252.127.3 - - [15/May/2021:09:15:34 -0300] "GET /noticias-y-actividades/aslfalto-nuevo-folukes-20180728 HTTP/1.1" 206 7109 "-" "facebookexternalhit/1.1 (+http://www.facebook.com/externalhit_uatext.php)"
173.252.127.116 - - [15/May/2021:09:15:34 -0300] "GET /noticias-y-actividades/aslfalto-nuevo-folukes-20180728 HTTP/1.1" 206 7109 "-" "facebookexternalhit/1.1 (+http://www.facebook.com/externalhit_uatext.php)"
173.252.127.3 - - [15/May/2021:09:15:35 -0300] "GET /noticias-y-actividades/aslfalto-nuevo-folukes-20180728 HTTP/1.1" 206 7109 "-" "facebookexternalhit/1.1 (+http://www.facebook.com/externalhit_uatext.php)"
173.252.127.13 - - [15/May/2021:09:15:36 -0300] "GET /noticias-y-actividades/aslfalto-nuevo-folukes-20180728 HTTP/1.1" 206 7109 "-" "facebookexternalhit/1.1 (+http://www.facebook.com/externalhit_uatext.php)"
66.249.66.198 - - [15/May/2021:09:15:40 -0300] "GET /ads.txt HTTP/1.1" 304 - "-" "Mozilla/5.0 (compatible; Googlebot/2.1; +http://www.google.com/bot.html)"
66.249.66.84 - - [15/May/2021:09:15:41 -0300] "GET /ads.txt HTTP/1.1" 304 - "-" "Mozilla/5.0 (compatible; Googlebot/2.1; +http://www.google.com/bot.html)"
66.249.66.198 - - [15/May/2021:09:16:08 -0300] "GET /contacto HTTP/1.1" 301 - "-" "Mozilla/5.0 (Linux; Android 6.0.1; Nexus 5X Build/MMB29P) AppleWebKit/537.36 (KHTML, like Gecko) Chrome/90.0.4430.97 Mobile Safari/537.36 (compatible; Googlebot/2.1; +http://www.google.com/bot.html)"
216.244.66.199 - - [15/May/2021:09:18:04 -0300] "GET /historia HTTP/1.1" 301 - "-" "Mozilla/5.0 (compatible; DotBot/1.2; +https://opensiteexplorer.org/dotbot; help@moz.com)"
216.244.66.199 - - [15/May/2021:09:18:35 -0300] "GET /hoteles-camping-cabanias/Camping-Los-Trentinos HTTP/1.1" 301 - "-" "Mozilla/5.0 (compatible; DotBot/1.2; +https://opensiteexplorer.org/dotbot; help@moz.com)"
66.249.66.198 - - [15/May/2021:09:18:58 -0300] "GET /hoteles-camping-cabanias/Apart-Costa-del-Faro HTTP/1.1" 301 - "-" "Mozilla/5.0 (Linux; Android 6.0.1; Nexus 5X Build/MMB29P) AppleWebKit/537.36 (KHTML, like Gecko) Chrome/90.0.4430.97 Mobile Safari/537.36 (compatible; Googlebot/2.1; +http://www.google.com/bot.html)"
66.249.66.221 - - [15/May/2021:09:19:00 -0300] "GET /hoteles-camping-cabanias/Apart-Costa-del-Faro HTTP/1.1" 200 5366 "-" "Mozilla/5.0 (Linux; Android 6.0.1; Nexus 5X Build/MMB29P) AppleWebKit/537.36 (KHTML, like Gecko) Chrome/90.0.4430.97 Mobile Safari/537.36 (compatible; Googlebot/2.1; +http://www.google.com/bot.html)"
66.249.66.217 - - [15/May/2021:09:20:56 -0300] "GET /tablas-mareas-pleamar/playa/loberia HTTP/1.1" 200 6635 "-" "Mozilla/5.0 (compatible; Googlebot/2.1; +http://www.google.com/bot.html)"
66.249.66.200 - - [15/May/2021:09:21:33 -0300] "GET /hoteles-camping-cabanias/Camping-UPCN-Quinto-Puray HTTP/1.1" 301 - "-" "Mozilla/5.0 (Linux; Android 6.0.1; Nexus 5X Build/MMB29P) AppleWebKit/537.36 (KHTML, like Gecko) Chrome/90.0.4430.97 Mobile Safari/537.36 (compatible; Googlebot/2.1; +http://www.google.com/bot.html)"
66.249.66.219 - - [15/May/2021:09:21:34 -0300] "GET /hoteles-camping-cabanias/Camping-UPCN-Quinto-Puray HTTP/1.1" 200 5309 "-" "Mozilla/5.0 (Linux; Android 6.0.1; Nexus 5X Build/MMB29P) AppleWebKit/537.36 (KHTML, like Gecko) Chrome/90.0.4430.97 Mobile Safari/537.36 (compatible; Googlebot/2.1; +http://www.google.com/bot.html)"
54.36.148.35 - - [15/May/2021:09:22:53 -0300] "GET /noticias-y-actividades/faro-reabre-sus-puertas HTTP/1.1" 301 - "-" "Mozilla/5.0 (compatible; AhrefsBot/7.0; +http://ahrefs.com/robot/)"
54.213.12.227 - - [15/May/2021:09:25:20 -0300] "GET / HTTP/1.1" 301 - "-" "Mozilla/5.0 (X11; Linux x86_64) AppleWebKit/537.36 (KHTML, like Gecko) HeadlessChrome/83.0.4103.97 Safari/537.36"
54.213.12.227 - - [15/May/2021:09:25:21 -0300] "GET / HTTP/1.1" 301 - "-" "Mozilla/5.0 (X11; Linux x86_64) AppleWebKit/537.36 (KHTML, like Gecko) HeadlessChrome/83.0.4103.97 Safari/537.36"
54.213.12.227 - - [15/May/2021:09:25:22 -0300] "GET / HTTP/1.1" 301 - "-" "Mozilla/5.0 (X11; Linux x86_64) AppleWebKit/537.36 (KHTML, like Gecko) HeadlessChrome/83.0.4103.97 Safari/537.36"
54.213.12.227 - - [15/May/2021:09:25:23 -0300] "GET / HTTP/1.1" 200 9441 "-" "Mozilla/5.0 (X11; Linux x86_64) AppleWebKit/537.36 (KHTML, like Gecko) HeadlessChrome/83.0.4103.97 Safari/537.36"
54.213.12.227 - - [15/May/2021:09:25:23 -0300] "GET /min/?f=/css/bootstrap.css HTTP/1.1" 200 18172 "https://www.balneario-el-condor.com.ar/" "Mozilla/5.0 (X11; Linux x86_64) AppleWebKit/537.36 (KHTML, like Gecko) HeadlessChrome/83.0.4103.97 Safari/537.36"
54.213.12.227 - - [15/May/2021:09:25:23 -0300] "GET /min/?f=/css/responsive.css HTTP/1.1" 200 5637 "https://www.balneario-el-condor.com.ar/" "Mozilla/5.0 (X11; Linux x86_64) AppleWebKit/537.36 (KHTML, like Gecko) HeadlessChrome/83.0.4103.97 Safari/537.36"
54.213.12.227 - - [15/May/2021:09:25:24 -0300] "GET /min/?f=/css/style.css&v=1 HTTP/1.1" 200 29057 "https://www.balneario-el-condor.com.ar/" "Mozilla/5.0 (X11; Linux x86_64) AppleWebKit/537.36 (KHTML, like Gecko) HeadlessChrome/83.0.4103.97 Safari/537.36"
54.213.12.227 - - [15/May/2021:09:25:24 -0300] "GET /min/?f=/css/MyMedia.css HTTP/1.1" 200 4970 "https://www.balneario-el-condor.com.ar/" "Mozilla/5.0 (X11; Linux x86_64) AppleWebKit/537.36 (KHTML, like Gecko) HeadlessChrome/83.0.4103.97 Safari/537.36"
54.213.12.227 - - [15/May/2021:09:25:24 -0300] "GET /css/bxslider.css HTTP/1.1" 200 2107 "https://www.balneario-el-condor.com.ar/" "Mozilla/5.0 (X11; Linux x86_64) AppleWebKit/537.36 (KHTML, like Gecko) HeadlessChrome/83.0.4103.97 Safari/537.36"
54.213.12.227 - - [15/May/2021:09:25:24 -0300] "GET /min/?f=/css/bootstrap-tabs.css HTTP/1.1" 200 1476 "https://www.balneario-el-condor.com.ar/" "Mozilla/5.0 (X11; Linux x86_64) AppleWebKit/537.36 (KHTML, like Gecko) HeadlessChrome/83.0.4103.97 Safari/537.36"
54.213.12.227 - - [15/May/2021:09:25:24 -0300] "GET /min/?f=/css/eislideshow.css HTTP/1.1" 200 1064 "https://www.balneario-el-condor.com.ar/" "Mozilla/5.0 (X11; Linux x86_64) AppleWebKit/537.36 (KHTML, like Gecko) HeadlessChrome/83.0.4103.97 Safari/537.36"
54.213.12.227 - - [15/May/2021:09:25:24 -0300] "GET /jackbox/css/jackbox.css HTTP/1.1" 200 3743 "https://www.balneario-el-condor.com.ar/" "Mozilla/5.0 (X11; Linux x86_64) AppleWebKit/537.36 (KHTML, like Gecko) HeadlessChrome/83.0.4103.97 Safari/537.36"
