170.78.75.240 - - [20/May/2021:09:05:04 -0300] "GET /css/images/repositorio/fiesta-mar-y-acampante-noche-1/WhatsApp%20Image%202020-01-24%20at%2000.54.30.jpeg HTTP/1.1" 200 502366 "-" "Mozilla/5.0 (Windows NT 6.1) AppleWebKit/534.30 (KHTML, like Gecko) Chrome/12.0.742.122 Safari/534.30"
170.78.75.240 - - [20/May/2021:09:05:08 -0300] "GET /css/images/repositorio/fiesta-mar-y-acampante-noche-1/WhatsApp%20Image%202020-01-24%20at%2000.54.28(1).jpeg HTTP/1.1" 200 596561 "-" "Mozilla/5.0 (Windows NT 6.1) AppleWebKit/534.30 (KHTML, like Gecko) Chrome/12.0.742.122 Safari/534.30"
170.78.75.240 - - [20/May/2021:09:05:11 -0300] "GET /css/images/repositorio/fiesta-mar-y-acampante-noche-1/WhatsApp%20Image%202020-01-24%20at%2000.54.29(1).jpeg HTTP/1.1" 200 191689 "-" "Mozilla/5.0 (Windows NT 6.1) AppleWebKit/534.30 (KHTML, like Gecko) Chrome/12.0.742.122 Safari/534.30"
170.78.75.240 - - [20/May/2021:09:05:15 -0300] "GET /css/images/repositorio/fiesta-mar-y-acampante-noche-1/WhatsApp%20Image%202020-01-24%20at%2000.53.11.jpeg HTTP/1.1" 200 188503 "-" "Mozilla/5.0 (Windows NT 6.1) AppleWebKit/534.30 (KHTML, like Gecko) Chrome/12.0.742.122 Safari/534.30"
170.78.75.240 - - [20/May/2021:09:05:18 -0300] "GET /css/images/repositorio/fiesta-mar-y-acampante-noche-1/WhatsApp%20Image%202020-01-24%20at%2000.53.16(2).jpeg HTTP/1.1" 200 155339 "-" "Mozilla/5.0 (Windows NT 6.1) AppleWebKit/534.30 (KHTML, like Gecko) Chrome/12.0.742.122 Safari/534.30"
157.55.39.139 - - [20/May/2021:10:00:39 -0300] "GET /css/images/repositorio/big_one_559013_624869124245073_575582214_n.jpg HTTP/1.1" 200 45740 "-" "Mozilla/5.0 (compatible; bingbot/2.0; +http://www.bing.com/bingbot.htm)"
66.249.69.85 - - [20/May/2021:10:07:04 -0300] "GET /css/images/repositorio/photo_033c3a_DSC01819.JPG HTTP/1.1" 200 363 "-" "Googlebot-Image/1.0"
190.55.212.99 - - [20/May/2021:10:15:44 -0300] "GET /imagenes/novedad/324e3c_f1115f_81a041.jpg HTTP/1.1" 200 287077 "https://www.google.com/" "Mozilla/5.0 (Linux; Android 10; SM-A315G Build/QP1A.190711.020; wv) AppleWebKit/537.36 (KHTML, like Gecko) Version/4.0 Chrome/90.0.4430.210 Mobile Safari/537.36 GSA/12.18.11.23.arm64"
170.78.75.240 - - [20/May/2021:10:37:54 -0300] "GET /imagenes/novedad/77312c_1681d8_ba5914.jpg HTTP/1.1" 200 31499 "-" "Mozilla/5.0 (Windows NT 6.1) AppleWebKit/534.30 (KHTML, like Gecko) Chrome/12.0.742.122 Safari/534.30"
170.78.75.240 - - [20/May/2021:10:37:54 -0300] "GET /imagenes/novedad/5db44a_03eb7c_796223.jpg HTTP/1.1" 200 47460 "-" "Mozilla/5.0 (Windows NT 6.1) AppleWebKit/534.30 (KHTML, like Gecko) Chrome/12.0.742.122 Safari/534.30"
170.78.75.240 - - [20/May/2021:10:37:54 -0300] "GET /imagenes/novedad/64afa4_264cbf_c4bf94.jpg HTTP/1.1" 200 9725 "-" "Mozilla/5.0 (Windows NT 6.1) AppleWebKit/534.30 (KHTML, like Gecko) Chrome/12.0.742.122 Safari/534.30"
170.78.75.240 - - [20/May/2021:10:37:54 -0300] "GET /imagenes/novedad/8baa26_40e13d_47e80a.JPG HTTP/1.1" 200 317538 "-" "Mozilla/5.0 (Windows NT 6.1) AppleWebKit/534.30 (KHTML, like Gecko) Chrome/12.0.742.122 Safari/534.30"
190.211.211.201 - - [20/May/2021:10:37:54 -0300] "GET /imagenes/novedad/5c89e1_6f7e39_63d5ab.jpeg HTTP/1.1" 200 53490 "https://www.balneario-el-condor.com.ar/" "Mozilla/5.0 (Linux; Android 11; moto g(8) power) AppleWebKit/537.36 (KHTML, like Gecko) Chrome/86.0.4240.185 Mobile Safari/537.36"
190.211.211.201 - - [20/May/2021:10:37:54 -0300] "GET /imagenes/novedad/3f33d3_a06512_bb88a3.jpeg HTTP/1.1" 200 164286 "https://www.balneario-el-condor.com.ar/" "Mozilla/5.0 (Linux; Android 11; moto g(8) power) AppleWebKit/537.36 (KHTML, like Gecko) Chrome/86.0.4240.185 Mobile Safari/537.36"
181.171.164.219 - - [20/May/2021:10:48:51 -0300] "GET /css/images/repositorio/hospedaje/Alojamiento.jpg HTTP/1.1" 200 2056 "https://www.balneario-el-condor.com.ar/" "Mozilla/5.0 (Windows NT 10.0; Win64; x64) AppleWebKit/537.36 (KHTML, like Gecko) Chrome/90.0.4430.212 Safari/537.36 Edg/90.0.818.62"
181.171.164.219 - - [20/May/2021:10:48:51 -0300] "GET /css/images/repositorio/hospedaje/camping.jpg HTTP/1.1" 200 2225 "https://www.balneario-el-condor.com.ar/" "Mozilla/5.0 (Windows NT 10.0; Win64; x64) AppleWebKit/537.36 (KHTML, like Gecko) Chrome/90.0.4430.212 Safari/537.36 Edg/90.0.818.62"
181.171.164.219 - - [20/May/2021:10:48:51 -0300] "GET /css/images/repositorio/restaurantes/restaurantes.jpg HTTP/1.1" 200 8578 "https://www.balneario-el-condor.com.ar/" "Mozilla/5.0 (Windows NT 10.0; Win64; x64) AppleWebKit/537.36 (KHTML, like Gecko) Chrome/90.0.4430.212 Safari/537.36 Edg/90.0.818.62"
181.171.164.219 - - [20/May/2021:10:48:51 -0300] "GET /css/images/repositorio/restaurantes/arenas-del-sur.jpg HTTP/1.1" 200 17512 "https://www.balneario-el-condor.com.ar/" "Mozilla/5.0 (Windows NT 10.0; Win64; x64) AppleWebKit/537.36 (KHTML, like Gecko) Chrome/90.0.4430.212 Safari/537.36 Edg/90.0.818.62"
181.171.164.219 - - [20/May/2021:10:48:51 -0300] "GET /css/images/repositorio/restaurantes/lupes-resto-mini.jpg HTTP/1.1" 200 69021 "https://www.balneario-el-condor.com.ar/" "Mozilla/5.0 (Windows NT 10.0; Win64; x64) AppleWebKit/537.36 (KHTML, like Gecko) Chrome/90.0.4430.212 Safari/537.36 Edg/90.0.818.62"
170.78.75.240 - - [20/May/2021:10:51:00 -0300] "GET /css/images/repositorio/fiesta-mar-y-acampante-noche-1/WhatsApp%20Image%202020-01-24%20at%2000.54.31.jpeg HTTP/1.1" 200 260091 "-" "Mozilla/5.0 (Windows NT 6.1) AppleWebKit/534.30 (KHTML, like Gecko) Chrome/12.0.742.122 Safari/534.30"
170.78.75.240 - - [20/May/2021:10:51:04 -0300] "GET /css/images/repositorio/fiesta-mar-y-acampante-noche-1/WhatsApp%20Image%202020-01-24%20at%2000.54.32.jpeg HTTP/1.1" 200 361351 "-" "Mozilla/5.0 (Windows NT 6.1) AppleWebKit/534.30 (KHTML, like Gecko) Chrome/12.0.742.122 Safari/534.30"
170.78.75.240 - - [20/May/2021:10:51:07 -0300] "GET /css/images/repositorio/fiesta-mar-y-acampante-noche-1/WhatsApp%20Image%202020-01-24%20at%2000.53.10.jpeg HTTP/1.1" 200 154261 "-" "Mozilla/5.0 (Windows NT 6.1) AppleWebKit/534.30 (KHTML, like Gecko) Chrome/12.0.742.122 Safari/534.30"
170.78.75.240 - - [20/May/2021:10:51:10 -0300] "GET /css/images/repositorio/fiesta-mar-y-acampante-noche-1/WhatsApp%20Image%202020-01-24%20at%2000.53.11(1).jpeg HTTP/1.1" 200 187590 "-" "Mozilla/5.0 (Windows NT 6.1) AppleWebKit/534.30 (KHTML, like Gecko) Chrome/12.0.742.122 Safari/534.30"
170.78.75.240 - - [20/May/2021:10:51:14 -0300] "GET /css/images/repositorio/fiesta-mar-y-acampante-noche-1/WhatsApp%20Image%202020-01-24%20at%2000.53.12(1).jpeg HTTP/1.1" 200 177083 "-" "Mozilla/5.0 (Windows NT 6.1) AppleWebKit/534.30 (KHTML, like Gecko) Chrome/12.0.742.122 Safari/534.30"
170.78.75.240 - - [20/May/2021:10:51:17 -0300] "GET /css/images/repositorio/fiesta-mar-y-acampante-noche-1/WhatsApp%20Image%202020-01-24%20at%2000.53.12.jpeg HTTP/1.1" 200 174759 "-" "Mozilla/5.0 (Windows NT 6.1) AppleWebKit/534.30 (KHTML, like Gecko) Chrome/12.0.742.122 Safari/534.30"
170.78.75.240 - - [20/May/2021:10:51:21 -0300] "GET /css/images/repositorio/fiesta-mar-y-acampante-noche-1/WhatsApp%20Image%202020-01-24%20at%2000.53.13.jpeg HTTP/1.1" 200 187436 "-" "Mozilla/5.0 (Windows NT 6.1) AppleWebKit/534.30 (KHTML, like Gecko) Chrome/12.0.742.122 Safari/534.30"
170.78.75.240 - - [20/May/2021:10:51:24 -0300] "GET /css/images/repositorio/fiesta-mar-y-acampante-noche-1/WhatsApp%20Image%202020-01-24%20at%2000.53.14(1).jpeg HTTP/1.1" 200 285179 "-" "Mozilla/5.0 (Windows NT 6.1) AppleWebKit/534.30 (KHTML, like Gecko) Chrome/12.0.742.122 Safari/534.30"
170.78.75.240 - - [20/May/2021:10:51:27 -0300] "GET /css/images/repositorio/fiesta-mar-y-acampante-noche-1/WhatsApp%20Image%202020-01-24%20at%2000.53.15.jpeg HTTP/1.1" 200 168618 "-" "Mozilla/5.0 (Windows NT 6.1) AppleWebKit/534.30 (KHTML, like Gecko) Chrome/12.0.742.122 Safari/534.30"
170.78.75.240 - - [20/May/2021:10:51:31 -0300] "GET /css/images/repositorio/fiesta-mar-y-acampante-noche-1/WhatsApp%20Image%202020-01-24%20at%2000.53.16(1).jpeg HTTP/1.1" 200 153149 "-" "Mozilla/5.0 (Windows NT 6.1) AppleWebKit/534.30 (KHTML, like Gecko) Chrome/12.0.742.122 Safari/534.30"
170.78.75.240 - - [20/May/2021:10:51:34 -0300] "GET /css/images/repositorio/fiesta-mar-y-acampante-noche-1/WhatsApp%20Image%202020-01-24%20at%2000.53.16.jpeg HTTP/1.1" 200 196149 "-" "Mozilla/5.0 (Windows NT 6.1) AppleWebKit/534.30 (KHTML, like Gecko) Chrome/12.0.742.122 Safari/534.30"
157.55.39.139 - - [20/May/2021:11:41:01 -0300] "GET /css/images/repositorio/big_one_1925328_624611400937512_1638937487_n.jpg HTTP/1.1" 200 51651 "-" "Mozilla/5.0 (compatible; bingbot/2.0; +http://www.bing.com/bingbot.htm)"
157.55.39.183 - - [20/May/2021:11:43:33 -0300] "GET /css/images/repositorio/thumb_e31b3a_3bhs_8213.jpg HTTP/1.1" 200 363 "-" "Mozilla/5.0 (compatible; bingbot/2.0; +http://www.bing.com/bingbot.htm)"
170.78.75.240 - - [20/May/2021:12:34:12 -0300] "GET /css/images/repositorio/fiesta-mar-y-acampante-noche-1/WhatsApp%20Image%202020-01-24%20at%2000.53.17.jpeg HTTP/1.1" 200 112306 "-" "Mozilla/5.0 (Windows NT 6.1) AppleWebKit/534.30 (KHTML, like Gecko) Chrome/12.0.742.122 Safari/534.30"
170.78.75.240 - - [20/May/2021:12:34:15 -0300] "GET /css/images/repositorio/fiesta-mar-y-acampante-noche-1/WhatsApp%20Image%202020-01-24%20at%2000.54.28.jpeg HTTP/1.1" 200 255606 "-" "Mozilla/5.0 (Windows NT 6.1) AppleWebKit/534.30 (KHTML, like Gecko) Chrome/12.0.742.122 Safari/534.30"
170.78.75.240 - - [20/May/2021:12:34:19 -0300] "GET /css/images/repositorio/fiesta-mar-y-acampante-noche-1/WhatsApp%20Image%202020-01-24%20at%2000.54.29.jpeg HTTP/1.1" 200 251146 "-" "Mozilla/5.0 (Windows NT 6.1) AppleWebKit/534.30 (KHTML, like Gecko) Chrome/12.0.742.122 Safari/534.30"
138.246.253.24 - - [20/May/2021:12:36:22 -0300] "HEAD / HTTP/1.1" 200 - "-" "Mozilla/5.0 (Windows NT 10.0; Win64; x64) AppleWebKit/537.36 (KHTML, like Gecko) Chrome/88.0.4324.146 Safari/537.36"
114.119.146.252 - - [20/May/2021:12:41:26 -0300] "GET /css/images/repositorio/photo_6b8d7d_promonte_3_08.jpg HTTP/1.1" 200 363 "-" "Mozilla/5.0 (Linux; Android 7.0;) AppleWebKit/537.36 (KHTML, like Gecko) Mobile Safari/537.36 (compatible; PetalBot;+https://webmaster.petalsearch.com/site/petalbot)"
200.81.175.153 - - [20/May/2021:12:44:22 -0300] "GET /css/images/repositorio/hospedaje/Alojamiento.jpg HTTP/1.1" 200 2056 "https://www.balneario-el-condor.com.ar/" "Mozilla/5.0 (Linux; Android 10; SM-A015M Build/QP1A.190711.020; wv) AppleWebKit/537.36 (KHTML, like Gecko) Version/4.0 Chrome/90.0.4430.210 Mobile Safari/537.36 [FB_IAB/FB4A;FBAV/318.0.0.39.154;]"
200.81.175.153 - - [20/May/2021:12:44:22 -0300] "GET /css/images/repositorio/hospedaje/camping.jpg HTTP/1.1" 200 2225 "https://www.balneario-el-condor.com.ar/" "Mozilla/5.0 (Linux; Android 10; SM-A015M Build/QP1A.190711.020; wv) AppleWebKit/537.36 (KHTML, like Gecko) Version/4.0 Chrome/90.0.4430.210 Mobile Safari/537.36 [FB_IAB/FB4A;FBAV/318.0.0.39.154;]"
200.81.175.153 - - [20/May/2021:12:44:22 -0300] "GET /css/images/repositorio/restaurantes/restaurantes.jpg HTTP/1.1" 200 8578 "https://www.balneario-el-condor.com.ar/" "Mozilla/5.0 (Linux; Android 10; SM-A015M Build/QP1A.190711.020; wv) AppleWebKit/537.36 (KHTML, like Gecko) Version/4.0 Chrome/90.0.4430.210 Mobile Safari/537.36 [FB_IAB/FB4A;FBAV/318.0.0.39.154;]"
200.81.175.153 - - [20/May/2021:12:44:22 -0300] "GET /css/images/repositorio/restaurantes/lupes-resto-mini.jpg HTTP/1.1" 200 69021 "https://www.balneario-el-condor.com.ar/" "Mozilla/5.0 (Linux; Android 10; SM-A015M Build/QP1A.190711.020; wv) AppleWebKit/537.36 (KHTML, like Gecko) Version/4.0 Chrome/90.0.4430.210 Mobile Safari/537.36 [FB_IAB/FB4A;FBAV/318.0.0.39.154;]"
200.81.175.153 - - [20/May/2021:12:44:22 -0300] "GET /css/images/repositorio/restaurantes/arenas-del-sur.jpg HTTP/1.1" 200 17512 "https://www.balneario-el-condor.com.ar/" "Mozilla/5.0 (Linux; Android 10; SM-A015M Build/QP1A.190711.020; wv) AppleWebKit/537.36 (KHTML, like Gecko) Version/4.0 Chrome/90.0.4430.210 Mobile Safari/537.36 [FB_IAB/FB4A;FBAV/318.0.0.39.154;]"
173.252.127.26 - - [20/May/2021:13:50:16 -0300] "GET /imagenes/novedad/e89242_636e14_46f776.jpg HTTP/1.1" 200 130369 "-" "facebookexternalhit/1.1 (+http://www.facebook.com/externalhit_uatext.php)"
66.220.149.12 - - [20/May/2021:13:52:32 -0300] "GET /imagenes/novedad/e89242_636e14_46f776.jpg HTTP/1.1" 200 130369 "-" "facebookexternalhit/1.1 (+http://www.facebook.com/externalhit_uatext.php)"
152.168.26.196 - - [20/May/2021:14:02:44 -0300] "GET /imagenes/novedad/5c89e1_6f7e39_63d5ab.jpeg HTTP/1.1" 200 53490 "https://www.balneario-el-condor.com.ar/" "Mozilla/5.0 (Linux; Android 10; SM-A205G) AppleWebKit/537.36 (KHTML, like Gecko) Chrome/90.0.4430.210 Mobile Safari/537.36"
152.168.26.196 - - [20/May/2021:14:02:44 -0300] "GET /imagenes/novedad/3f33d3_a06512_bb88a3.jpeg HTTP/1.1" 200 164286 "https://www.balneario-el-condor.com.ar/" "Mozilla/5.0 (Linux; Android 10; SM-A205G) AppleWebKit/537.36 (KHTML, like Gecko) Chrome/90.0.4430.210 Mobile Safari/537.36"
157.55.39.45 - - [20/May/2021:14:05:07 -0300] "GET /imagenes/novedad/e0c5e6_d1a8ee_f142a7.jpg HTTP/1.1" 200 151810 "-" "Mozilla/5.0 (compatible; bingbot/2.0; +http://www.bing.com/bingbot.htm)"
114.119.132.207 - - [20/May/2021:14:06:40 -0300] "GET /css/images/repositorio/thumb_1c22ef_3.jpg HTTP/1.1" 200 363 "-" "Mozilla/5.0 (Linux; Android 7.0;) AppleWebKit/537.36 (KHTML, like Gecko) Mobile Safari/537.36 (compatible; PetalBot;+https://webmaster.petalsearch.com/site/petalbot)"
34.221.45.110 - - [20/May/2021:14:14:49 -0300] "GET / HTTP/1.1" 200 2489 "-" "Mozilla/5.0 (X11; Linux x86_64) AppleWebKit/537.36 (KHTML, like Gecko) HeadlessChrome/83.0.4103.97 Safari/537.36"
34.221.45.110 - - [20/May/2021:14:14:49 -0300] "GET /assets/js/core/jquery.min.js HTTP/1.1" 200 29532 "http://static.balneario-el-condor.com.ar/" "Mozilla/5.0 (X11; Linux x86_64) AppleWebKit/537.36 (KHTML, like Gecko) HeadlessChrome/83.0.4103.97 Safari/537.36"
34.221.45.110 - - [20/May/2021:14:14:49 -0300] "GET /assets/js/core/bootstrap.min.js HTTP/1.1" 200 9539 "http://static.balneario-el-condor.com.ar/" "Mozilla/5.0 (X11; Linux x86_64) AppleWebKit/537.36 (KHTML, like Gecko) HeadlessChrome/83.0.4103.97 Safari/537.36"
34.221.45.110 - - [20/May/2021:14:14:49 -0300] "GET /assets/js/core/jquery.slimscroll.min.js HTTP/1.1" 200 1883 "http://static.balneario-el-condor.com.ar/" "Mozilla/5.0 (X11; Linux x86_64) AppleWebKit/537.36 (KHTML, like Gecko) HeadlessChrome/83.0.4103.97 Safari/537.36"
34.221.45.110 - - [20/May/2021:14:14:49 -0300] "GET /assets/js/core/jquery.scrollLock.min.js HTTP/1.1" 200 635 "http://static.balneario-el-condor.com.ar/" "Mozilla/5.0 (X11; Linux x86_64) AppleWebKit/537.36 (KHTML, like Gecko) HeadlessChrome/83.0.4103.97 Safari/537.36"
34.221.45.110 - - [20/May/2021:14:14:49 -0300] "GET /assets/css/oneui.css HTTP/1.1" 200 47988 "http://static.balneario-el-condor.com.ar/" "Mozilla/5.0 (X11; Linux x86_64) AppleWebKit/537.36 (KHTML, like Gecko) HeadlessChrome/83.0.4103.97 Safari/537.36"
34.221.45.110 - - [20/May/2021:14:14:49 -0300] "GET /assets/js/core/jquery.appear.min.js HTTP/1.1" 200 767 "http://static.balneario-el-condor.com.ar/" "Mozilla/5.0 (X11; Linux x86_64) AppleWebKit/537.36 (KHTML, like Gecko) HeadlessChrome/83.0.4103.97 Safari/537.36"
34.221.45.110 - - [20/May/2021:14:14:50 -0300] "GET /assets/js/core/jquery.countTo.min.js HTTP/1.1" 200 768 "http://static.balneario-el-condor.com.ar/" "Mozilla/5.0 (X11; Linux x86_64) AppleWebKit/537.36 (KHTML, like Gecko) HeadlessChrome/83.0.4103.97 Safari/537.36"
34.221.45.110 - - [20/May/2021:14:14:50 -0300] "GET /assets/js/core/jquery.placeholder.min.js HTTP/1.1" 200 1099 "http://static.balneario-el-condor.com.ar/" "Mozilla/5.0 (X11; Linux x86_64) AppleWebKit/537.36 (KHTML, like Gecko) HeadlessChrome/83.0.4103.97 Safari/537.36"
34.221.45.110 - - [20/May/2021:14:14:50 -0300] "GET /assets/js/core/js.cookie.min.js HTTP/1.1" 200 919 "http://static.balneario-el-condor.com.ar/" "Mozilla/5.0 (X11; Linux x86_64) AppleWebKit/537.36 (KHTML, like Gecko) HeadlessChrome/83.0.4103.97 Safari/537.36"
34.221.45.110 - - [20/May/2021:14:14:50 -0300] "GET /assets/js/app.js HTTP/1.1" 200 7657 "http://static.balneario-el-condor.com.ar/" "Mozilla/5.0 (X11; Linux x86_64) AppleWebKit/537.36 (KHTML, like Gecko) HeadlessChrome/83.0.4103.97 Safari/537.36"
34.221.45.110 - - [20/May/2021:14:14:50 -0300] "GET /assets/js/plugins/jquery-validation/jquery.validate.min.js HTTP/1.1" 200 6789 "http://static.balneario-el-condor.com.ar/" "Mozilla/5.0 (X11; Linux x86_64) AppleWebKit/537.36 (KHTML, like Gecko) HeadlessChrome/83.0.4103.97 Safari/537.36"
34.221.45.110 - - [20/May/2021:14:14:50 -0300] "GET /assets/js/pages/base_forms_validation.js HTTP/1.1" 200 1204 "http://static.balneario-el-condor.com.ar/" "Mozilla/5.0 (X11; Linux x86_64) AppleWebKit/537.36 (KHTML, like Gecko) HeadlessChrome/83.0.4103.97 Safari/537.36"
34.221.45.110 - - [20/May/2021:14:14:50 -0300] "GET /assets/fonts/Simple-Line-Icons.woff HTTP/1.1" 200 59324 "http://static.balneario-el-condor.com.ar/assets/css/oneui.css" "Mozilla/5.0 (X11; Linux x86_64) AppleWebKit/537.36 (KHTML, like Gecko) HeadlessChrome/83.0.4103.97 Safari/537.36"
34.221.45.110 - - [20/May/2021:14:14:50 -0300] "GET /assets/fonts/fontawesome-webfont.woff2?v=4.3.0 HTTP/1.1" 200 56780 "http://static.balneario-el-condor.com.ar/assets/css/oneui.css" "Mozilla/5.0 (X11; Linux x86_64) AppleWebKit/537.36 (KHTML, like Gecko) HeadlessChrome/83.0.4103.97 Safari/537.36"
114.119.146.252 - - [20/May/2021:14:14:51 -0300] "GET /imagenes/novedad/eee900_16145451_1830081793872899_267929522_o.jpg HTTP/1.1" 200 424 "-" "Mozilla/5.0 (Linux; Android 7.0;) AppleWebKit/537.36 (KHTML, like Gecko) Mobile Safari/537.36 (compatible; PetalBot;+https://webmaster.petalsearch.com/site/petalbot)"
114.119.152.34 - - [20/May/2021:14:19:32 -0300] "GET /imagenes/novedad/faro-el-condor.jpg HTTP/1.1" 200 424 "-" "Mozilla/5.0 (Linux; Android 7.0;) AppleWebKit/537.36 (KHTML, like Gecko) Mobile Safari/537.36 (compatible; PetalBot;+https://webmaster.petalsearch.com/site/petalbot)"
157.55.39.2 - - [20/May/2021:15:10:02 -0300] "GET /imagenes/novedad/720709_a4bdb0_27da0a.jpeg HTTP/1.1" 200 83511 "-" "Mozilla/5.0 (compatible; bingbot/2.0; +http://www.bing.com/bingbot.htm)"
40.77.167.81 - - [20/May/2021:15:14:05 -0300] "GET /css/images/repositorio/thumb_0907af_3bhs_8230.jpg HTTP/1.1" 200 363 "-" "Mozilla/5.0 (compatible; bingbot/2.0; +http://www.bing.com/bingbot.htm)"
157.55.39.139 - - [20/May/2021:15:26:27 -0300] "GET /css/images/repositorio/thumb_10001345_625533490845303_1067607481_n.jpg HTTP/1.1" 200 5404 "-" "Mozilla/5.0 (compatible; bingbot/2.0; +http://www.bing.com/bingbot.htm)"
40.77.167.21 - - [20/May/2021:15:41:50 -0300] "GET /imagenes/novedad/86a269_f42737_19db93.jpeg HTTP/1.1" 200 35808 "-" "Mozilla/5.0 (compatible; bingbot/2.0; +http://www.bing.com/bingbot.htm)"
157.55.39.11 - - [20/May/2021:16:28:51 -0300] "GET /css/images/repositorio/photo_03da0a_3bhs_8244.jpg HTTP/1.1" 200 363 "-" "Mozilla/5.0 (compatible; bingbot/2.0; +http://www.bing.com/bingbot.htm)"
157.55.39.2 - - [20/May/2021:17:49:40 -0300] "GET /css/images/repositorio/thumb_bb4d79_3bhs_8260.jpg HTTP/1.1" 200 363 "-" "Mozilla/5.0 (compatible; bingbot/2.0; +http://www.bing.com/bingbot.htm)"
94.73.42.23 - - [20/May/2021:18:26:39 -0300] "GET /css/images/repositorio/photo_73dfb2_mariano.jpg HTTP/1.1" 200 363 "https://www.balneario-el-condor.com.ar/" "Mozilla/5.0 (Windows NT 10.0; Win64; x64) AppleWebKit/537.36 (KHTML, like Gecko) Chrome/90.0.4430.212 Safari/537.36"
170.78.75.240 - - [20/May/2021:18:26:40 -0300] "GET /imagenes/novedad/ae4d52_bfd120_18d939.jpg HTTP/1.1" 200 15876 "-" "Mozilla/5.0 (Windows NT 6.1) AppleWebKit/534.30 (KHTML, like Gecko) Chrome/12.0.742.122 Safari/534.30"
170.78.75.240 - - [20/May/2021:18:26:40 -0300] "GET /imagenes/novedad/582d8d_599246_a684ce.jpg HTTP/1.1" 200 155845 "-" "Mozilla/5.0 (Windows NT 6.1) AppleWebKit/534.30 (KHTML, like Gecko) Chrome/12.0.742.122 Safari/534.30"
170.78.75.240 - - [20/May/2021:18:26:40 -0300] "GET /imagenes/novedad/e0c5e6_d1a8ee_f142a7.jpg HTTP/1.1" 200 151810 "-" "Mozilla/5.0 (Windows NT 6.1) AppleWebKit/534.30 (KHTML, like Gecko) Chrome/12.0.742.122 Safari/534.30"
170.78.75.240 - - [20/May/2021:18:26:40 -0300] "GET /imagenes/novedad/2d68e0_bf2b80_022090.jpg HTTP/1.1" 200 141661 "-" "Mozilla/5.0 (Windows NT 6.1) AppleWebKit/534.30 (KHTML, like Gecko) Chrome/12.0.742.122 Safari/534.30"
170.78.75.240 - - [20/May/2021:18:26:40 -0300] "GET /imagenes/novedad/631509_240e1b_460c08.jpg HTTP/1.1" 200 99573 "-" "Mozilla/5.0 (Windows NT 6.1) AppleWebKit/534.30 (KHTML, like Gecko) Chrome/12.0.742.122 Safari/534.30"
173.252.111.117 - - [20/May/2021:18:26:47 -0300] "GET /css/images/repositorio/photo_73dfb2_mariano.jpg HTTP/1.1" 200 363 "-" "facebookexternalhit/1.1 (+http://www.facebook.com/externalhit_uatext.php)"
69.171.251.10 - - [20/May/2021:18:27:43 -0300] "GET /imagenes/novedad/5529f6_distreich_ciclo_via.jpg HTTP/1.1" 200 424 "-" "facebookexternalhit/1.1 (+http://www.facebook.com/externalhit_uatext.php)"
66.220.149.50 - - [20/May/2021:18:54:51 -0300] "GET /imagenes/novedad/953293_f474e6_039a9b.jpeg HTTP/1.1" 200 122666 "-" "facebookexternalhit/1.1 (+http://www.facebook.com/externalhit_uatext.php)"
173.252.95.21 - - [20/May/2021:18:54:51 -0300] "GET /imagenes/novedad/953293_f474e6_039a9b.jpeg HTTP/1.1" 200 122666 "-" "facebookexternalhit/1.1 (+http://www.facebook.com/externalhit_uatext.php)"
170.78.75.240 - - [20/May/2021:18:55:59 -0300] "GET /imagenes/novedad/d8940f_6d7857_866abc.jpg HTTP/1.1" 200 96020 "-" "Mozilla/5.0 (Windows NT 6.1) AppleWebKit/534.30 (KHTML, like Gecko) Chrome/12.0.742.122 Safari/534.30"
181.229.185.246 - - [20/May/2021:18:56:03 -0300] "GET /css/images/repositorio/hospedaje/Alojamiento.jpg HTTP/1.1" 200 2056 "https://www.balneario-el-condor.com.ar/" "Mozilla/5.0 (Windows NT 10.0; Win64; x64) AppleWebKit/537.36 (KHTML, like Gecko) Chrome/90.0.4430.212 Safari/537.36 Edg/90.0.818.62"
181.229.185.246 - - [20/May/2021:18:56:03 -0300] "GET /css/images/repositorio/hospedaje/camping.jpg HTTP/1.1" 200 2225 "https://www.balneario-el-condor.com.ar/" "Mozilla/5.0 (Windows NT 10.0; Win64; x64) AppleWebKit/537.36 (KHTML, like Gecko) Chrome/90.0.4430.212 Safari/537.36 Edg/90.0.818.62"
181.229.185.246 - - [20/May/2021:18:56:03 -0300] "GET /css/images/repositorio/restaurantes/restaurantes.jpg HTTP/1.1" 200 8578 "https://www.balneario-el-condor.com.ar/" "Mozilla/5.0 (Windows NT 10.0; Win64; x64) AppleWebKit/537.36 (KHTML, like Gecko) Chrome/90.0.4430.212 Safari/537.36 Edg/90.0.818.62"
181.229.185.246 - - [20/May/2021:18:56:03 -0300] "GET /css/images/repositorio/restaurantes/arenas-del-sur.jpg HTTP/1.1" 200 17512 "https://www.balneario-el-condor.com.ar/" "Mozilla/5.0 (Windows NT 10.0; Win64; x64) AppleWebKit/537.36 (KHTML, like Gecko) Chrome/90.0.4430.212 Safari/537.36 Edg/90.0.818.62"
181.229.185.246 - - [20/May/2021:18:56:03 -0300] "GET /css/images/repositorio/restaurantes/lupes-resto-mini.jpg HTTP/1.1" 200 69021 "https://www.balneario-el-condor.com.ar/" "Mozilla/5.0 (Windows NT 10.0; Win64; x64) AppleWebKit/537.36 (KHTML, like Gecko) Chrome/90.0.4430.212 Safari/537.36 Edg/90.0.818.62"
181.229.185.246 - - [20/May/2021:18:57:54 -0300] "GET /imagenes/novedad/ae4d52_bfd120_18d939.jpg HTTP/1.1" 200 15876 "https://www.balneario-el-condor.com.ar/" "Mozilla/5.0 (Windows NT 10.0; Win64; x64) AppleWebKit/537.36 (KHTML, like Gecko) Chrome/90.0.4430.212 Safari/537.36 Edg/90.0.818.62"
170.78.75.240 - - [20/May/2021:18:57:55 -0300] "GET /imagenes/novedad/953293_f474e6_039a9b.jpeg HTTP/1.1" 200 122666 "-" "Mozilla/5.0 (Windows NT 6.1) AppleWebKit/534.30 (KHTML, like Gecko) Chrome/12.0.742.122 Safari/534.30"
69.171.249.14 - - [20/May/2021:18:58:07 -0300] "GET /imagenes/novedad/ae4d52_bfd120_18d939.jpg HTTP/1.1" 200 15876 "-" "facebookexternalhit/1.1 (+http://www.facebook.com/externalhit_uatext.php)"
40.77.167.55 - - [20/May/2021:19:17:06 -0300] "GET /robots.txt HTTP/1.1" 403 1205 "-" "Mozilla/5.0 (compatible; bingbot/2.0; +http://www.bing.com/bingbot.htm)"
40.77.167.55 - - [20/May/2021:19:17:07 -0300] "GET /robots.txt HTTP/1.1" 200 31 "-" "Mozilla/5.0 (compatible; bingbot/2.0; +http://www.bing.com/bingbot.htm)"
157.55.39.2 - - [20/May/2021:19:17:19 -0300] "GET /css/images/repositorio/big_one_2.png HTTP/1.1" 200 429279 "-" "Mozilla/5.0 (compatible; bingbot/2.0; +http://www.bing.com/bingbot.htm)"
181.97.238.227 - - [20/May/2021:20:19:26 -0300] "GET /imagenes/novedad/5c89e1_6f7e39_63d5ab.jpeg HTTP/1.1" 200 53490 "https://www.balneario-el-condor.com.ar/" "Mozilla/5.0 (Linux; Android 8.1.0; SM-J701M) AppleWebKit/537.36 (KHTML, like Gecko) Chrome/90.0.4430.210 Mobile Safari/537.36"
181.97.238.227 - - [20/May/2021:20:19:26 -0300] "GET /imagenes/novedad/3f33d3_a06512_bb88a3.jpeg HTTP/1.1" 200 164286 "https://www.balneario-el-condor.com.ar/" "Mozilla/5.0 (Linux; Android 8.1.0; SM-J701M) AppleWebKit/537.36 (KHTML, like Gecko) Chrome/90.0.4430.210 Mobile Safari/537.36"
66.249.69.77 - - [20/May/2021:20:32:30 -0300] "GET /robots.txt HTTP/1.1" 200 31 "-" "Mozilla/5.0 (compatible; Googlebot/2.1; +http://www.google.com/bot.html)"
66.249.69.77 - - [20/May/2021:20:32:30 -0300] "GET /css/images/repositorio/thumb_f5deb6_3bhs_8027.jpg HTTP/1.1" 200 363 "-" "Googlebot-Image/1.0"
66.249.69.79 - - [20/May/2021:20:52:30 -0300] "GET /css/images/repositorio/thumb_9b1c1e_3bhs_8035.jpg HTTP/1.1" 200 363 "-" "Googlebot-Image/1.0"
66.249.69.79 - - [20/May/2021:20:54:26 -0300] "GET /css/images/repositorio/thumb_68d220_5.jpg HTTP/1.1" 200 27676 "-" "Googlebot-Image/1.0"
190.191.16.83 - - [20/May/2021:20:57:04 -0300] "GET /imagenes/novedad/eff343_0d7522_c0f8cb.jpg HTTP/1.1" 200 150893 "https://www.balneario-el-condor.com.ar/" "Mozilla/5.0 (Windows NT 10.0; Win64; x64) AppleWebKit/537.36 (KHTML, like Gecko) Chrome/90.0.4430.212 Safari/537.36"
170.78.75.240 - - [20/May/2021:20:57:04 -0300] "GET /imagenes/novedad/7352c8_3fd260_0cde25.jpg HTTP/1.1" 200 59890 "-" "Mozilla/5.0 (Windows NT 6.1) AppleWebKit/534.30 (KHTML, like Gecko) Chrome/12.0.742.122 Safari/534.30"
190.92.109.177 - - [20/May/2021:21:00:17 -0300] "GET /imagenes/novedad/ae4d52_bfd120_18d939.jpg HTTP/1.1" 200 15876 "https://www.balneario-el-condor.com.ar/" "Mozilla/5.0 (Linux; Android 8.1.0; SM-J710MN) AppleWebKit/537.36 (KHTML, like Gecko) Chrome/86.0.4240.75 Mobile Safari/537.36"
190.92.109.177 - - [20/May/2021:21:00:17 -0300] "GET /imagenes/novedad/631509_240e1b_460c08.jpg HTTP/1.1" 200 99573 "https://www.balneario-el-condor.com.ar/" "Mozilla/5.0 (Linux; Android 8.1.0; SM-J710MN) AppleWebKit/537.36 (KHTML, like Gecko) Chrome/86.0.4240.75 Mobile Safari/537.36"
190.92.109.177 - - [20/May/2021:21:00:17 -0300] "GET /imagenes/novedad/d8940f_6d7857_866abc.jpg HTTP/1.1" 200 96020 "https://www.balneario-el-condor.com.ar/" "Mozilla/5.0 (Linux; Android 8.1.0; SM-J710MN) AppleWebKit/537.36 (KHTML, like Gecko) Chrome/86.0.4240.75 Mobile Safari/537.36"
190.92.109.177 - - [20/May/2021:21:00:17 -0300] "GET /imagenes/novedad/582d8d_599246_a684ce.jpg HTTP/1.1" 200 155845 "https://www.balneario-el-condor.com.ar/" "Mozilla/5.0 (Linux; Android 8.1.0; SM-J710MN) AppleWebKit/537.36 (KHTML, like Gecko) Chrome/86.0.4240.75 Mobile Safari/537.36"
190.92.109.177 - - [20/May/2021:21:00:17 -0300] "GET /imagenes/novedad/e0c5e6_d1a8ee_f142a7.jpg HTTP/1.1" 200 151810 "https://www.balneario-el-condor.com.ar/" "Mozilla/5.0 (Linux; Android 8.1.0; SM-J710MN) AppleWebKit/537.36 (KHTML, like Gecko) Chrome/86.0.4240.75 Mobile Safari/537.36"
190.92.109.177 - - [20/May/2021:21:00:17 -0300] "GET /imagenes/novedad/eff343_0d7522_c0f8cb.jpg HTTP/1.1" 200 150893 "https://www.balneario-el-condor.com.ar/" "Mozilla/5.0 (Linux; Android 8.1.0; SM-J710MN) AppleWebKit/537.36 (KHTML, like Gecko) Chrome/86.0.4240.75 Mobile Safari/537.36"
190.92.109.177 - - [20/May/2021:21:00:18 -0300] "GET /imagenes/novedad/2d68e0_bf2b80_022090.jpg HTTP/1.1" 200 141661 "https://www.balneario-el-condor.com.ar/" "Mozilla/5.0 (Linux; Android 8.1.0; SM-J710MN) AppleWebKit/537.36 (KHTML, like Gecko) Chrome/86.0.4240.75 Mobile Safari/537.36"
190.92.109.177 - - [20/May/2021:21:00:18 -0300] "GET /imagenes/novedad/b486f1_a25c19_827938.jpeg HTTP/1.1" 200 127860 "https://www.balneario-el-condor.com.ar/" "Mozilla/5.0 (Linux; Android 8.1.0; SM-J710MN) AppleWebKit/537.36 (KHTML, like Gecko) Chrome/86.0.4240.75 Mobile Safari/537.36"
190.92.109.177 - - [20/May/2021:21:00:18 -0300] "GET /imagenes/novedad/3d8c5a_4186f7_008bb8.jpg HTTP/1.1" 200 103597 "https://www.balneario-el-condor.com.ar/" "Mozilla/5.0 (Linux; Android 8.1.0; SM-J710MN) AppleWebKit/537.36 (KHTML, like Gecko) Chrome/86.0.4240.75 Mobile Safari/537.36"
190.92.109.177 - - [20/May/2021:21:00:18 -0300] "GET /imagenes/novedad/e89242_636e14_46f776.jpg HTTP/1.1" 200 130369 "https://www.balneario-el-condor.com.ar/" "Mozilla/5.0 (Linux; Android 8.1.0; SM-J710MN) AppleWebKit/537.36 (KHTML, like Gecko) Chrome/86.0.4240.75 Mobile Safari/537.36"
190.92.109.177 - - [20/May/2021:21:00:18 -0300] "GET /imagenes/novedad/8545d1_f4a5c9_ab9555.jpeg HTTP/1.1" 200 275286 "https://www.balneario-el-condor.com.ar/" "Mozilla/5.0 (Linux; Android 8.1.0; SM-J710MN) AppleWebKit/537.36 (KHTML, like Gecko) Chrome/86.0.4240.75 Mobile Safari/537.36"
190.92.109.177 - - [20/May/2021:21:00:18 -0300] "GET /imagenes/novedad/8bad8f_05640f_cc7b3a.jpg HTTP/1.1" 200 85199 "https://www.balneario-el-condor.com.ar/" "Mozilla/5.0 (Linux; Android 8.1.0; SM-J710MN) AppleWebKit/537.36 (KHTML, like Gecko) Chrome/86.0.4240.75 Mobile Safari/537.36"
190.92.109.177 - - [20/May/2021:21:00:19 -0300] "GET /imagenes/novedad/0c400c_42c822_ef4f7e.png HTTP/1.1" 200 19167 "https://www.balneario-el-condor.com.ar/" "Mozilla/5.0 (Linux; Android 8.1.0; SM-J710MN) AppleWebKit/537.36 (KHTML, like Gecko) Chrome/86.0.4240.75 Mobile Safari/537.36"
190.92.109.177 - - [20/May/2021:21:00:19 -0300] "GET /imagenes/novedad/6e2de3_2879f4_3c660c.jpg HTTP/1.1" 200 136067 "https://www.balneario-el-condor.com.ar/" "Mozilla/5.0 (Linux; Android 8.1.0; SM-J710MN) AppleWebKit/537.36 (KHTML, like Gecko) Chrome/86.0.4240.75 Mobile Safari/537.36"
190.92.109.177 - - [20/May/2021:21:00:19 -0300] "GET /imagenes/novedad/9092da_c21c9f_c20692.jpg HTTP/1.1" 200 155130 "https://www.balneario-el-condor.com.ar/" "Mozilla/5.0 (Linux; Android 8.1.0; SM-J710MN) AppleWebKit/537.36 (KHTML, like Gecko) Chrome/86.0.4240.75 Mobile Safari/537.36"
190.92.109.177 - - [20/May/2021:21:00:19 -0300] "GET /imagenes/novedad/720709_a4bdb0_27da0a.jpeg HTTP/1.1" 200 83511 "https://www.balneario-el-condor.com.ar/" "Mozilla/5.0 (Linux; Android 8.1.0; SM-J710MN) AppleWebKit/537.36 (KHTML, like Gecko) Chrome/86.0.4240.75 Mobile Safari/537.36"
190.92.109.177 - - [20/May/2021:21:00:19 -0300] "GET /imagenes/novedad/503d2c_d50d00_e39ea9.jpg HTTP/1.1" 200 90401 "https://www.balneario-el-condor.com.ar/" "Mozilla/5.0 (Linux; Android 8.1.0; SM-J710MN) AppleWebKit/537.36 (KHTML, like Gecko) Chrome/86.0.4240.75 Mobile Safari/537.36"
190.92.109.177 - - [20/May/2021:21:00:19 -0300] "GET /imagenes/novedad/16b184_9095b2_e129c1.jpg HTTP/1.1" 200 193341 "https://www.balneario-el-condor.com.ar/" "Mozilla/5.0 (Linux; Android 8.1.0; SM-J710MN) AppleWebKit/537.36 (KHTML, like Gecko) Chrome/86.0.4240.75 Mobile Safari/537.36"
190.92.109.177 - - [20/May/2021:21:00:20 -0300] "GET /imagenes/novedad/d6f6fa_f1bbeb_9bfc3d.jpeg HTTP/1.1" 200 19257 "https://www.balneario-el-condor.com.ar/" "Mozilla/5.0 (Linux; Android 8.1.0; SM-J710MN) AppleWebKit/537.36 (KHTML, like Gecko) Chrome/86.0.4240.75 Mobile Safari/537.36"
190.92.109.177 - - [20/May/2021:21:00:17 -0300] "GET /imagenes/novedad/953293_f474e6_039a9b.jpeg HTTP/1.1" 200 122666 "https://www.balneario-el-condor.com.ar/" "Mozilla/5.0 (Linux; Android 8.1.0; SM-J710MN) AppleWebKit/537.36 (KHTML, like Gecko) Chrome/86.0.4240.75 Mobile Safari/537.36"
66.249.69.75 - - [20/May/2021:21:12:30 -0300] "GET /css/images/repositorio/thumb_4e662e_3bhs_8279.jpg HTTP/1.1" 200 363 "-" "Googlebot-Image/1.0"
31.13.127.10 - - [20/May/2021:21:14:01 -0300] "GET /imagenes/novedad/3c8d8f_4d27d0_81fca3.jpg HTTP/1.1" 200 48186 "-" "facebookexternalhit/1.1 (+http://www.facebook.com/externalhit_uatext.php)"
66.249.69.85 - - [20/May/2021:21:18:29 -0300] "GET /css/images/repositorio/photo_b45a63_ariel.jpg HTTP/1.1" 200 363 "-" "Googlebot-Image/1.0"
66.249.69.77 - - [20/May/2021:21:22:36 -0300] "GET /css/images/repositorio/photo_db57a7_El-Condor.jpg HTTP/1.1" 200 363 "-" "Googlebot-Image/1.0"
66.249.69.85 - - [20/May/2021:21:32:29 -0300] "GET /css/images/repositorio/photo_63f03a_sandro-libro.jpg HTTP/1.1" 200 363 "-" "Googlebot-Image/1.0"
66.249.69.75 - - [20/May/2021:21:40:30 -0300] "GET /imagenes/novedad/cd2b4c_842328_04fb64.jpg HTTP/1.1" 200 424 "-" "Googlebot-Image/1.0"
114.119.146.98 - - [20/May/2021:21:52:55 -0300] "GET /robots.txt HTTP/1.1" 200 31 "-" "Mozilla/5.0 (compatible;PetalBot;+https://webmaster.petalsearch.com/site/petalbot)"
181.98.238.124 - - [20/May/2021:21:54:28 -0300] "GET /css/images/repositorio/hospedaje/Alojamiento.jpg HTTP/1.1" 200 2056 "https://www.balneario-el-condor.com.ar/" "Mozilla/5.0 (Linux; Android 7.0; Moto G (4)) AppleWebKit/537.36 (KHTML, like Gecko) Chrome/90.0.4430.210 Mobile Safari/537.36"
181.98.238.124 - - [20/May/2021:21:54:28 -0300] "GET /css/images/repositorio/hospedaje/camping.jpg HTTP/1.1" 200 2225 "https://www.balneario-el-condor.com.ar/" "Mozilla/5.0 (Linux; Android 7.0; Moto G (4)) AppleWebKit/537.36 (KHTML, like Gecko) Chrome/90.0.4430.210 Mobile Safari/537.36"
181.98.238.124 - - [20/May/2021:21:54:28 -0300] "GET /css/images/repositorio/restaurantes/restaurantes.jpg HTTP/1.1" 200 8578 "https://www.balneario-el-condor.com.ar/" "Mozilla/5.0 (Linux; Android 7.0; Moto G (4)) AppleWebKit/537.36 (KHTML, like Gecko) Chrome/90.0.4430.210 Mobile Safari/537.36"
181.98.238.124 - - [20/May/2021:21:54:28 -0300] "GET /css/images/repositorio/restaurantes/arenas-del-sur.jpg HTTP/1.1" 200 17512 "https://www.balneario-el-condor.com.ar/" "Mozilla/5.0 (Linux; Android 7.0; Moto G (4)) AppleWebKit/537.36 (KHTML, like Gecko) Chrome/90.0.4430.210 Mobile Safari/537.36"
181.98.238.124 - - [20/May/2021:21:54:28 -0300] "GET /css/images/repositorio/restaurantes/lupes-resto-mini.jpg HTTP/1.1" 200 69021 "https://www.balneario-el-condor.com.ar/" "Mozilla/5.0 (Linux; Android 7.0; Moto G (4)) AppleWebKit/537.36 (KHTML, like Gecko) Chrome/90.0.4430.210 Mobile Safari/537.36"
31.13.127.27 - - [20/May/2021:22:05:44 -0300] "GET /css/images/repositorio/photo_36e85e_imagen_avistaje.jpg HTTP/1.1" 200 363 "-" "facebookexternalhit/1.1 (+http://www.facebook.com/externalhit_uatext.php)"
173.252.95.31 - - [20/May/2021:22:05:45 -0300] "GET /css/images/repositorio/photo_36e85e_imagen_avistaje.jpg HTTP/1.1" 200 363 "-" "facebookexternalhit/1.1 (+http://www.facebook.com/externalhit_uatext.php)"
66.249.69.77 - - [20/May/2021:22:10:30 -0300] "GET /css/images/repositorio/photo_e5c8f4_3bhs_8391.jpg HTTP/1.1" 200 363 "-" "Googlebot-Image/1.0"
186.136.142.130 - - [20/May/2021:22:14:47 -0300] "GET /imagenes/novedad/a61ecf_10d4fd_962a84.jpeg HTTP/1.1" 200 98208 "https://www.google.com/" "Mozilla/5.0 (Windows NT 10.0; Win64; x64) AppleWebKit/537.36 (KHTML, like Gecko) Chrome/90.0.4430.212 Safari/537.36"
66.249.69.77 - - [20/May/2021:22:20:30 -0300] "GET /imagenes/novedad/9ac123_image_content_8153255_20170306212553.jpg HTTP/1.1" 200 424 "-" "Googlebot-Image/1.0"
66.249.69.79 - - [20/May/2021:22:28:30 -0300] "GET /imagenes/novedad/cde02a_1eb04d_6848c2.jpg HTTP/1.1" 200 424 "-" "Googlebot-Image/1.0"
66.249.69.79 - - [20/May/2021:22:32:31 -0300] "GET /css/images/repositorio/hospedaje/Alojamiento.jpg HTTP/1.1" 200 2056 "-" "Googlebot-Image/1.0"
66.249.69.83 - - [20/May/2021:22:40:29 -0300] "GET /imagenes/novedad/8baa26_40e13d_47e80a.JPG HTTP/1.1" 200 317538 "-" "Googlebot-Image/1.0"
66.249.69.83 - - [20/May/2021:22:48:29 -0300] "GET /imagenes/novedad/3a0158_elcondor_2.jpg HTTP/1.1" 200 424 "-" "Googlebot-Image/1.0"
40.77.167.55 - - [20/May/2021:22:48:50 -0300] "GET /robots.txt HTTP/1.1" 403 1205 "-" "Mozilla/5.0 (compatible; bingbot/2.0; +http://www.bing.com/bingbot.htm)"
40.77.167.55 - - [20/May/2021:22:48:51 -0300] "GET /robots.txt HTTP/1.1" 200 31 "-" "Mozilla/5.0 (compatible; bingbot/2.0; +http://www.bing.com/bingbot.htm)"
40.77.167.81 - - [20/May/2021:22:48:59 -0300] "GET /css/images/repositorio/thumb_4e662e_3bhs_8279.jpg HTTP/1.1" 200 363 "-" "Mozilla/5.0 (compatible; bingbot/2.0; +http://www.bing.com/bingbot.htm)"
157.55.39.139 - - [20/May/2021:22:59:40 -0300] "GET /css/images/repositorio/big_one_15.png HTTP/1.1" 200 517128 "-" "Mozilla/5.0 (compatible; bingbot/2.0; +http://www.bing.com/bingbot.htm)"
170.78.75.240 - - [20/May/2021:23:08:30 -0300] "GET /imagenes/novedad/503d2c_d50d00_e39ea9.jpg HTTP/1.1" 200 90401 "-" "Mozilla/5.0 (Windows NT 6.1) AppleWebKit/534.30 (KHTML, like Gecko) Chrome/12.0.742.122 Safari/534.30"
66.249.66.205 - - [20/May/2021:23:12:44 -0300] "GET /css/images/repositorio/restaurantes/lupes-resto-mini.jpg HTTP/1.1" 304 - "-" "Googlebot-Image/1.0"
157.55.39.169 - - [20/May/2021:23:25:26 -0300] "GET /robots.txt HTTP/1.1" 200 31 "-" "Mozilla/5.0 (compatible; bingbot/2.0; +http://www.bing.com/bingbot.htm)"
207.46.13.49 - - [20/May/2021:23:25:34 -0300] "GET /imagenes/novedad/6ce332_f446a5_546f39.jpeg HTTP/1.1" 200 157732 "-" "Mozilla/5.0 (compatible; bingbot/2.0; +http://www.bing.com/bingbot.htm)"
170.78.75.240 - - [20/May/2021:23:51:22 -0300] "GET /css/images/repositorio/thumb__MG_5594.jpg HTTP/1.1" 200 20312 "-" "Mozilla/5.0 (Windows NT 6.1) AppleWebKit/534.30 (KHTML, like Gecko) Chrome/12.0.742.122 Safari/534.30"
66.249.66.207 - - [20/May/2021:23:56:35 -0300] "GET /css/images/repositorio/restaurantes/arenas-del-sur.jpg HTTP/1.1" 200 17512 "-" "Googlebot-Image/1.0"
66.249.66.205 - - [21/May/2021:00:14:30 -0300] "GET /css/images/repositorio/thumb_b84f6c_escuela_balneario.jpg HTTP/1.1" 200 363 "-" "Googlebot-Image/1.0"
157.55.39.11 - - [21/May/2021:00:20:44 -0300] "GET /css/images/repositorio/photo_c43309_desdechicos.jpg HTTP/1.1" 200 363 "-" "Mozilla/5.0 (compatible; bingbot/2.0; +http://www.bing.com/bingbot.htm)"
170.78.75.240 - - [21/May/2021:00:36:29 -0300] "GET /css/images/repositorio/thumb_1743671_624870000911652_2005512322_n.jpg HTTP/1.1" 200 6233 "-" "Mozilla/5.0 (Windows NT 6.1) AppleWebKit/534.30 (KHTML, like Gecko) Chrome/12.0.742.122 Safari/534.30"
157.55.39.139 - - [21/May/2021:00:40:04 -0300] "GET /imagenes/novedad/8545d1_f4a5c9_ab9555.jpeg HTTP/1.1" 200 275286 "-" "Mozilla/5.0 (compatible; bingbot/2.0; +http://www.bing.com/bingbot.htm)"
66.249.66.213 - - [21/May/2021:01:12:29 -0300] "GET /css/images/repositorio/photo_020a5a_IMG_4185.jpg HTTP/1.1" 200 363 "-" "Googlebot-Image/1.0"
114.119.145.3 - - [21/May/2021:01:29:54 -0300] "GET /css/images/repositorio/thumb_937336_promonte_3_08_2.jpg HTTP/1.1" 200 363 "-" "Mozilla/5.0 (Linux; Android 7.0;) AppleWebKit/537.36 (KHTML, like Gecko) Mobile Safari/537.36 (compatible; PetalBot;+https://webmaster.petalsearch.com/site/petalbot)"
66.249.66.213 - - [21/May/2021:01:36:29 -0300] "GET /css/images/repositorio/photo_5de006_DSC01824.JPG HTTP/1.1" 200 363 "-" "Googlebot-Image/1.0"
66.249.66.211 - - [21/May/2021:01:36:29 -0300] "GET /robots.txt HTTP/1.1" 200 31 "-" "Mozilla/5.0 (compatible; Googlebot/2.1; +http://www.google.com/bot.html)"
66.249.66.203 - - [21/May/2021:01:48:29 -0300] "GET /css/images/repositorio/photo_6f4c99_420_primeros_pobladores_30_1_2015.jpg HTTP/1.1" 200 116668 "-" "Googlebot-Image/1.0"
114.119.146.252 - - [21/May/2021:01:59:54 -0300] "GET /imagenes/novedad/0a1337_620217_8240c3.jpg HTTP/1.1" 200 424 "-" "Mozilla/5.0 (Linux; Android 7.0;) AppleWebKit/537.36 (KHTML, like Gecko) Mobile Safari/537.36 (compatible; PetalBot;+https://webmaster.petalsearch.com/site/petalbot)"
66.249.66.203 - - [21/May/2021:02:00:29 -0300] "GET /css/images/repositorio/thumb_bf519e_012358.JPG HTTP/1.1" 200 363 "-" "Googlebot-Image/1.0"
114.119.132.207 - - [21/May/2021:02:10:09 -0300] "GET /css/images/repositorio/thumb_033c3a_DSC01819.JPG HTTP/1.1" 200 363 "-" "Mozilla/5.0 (Linux; Android 7.0;) AppleWebKit/537.36 (KHTML, like Gecko) Mobile Safari/537.36 (compatible; PetalBot;+https://webmaster.petalsearch.com/site/petalbot)"
66.249.66.215 - - [21/May/2021:02:12:34 -0300] "GET /imagenes/novedad/8545d1_f4a5c9_ab9555.jpeg HTTP/1.1" 200 275286 "-" "Googlebot-Image/1.0"
66.249.66.207 - - [21/May/2021:02:24:30 -0300] "GET /imagenes/novedad/d15772_nota-fotografo.jpg HTTP/1.1" 200 424 "-" "Googlebot-Image/1.0"
40.77.167.21 - - [21/May/2021:02:38:34 -0300] "GET /css/images/repositorio/big_one_1488974_624612497604069_1668774233_n.jpg HTTP/1.1" 200 28012 "-" "Mozilla/5.0 (compatible; bingbot/2.0; +http://www.bing.com/bingbot.htm)"
66.249.66.205 - - [21/May/2021:02:54:33 -0300] "GET /css/images/repositorio/hospedaje/camping.jpg HTTP/1.1" 304 - "-" "Googlebot-Image/1.0"
40.77.167.81 - - [21/May/2021:02:57:43 -0300] "GET /css/images/repositorio/photo_966d76_copasbares.jpg HTTP/1.1" 200 137554 "-" "Mozilla/5.0 (compatible; bingbot/2.0; +http://www.bing.com/bingbot.htm)"
66.249.66.213 - - [21/May/2021:03:24:29 -0300] "GET /css/images/repositorio/thumb_be9cac_DSC00631.JPG HTTP/1.1" 200 363 "-" "Googlebot-Image/1.0"
66.220.149.33 - - [21/May/2021:03:26:53 -0300] "GET /css/images/repositorio/hospedaje/Alojamiento.jpg HTTP/1.1" 200 2056 "https://www.balneario-el-condor.com.ar/" "Mozilla/5.0 (X11; Linux x86_64) AppleWebKit/537.36 (KHTML, like Gecko) Chrome/90.0.4430.212 Safari/537.36"
66.220.149.50 - - [21/May/2021:03:26:53 -0300] "GET /css/images/repositorio/hospedaje/camping.jpg HTTP/1.1" 200 2225 "https://www.balneario-el-condor.com.ar/" "Mozilla/5.0 (X11; Linux x86_64) AppleWebKit/537.36 (KHTML, like Gecko) Chrome/90.0.4430.212 Safari/537.36"
66.220.149.48 - - [21/May/2021:03:26:54 -0300] "GET /css/images/repositorio/restaurantes/restaurantes.jpg HTTP/1.1" 200 8578 "https://www.balneario-el-condor.com.ar/" "Mozilla/5.0 (X11; Linux x86_64) AppleWebKit/537.36 (KHTML, like Gecko) Chrome/90.0.4430.212 Safari/537.36"
66.220.149.33 - - [21/May/2021:03:26:54 -0300] "GET /css/images/repositorio/restaurantes/lupes-resto-mini.jpg HTTP/1.1" 200 69021 "https://www.balneario-el-condor.com.ar/" "Mozilla/5.0 (X11; Linux x86_64) AppleWebKit/537.36 (KHTML, like Gecko) Chrome/90.0.4430.212 Safari/537.36"
66.220.149.50 - - [21/May/2021:03:26:54 -0300] "GET /css/images/repositorio/restaurantes/arenas-del-sur.jpg HTTP/1.1" 200 17512 "https://www.balneario-el-condor.com.ar/" "Mozilla/5.0 (X11; Linux x86_64) AppleWebKit/537.36 (KHTML, like Gecko) Chrome/90.0.4430.212 Safari/537.36"
69.63.184.2 - - [21/May/2021:03:27:19 -0300] "GET /css/images/repositorio/restaurantes/restaurantes.jpg HTTP/1.1" 200 8578 "-" "facebookexternalhit/1.1 (+http://www.facebook.com/externalhit_uatext.php)"
69.63.184.111 - - [21/May/2021:03:27:19 -0300] "GET /css/images/repositorio/restaurantes/arenas-del-sur.jpg HTTP/1.1" 200 17512 "-" "facebookexternalhit/1.1 (+http://www.facebook.com/externalhit_uatext.php)"
69.63.184.111 - - [21/May/2021:03:27:19 -0300] "GET /css/images/repositorio/hospedaje/camping.jpg HTTP/1.1" 200 2225 "-" "facebookexternalhit/1.1 (+http://www.facebook.com/externalhit_uatext.php)"
69.63.184.118 - - [21/May/2021:03:27:20 -0300] "GET /css/images/repositorio/hospedaje/Alojamiento.jpg HTTP/1.1" 200 2056 "-" "facebookexternalhit/1.1 (+http://www.facebook.com/externalhit_uatext.php)"
69.63.184.111 - - [21/May/2021:03:27:19 -0300] "GET /css/images/repositorio/restaurantes/lupes-resto-mini.jpg HTTP/1.1" 200 69021 "-" "facebookexternalhit/1.1 (+http://www.facebook.com/externalhit_uatext.php)"
157.55.39.112 - - [21/May/2021:03:30:08 -0300] "GET /css/images/repositorio/thumb_03da0a_3bhs_8244.jpg HTTP/1.1" 200 363 "-" "Mozilla/5.0 (compatible; bingbot/2.0; +http://www.bing.com/bingbot.htm)"
170.78.75.240 - - [21/May/2021:04:24:30 -0300] "GET /imagenes/novedad/1fcae1_523559_ef70dd.jpg HTTP/1.1" 200 171607 "-" "Mozilla/5.0 (Windows NT 6.1) AppleWebKit/534.30 (KHTML, like Gecko) Chrome/12.0.742.122 Safari/534.30"
207.46.13.49 - - [21/May/2021:04:59:39 -0300] "GET /css/images/repositorio/big_one_9.png HTTP/1.1" 200 480289 "-" "Mozilla/5.0 (compatible; bingbot/2.0; +http://www.bing.com/bingbot.htm)"
114.119.152.34 - - [21/May/2021:05:20:22 -0300] "GET /imagenes/novedad/cde02a_1eb04d_6848c2.jpg HTTP/1.1" 200 424 "-" "Mozilla/5.0 (Linux; Android 7.0;) AppleWebKit/537.36 (KHTML, like Gecko) Mobile Safari/537.36 (compatible; PetalBot;+https://webmaster.petalsearch.com/site/petalbot)"
157.55.39.11 - - [21/May/2021:05:39:34 -0300] "GET /css/images/repositorio/thumb_8b5bae_3bhs_8286.jpg HTTP/1.1" 200 363 "-" "Mozilla/5.0 (compatible; bingbot/2.0; +http://www.bing.com/bingbot.htm)"
181.209.86.34 - - [21/May/2021:08:42:58 -0300] "GET /imagenes/novedad/297469_030f88_f1b051.jpg HTTP/1.1" 200 408470 "https://www.google.com/" "Mozilla/5.0 (Linux; Android 10; SM-A115M) AppleWebKit/537.36 (KHTML, like Gecko) Chrome/90.0.4430.210 Mobile Safari/537.36"
173.252.79.19 - - [21/May/2021:08:47:30 -0300] "GET /css/images/repositorio/photo_966d76_copasbares.jpg HTTP/1.1" 200 137554 "-" "facebookexternalhit/1.1 (+http://www.facebook.com/externalhit_uatext.php)"
114.119.152.34 - - [21/May/2021:09:06:40 -0300] "GET /css/images/repositorio/thumb_6980da_promonte_3_09.jpg HTTP/1.1" 200 363 "-" "Mozilla/5.0 (Linux; Android 7.0;) AppleWebKit/537.36 (KHTML, like Gecko) Mobile Safari/537.36 (compatible; PetalBot;+https://webmaster.petalsearch.com/site/petalbot)"
114.119.147.205 - - [21/May/2021:09:57:53 -0300] "GET /robots.txt HTTP/1.1" 200 31 "-" "Mozilla/5.0 (compatible;PetalBot;+https://webmaster.petalsearch.com/site/petalbot)"
114.119.149.169 - - [21/May/2021:10:02:38 -0300] "GET /css/images/repositorio/thumb_196020_1.jpg HTTP/1.1" 200 363 "-" "Mozilla/5.0 (Linux; Android 7.0;) AppleWebKit/537.36 (KHTML, like Gecko) Mobile Safari/537.36 (compatible; PetalBot;+https://webmaster.petalsearch.com/site/petalbot)"
157.55.39.139 - - [21/May/2021:11:13:09 -0300] "GET /css/images/repositorio/photo_0d46d0_3bhs_8209.jpg HTTP/1.1" 200 363 "-" "Mozilla/5.0 (compatible; bingbot/2.0; +http://www.bing.com/bingbot.htm)"
114.119.131.181 - - [21/May/2021:12:27:53 -0300] "GET /robots.txt HTTP/1.1" 200 31 "-" "Mozilla/5.0 (compatible;PetalBot;+https://webmaster.petalsearch.com/site/petalbot)"
69.171.249.10 - - [21/May/2021:12:42:29 -0300] "GET /css/images/repositorio/photo_cae11c_cachalote.jpg HTTP/1.1" 200 363 "-" "facebookexternalhit/1.1 (+http://www.facebook.com/externalhit_uatext.php)"
69.171.249.18 - - [21/May/2021:12:42:29 -0300] "GET /css/images/repositorio/photo_4f55e7_cachalote.jpg HTTP/1.1" 200 363 "-" "facebookexternalhit/1.1 (+http://www.facebook.com/externalhit_uatext.php)"
173.252.127.30 - - [21/May/2021:12:43:10 -0300] "GET /css/images/repositorio/photo_e774e9_cachalote.jpg HTTP/1.1" 200 363 "-" "facebookexternalhit/1.1 (+http://www.facebook.com/externalhit_uatext.php)"
173.252.127.26 - - [21/May/2021:12:43:13 -0300] "GET /css/images/repositorio/photo_cae11c_cachalote.jpg HTTP/1.1" 200 363 "-" "facebookexternalhit/1.1 (+http://www.facebook.com/externalhit_uatext.php)"
66.220.149.4 - - [21/May/2021:12:43:14 -0300] "GET /css/images/repositorio/photo_4f55e7_cachalote.jpg HTTP/1.1" 200 363 "-" "facebookexternalhit/1.1 (+http://www.facebook.com/externalhit_uatext.php)"
52.34.147.254 - - [21/May/2021:12:45:00 -0300] "HEAD / HTTP/1.1" 200 - "-" "Mozilla/5.0 (Windows NT 6.1; WOW64) AppleWebKit/537.36 (KHTML, like Gecko) Chrome/56.0.2924.76 Safari/537.36"
52.42.7.191 - - [21/May/2021:12:45:01 -0300] "GET / HTTP/1.1" 200 2489 "-" "Mozilla/5.0 (X11; Linux x86_64) AppleWebKit/537.36 (KHTML, like Gecko) HeadlessChrome/83.0.4103.97 Safari/537.36"
52.42.7.191 - - [21/May/2021:12:45:02 -0300] "GET /assets/js/core/jquery.min.js HTTP/1.1" 200 29532 "http://static.balneario-el-condor.com.ar/" "Mozilla/5.0 (X11; Linux x86_64) AppleWebKit/537.36 (KHTML, like Gecko) HeadlessChrome/83.0.4103.97 Safari/537.36"
52.42.7.191 - - [21/May/2021:12:45:02 -0300] "GET /assets/js/core/bootstrap.min.js HTTP/1.1" 200 9539 "http://static.balneario-el-condor.com.ar/" "Mozilla/5.0 (X11; Linux x86_64) AppleWebKit/537.36 (KHTML, like Gecko) HeadlessChrome/83.0.4103.97 Safari/537.36"
52.42.7.191 - - [21/May/2021:12:45:02 -0300] "GET /assets/js/core/jquery.slimscroll.min.js HTTP/1.1" 200 1883 "http://static.balneario-el-condor.com.ar/" "Mozilla/5.0 (X11; Linux x86_64) AppleWebKit/537.36 (KHTML, like Gecko) HeadlessChrome/83.0.4103.97 Safari/537.36"
52.42.7.191 - - [21/May/2021:12:45:02 -0300] "GET /assets/js/core/jquery.scrollLock.min.js HTTP/1.1" 200 635 "http://static.balneario-el-condor.com.ar/" "Mozilla/5.0 (X11; Linux x86_64) AppleWebKit/537.36 (KHTML, like Gecko) HeadlessChrome/83.0.4103.97 Safari/537.36"
52.42.7.191 - - [21/May/2021:12:45:02 -0300] "GET /assets/js/core/jquery.appear.min.js HTTP/1.1" 200 767 "http://static.balneario-el-condor.com.ar/" "Mozilla/5.0 (X11; Linux x86_64) AppleWebKit/537.36 (KHTML, like Gecko) HeadlessChrome/83.0.4103.97 Safari/537.36"
52.42.7.191 - - [21/May/2021:12:45:02 -0300] "GET /assets/css/oneui.css HTTP/1.1" 200 47988 "http://static.balneario-el-condor.com.ar/" "Mozilla/5.0 (X11; Linux x86_64) AppleWebKit/537.36 (KHTML, like Gecko) HeadlessChrome/83.0.4103.97 Safari/537.36"
52.42.7.191 - - [21/May/2021:12:45:02 -0300] "GET /assets/js/core/jquery.countTo.min.js HTTP/1.1" 200 768 "http://static.balneario-el-condor.com.ar/" "Mozilla/5.0 (X11; Linux x86_64) AppleWebKit/537.36 (KHTML, like Gecko) HeadlessChrome/83.0.4103.97 Safari/537.36"
52.42.7.191 - - [21/May/2021:12:45:02 -0300] "GET /assets/js/core/jquery.placeholder.min.js HTTP/1.1" 200 1099 "http://static.balneario-el-condor.com.ar/" "Mozilla/5.0 (X11; Linux x86_64) AppleWebKit/537.36 (KHTML, like Gecko) HeadlessChrome/83.0.4103.97 Safari/537.36"
52.42.7.191 - - [21/May/2021:12:45:02 -0300] "GET /assets/js/core/js.cookie.min.js HTTP/1.1" 200 919 "http://static.balneario-el-condor.com.ar/" "Mozilla/5.0 (X11; Linux x86_64) AppleWebKit/537.36 (KHTML, like Gecko) HeadlessChrome/83.0.4103.97 Safari/537.36"
