186.22.238.92 - - [18/May/2021:19:35:44 -0300] "GET /imagenes/novedad/5b8140_4770aa_53d833.jpg HTTP/1.1" 200 91987 "https://www.google.com.ar/" "Mozilla/5.0 (Windows NT 10.0; Win64; x64) AppleWebKit/537.36 (KHTML, like Gecko) Chrome/90.0.4430.212 Safari/537.36"
40.77.167.47 - - [18/May/2021:19:50:19 -0300] "GET /css/images/repositorio/thumb_1932215_624610884270897_324381448_n.jpg HTTP/1.1" 200 5166 "-" "Mozilla/5.0 (compatible; bingbot/2.0; +http://www.bing.com/bingbot.htm)"
114.119.145.68 - - [18/May/2021:19:50:53 -0300] "GET /robots.txt HTTP/1.1" 200 31 "-" "Mozilla/5.0 (compatible;PetalBot;+https://webmaster.petalsearch.com/site/petalbot)"
114.119.150.252 - - [18/May/2021:20:02:04 -0300] "GET /robots.txt HTTP/1.1" 200 31 "-" "Mozilla/5.0 (compatible;PetalBot;+https://webmaster.petalsearch.com/site/petalbot)"
45.178.0.185 - - [18/May/2021:20:18:58 -0300] "GET /imagenes/novedad/5c89e1_6f7e39_63d5ab.jpeg HTTP/1.1" 200 53490 "https://www.balneario-el-condor.com.ar/noticias-y-actividades/pejerrey-en-escabeche-201905" "Mozilla/5.0 (Linux; Android 10; SAMSUNG SM-A207M Build/QP1A.190711.020) AppleWebKit/537.36 (KHTML, like Gecko) SamsungBrowser/9.2 Chrome/67.0.3396.87 Mobile Safari/537.36"
45.178.0.185 - - [18/May/2021:20:18:58 -0300] "GET /imagenes/novedad/3f33d3_a06512_bb88a3.jpeg HTTP/1.1" 200 164286 "https://www.balneario-el-condor.com.ar/noticias-y-actividades/pejerrey-en-escabeche-201905" "Mozilla/5.0 (Linux; Android 10; SAMSUNG SM-A207M Build/QP1A.190711.020) AppleWebKit/537.36 (KHTML, like Gecko) SamsungBrowser/9.2 Chrome/67.0.3396.87 Mobile Safari/537.36"
179.63.240.56 - - [18/May/2021:20:19:08 -0300] "GET /imagenes/novedad/5c89e1_6f7e39_63d5ab.jpeg HTTP/1.1" 200 53490 "https://www.balneario-el-condor.com.ar/" "Mozilla/5.0 (Windows NT 6.1; Win64; x64) AppleWebKit/537.36 (KHTML, like Gecko) Chrome/90.0.4430.212 Safari/537.36"
179.63.240.56 - - [18/May/2021:20:19:08 -0300] "GET /imagenes/novedad/3f33d3_a06512_bb88a3.jpeg HTTP/1.1" 200 164286 "https://www.balneario-el-condor.com.ar/" "Mozilla/5.0 (Windows NT 6.1; Win64; x64) AppleWebKit/537.36 (KHTML, like Gecko) Chrome/90.0.4430.212 Safari/537.36"
173.252.107.120 - - [18/May/2021:21:20:51 -0300] "GET /imagenes/novedad/5db44a_03eb7c_796223.jpg HTTP/1.1" 200 47460 "-" "facebookexternalhit/1.1 (+http://www.facebook.com/externalhit_uatext.php)"
173.252.107.12 - - [18/May/2021:21:20:50 -0300] "GET /imagenes/novedad/66e63e_e85ac0_1eb507.jpg HTTP/1.1" 200 204061 "-" "facebookexternalhit/1.1 (+http://www.facebook.com/externalhit_uatext.php)"
173.252.107.120 - - [18/May/2021:21:20:51 -0300] "GET /imagenes/novedad/1c5816_98addd_94244e.jpg HTTP/1.1" 200 202991 "-" "facebookexternalhit/1.1 (+http://www.facebook.com/externalhit_uatext.php)"
157.55.39.2 - - [18/May/2021:21:32:07 -0300] "GET /css/images/repositorio/photo_2ae431_3bhs_8415.jpg HTTP/1.1" 200 363 "-" "Mozilla/5.0 (compatible; bingbot/2.0; +http://www.bing.com/bingbot.htm)"
190.244.92.83 - - [18/May/2021:21:32:44 -0300] "GET /imagenes/novedad/5c89e1_6f7e39_63d5ab.jpeg HTTP/1.1" 200 53490 "https://www.balneario-el-condor.com.ar/" "Mozilla/5.0 (Linux; Android 10; Redmi 8) AppleWebKit/537.36 (KHTML, like Gecko) Chrome/90.0.4430.210 Mobile Safari/537.36"
190.244.92.83 - - [18/May/2021:21:32:44 -0300] "GET /imagenes/novedad/3f33d3_a06512_bb88a3.jpeg HTTP/1.1" 200 164286 "https://www.balneario-el-condor.com.ar/" "Mozilla/5.0 (Linux; Android 10; Redmi 8) AppleWebKit/537.36 (KHTML, like Gecko) Chrome/90.0.4430.210 Mobile Safari/537.36"
157.55.39.11 - - [18/May/2021:21:42:31 -0300] "GET /css/images/repositorio/thumb_1803_625528694179116_1930807983_n.jpg HTTP/1.1" 200 5733 "-" "Mozilla/5.0 (compatible; bingbot/2.0; +http://www.bing.com/bingbot.htm)"
40.77.167.21 - - [18/May/2021:21:48:03 -0300] "GET /css/images/repositorio/thumb_1660281_624868897578429_876615289_n.jpg HTTP/1.1" 200 4826 "-" "Mozilla/5.0 (compatible; bingbot/2.0; +http://www.bing.com/bingbot.htm)"
157.55.39.183 - - [18/May/2021:22:05:58 -0300] "GET /css/images/repositorio/thumb_1932359_625528070845845_1766118440_n.jpg HTTP/1.1" 200 5391 "-" "Mozilla/5.0 (compatible; bingbot/2.0; +http://www.bing.com/bingbot.htm)"
40.77.167.47 - - [18/May/2021:22:20:33 -0300] "GET /css/images/repositorio/thumb_1979580_624611270937525_1508775775_n.jpg HTTP/1.1" 200 4957 "-" "Mozilla/5.0 (compatible; bingbot/2.0; +http://www.bing.com/bingbot.htm)"
114.119.149.78 - - [18/May/2021:22:24:10 -0300] "GET /robots.txt HTTP/1.1" 200 31 "-" "Mozilla/5.0 (compatible;PetalBot;+https://webmaster.petalsearch.com/site/petalbot)"
157.55.39.183 - - [18/May/2021:22:26:21 -0300] "GET /css/images/repositorio/photo_9924e3_3bhs_8295.jpg HTTP/1.1" 200 363 "-" "Mozilla/5.0 (compatible; bingbot/2.0; +http://www.bing.com/bingbot.htm)"
40.77.167.47 - - [18/May/2021:22:30:04 -0300] "GET /imagenes/novedad/932992_4b3c93_2561da.jpg HTTP/1.1" 200 221942 "-" "Mozilla/5.0 (compatible; bingbot/2.0; +http://www.bing.com/bingbot.htm)"
157.55.39.112 - - [18/May/2021:22:37:21 -0300] "GET /css/images/repositorio/photo_4c3dc6_3bhs_8312.jpg HTTP/1.1" 200 363 "-" "Mozilla/5.0 (compatible; bingbot/2.0; +http://www.bing.com/bingbot.htm)"
114.119.152.34 - - [18/May/2021:23:06:55 -0300] "GET /css/images/repositorio/thumb_5de006_DSC01824.JPG HTTP/1.1" 200 363 "-" "Mozilla/5.0 (Linux; Android 7.0;) AppleWebKit/537.36 (KHTML, like Gecko) Mobile Safari/537.36 (compatible; PetalBot;+https://webmaster.petalsearch.com/site/petalbot)"
157.55.39.2 - - [18/May/2021:23:15:55 -0300] "GET /css/images/repositorio/photo_8b5bae_3bhs_8286.jpg HTTP/1.1" 200 363 "-" "Mozilla/5.0 (compatible; bingbot/2.0; +http://www.bing.com/bingbot.htm)"
207.46.13.174 - - [18/May/2021:23:26:38 -0300] "GET /css/images/repositorio/thumb_4c3dc6_3bhs_8312.jpg HTTP/1.1" 200 363 "-" "Mozilla/5.0 (compatible; bingbot/2.0; +http://www.bing.com/bingbot.htm)"
157.55.39.112 - - [18/May/2021:23:40:38 -0300] "GET /css/images/repositorio/photo_675d6d_3bhs_8219.jpg HTTP/1.1" 200 363 "-" "Mozilla/5.0 (compatible; bingbot/2.0; +http://www.bing.com/bingbot.htm)"
157.55.39.169 - - [18/May/2021:23:54:21 -0300] "GET /robots.txt HTTP/1.1" 200 31 "-" "Mozilla/5.0 (compatible; bingbot/2.0; +http://www.bing.com/bingbot.htm)"
157.55.39.139 - - [18/May/2021:23:54:31 -0300] "GET /css/images/repositorio/thumb_1947428_625528024179183_692366401_n.jpg HTTP/1.1" 200 4691 "-" "Mozilla/5.0 (compatible; bingbot/2.0; +http://www.bing.com/bingbot.htm)"
40.77.167.21 - - [19/May/2021:00:20:28 -0300] "GET /css/images/repositorio/big_one_1425505_386349991468351_1466683665_n.jpg HTTP/1.1" 200 44292 "-" "Mozilla/5.0 (compatible; bingbot/2.0; +http://www.bing.com/bingbot.htm)"
114.119.130.97 - - [19/May/2021:00:47:34 -0300] "GET /robots.txt HTTP/1.1" 200 31 "-" "Mozilla/5.0 (compatible;PetalBot;+https://webmaster.petalsearch.com/site/petalbot)"
207.46.13.174 - - [19/May/2021:01:22:19 -0300] "GET /css/images/repositorio/photo_86d246_3bhs_8409.jpg HTTP/1.1" 200 363 "-" "Mozilla/5.0 (compatible; bingbot/2.0; +http://www.bing.com/bingbot.htm)"
114.119.142.189 - - [19/May/2021:01:44:11 -0300] "GET /imagenes/novedad/202dd2__DSC0775_low.jpg HTTP/1.1" 200 424 "-" "Mozilla/5.0 (Linux; Android 7.0;) AppleWebKit/537.36 (KHTML, like Gecko) Mobile Safari/537.36 (compatible; PetalBot;+https://webmaster.petalsearch.com/site/petalbot)"
170.78.75.240 - - [19/May/2021:02:02:43 -0300] "GET /imagenes/novedad/503d2c_d50d00_e39ea9.jpg HTTP/1.1" 200 90401 "-" "Mozilla/5.0 (Windows NT 6.1) AppleWebKit/534.30 (KHTML, like Gecko) Chrome/12.0.742.122 Safari/534.30"
170.78.75.240 - - [19/May/2021:02:02:43 -0300] "GET /imagenes/novedad/affab4_d5d9ac_a35c9d.jpeg HTTP/1.1" 200 54358 "-" "Mozilla/5.0 (Windows NT 6.1) AppleWebKit/534.30 (KHTML, like Gecko) Chrome/12.0.742.122 Safari/534.30"
23.100.232.233 - - [19/May/2021:02:02:43 -0300] "GET /imagenes/novedad/8f431a_6962eb_813f31.jpg HTTP/1.1" 200 64689 "https://www.balneario-el-condor.com.ar/noticias-y-actividades/avistaje-de-delfines-201906" "Mozilla/5.0 (compatible; MSIE 9.0; Windows NT 6.0; Trident/5.0;  Trident/5.0)"
23.100.232.233 - - [19/May/2021:02:02:43 -0300] "GET /imagenes/novedad/324e3c_f1115f_81a041.jpg HTTP/1.1" 200 287077 "https://www.balneario-el-condor.com.ar/noticias-y-actividades/avistaje-de-delfines-201906" "Mozilla/5.0 (compatible; MSIE 9.0; Windows NT 6.0; Trident/5.0;  Trident/5.0)"
170.78.75.240 - - [19/May/2021:02:02:43 -0300] "GET /imagenes/novedad/98e166_fde2ae_432b3d.jpg HTTP/1.1" 200 284811 "-" "Mozilla/5.0 (Windows NT 6.1) AppleWebKit/534.30 (KHTML, like Gecko) Chrome/12.0.742.122 Safari/534.30"
170.78.75.240 - - [19/May/2021:02:02:44 -0300] "GET /imagenes/novedad/8cb076_b1180f_7d7970.jpg HTTP/1.1" 200 351863 "-" "Mozilla/5.0 (Windows NT 6.1) AppleWebKit/534.30 (KHTML, like Gecko) Chrome/12.0.742.122 Safari/534.30"
23.100.232.233 - - [19/May/2021:02:02:45 -0300] "GET /imagenes/novedad/eaee75_6ad574_eec665.jpg HTTP/1.1" 200 67237 "https://www.balneario-el-condor.com.ar/noticias-y-actividades/avistaje-de-delfines-201906" "Mozilla/5.0 (compatible; MSIE 9.0; Windows NT 6.0; Trident/5.0;  Trident/5.0)"
23.100.232.233 - - [19/May/2021:02:02:45 -0300] "GET /imagenes/novedad/8f20ef_a19e97_fd0e6a.jpg HTTP/1.1" 200 66637 "https://www.balneario-el-condor.com.ar/noticias-y-actividades/avistaje-de-delfines-201906" "Mozilla/5.0 (compatible; MSIE 9.0; Windows NT 6.0; Trident/5.0;  Trident/5.0)"
40.77.167.21 - - [19/May/2021:02:08:10 -0300] "GET /css/images/repositorio/thumb_1526709_625528777512441_1860992943_n.jpg HTTP/1.1" 200 2979 "-" "Mozilla/5.0 (compatible; bingbot/2.0; +http://www.bing.com/bingbot.htm)"
157.55.39.2 - - [19/May/2021:02:39:46 -0300] "GET /css/images/repositorio/thumb_1173866_624610914270894_810050807_n.jpg HTTP/1.1" 200 6076 "-" "Mozilla/5.0 (compatible; bingbot/2.0; +http://www.bing.com/bingbot.htm)"
157.55.39.11 - - [19/May/2021:02:50:36 -0300] "GET /css/images/repositorio/photo_5366e1_3bhs_8378.jpg HTTP/1.1" 200 363 "-" "Mozilla/5.0 (compatible; bingbot/2.0; +http://www.bing.com/bingbot.htm)"
114.119.155.104 - - [19/May/2021:02:51:55 -0300] "GET /imagenes/novedad/ad57c8_cc61ce_4eeeeb.jpg HTTP/1.1" 200 424 "-" "Mozilla/5.0 (Linux; Android 7.0;) AppleWebKit/537.36 (KHTML, like Gecko) Mobile Safari/537.36 (compatible; PetalBot;+https://webmaster.petalsearch.com/site/petalbot)"
114.119.145.142 - - [19/May/2021:03:10:41 -0300] "GET /robots.txt HTTP/1.1" 200 31 "-" "Mozilla/5.0 (compatible;PetalBot;+https://webmaster.petalsearch.com/site/petalbot)"
159.203.77.13 - - [19/May/2021:03:18:47 -0300] "GET /wp-login.php HTTP/1.1" 200 369 "-" "Mozilla/5.0 (X11; Ubuntu; Linux x86_64; rv:62.0) Gecko/20100101 Firefox/62.0"
157.55.39.112 - - [19/May/2021:03:28:48 -0300] "GET /robots.txt HTTP/1.1" 200 31 "-" "Mozilla/5.0 (compatible; bingbot/2.0; +http://www.bing.com/bingbot.htm)"
157.55.39.139 - - [19/May/2021:03:50:25 -0300] "GET /css/images/repositorio/thumb_1544518_625528144179171_1028385598_n.jpg HTTP/1.1" 200 5783 "-" "Mozilla/5.0 (compatible; bingbot/2.0; +http://www.bing.com/bingbot.htm)"
178.150.14.250 - - [19/May/2021:04:51:10 -0300] "GET /robots.txt HTTP/1.1" 200 31 "-" "Mozilla/5.0 (compatible; MJ12bot/v1.4.8; http://mj12bot.com/)"
178.150.14.250 - - [19/May/2021:04:51:42 -0300] "GET /imagenes/novedad/a6ffc4_pe%C3%B1a2.JPG HTTP/1.1" 200 424 "-" "Mozilla/5.0 (compatible; MJ12bot/v1.4.8; http://mj12bot.com/)"
207.46.13.49 - - [19/May/2021:04:52:05 -0300] "GET /imagenes/novedad/8cb076_b1180f_7d7970.jpg HTTP/1.1" 200 351863 "-" "Mozilla/5.0 (compatible; bingbot/2.0; +http://www.bing.com/bingbot.htm)"
114.119.150.215 - - [19/May/2021:05:21:36 -0300] "GET /robots.txt HTTP/1.1" 200 31 "-" "Mozilla/5.0 (compatible;PetalBot;+https://webmaster.petalsearch.com/site/petalbot)"
216.244.66.199 - - [19/May/2021:05:48:53 -0300] "GET /robots.txt HTTP/1.1" 200 31 "-" "Mozilla/5.0 (compatible; DotBot/1.2; +https://opensiteexplorer.org/dotbot; help@moz.com)"
216.244.66.199 - - [19/May/2021:06:10:06 -0300] "GET /css/images/repositorio/photo_673b22_IMG_9406.jpg HTTP/1.1" 200 753 "-" "Mozilla/5.0 (compatible; DotBot/1.2; +https://opensiteexplorer.org/dotbot; help@moz.com)"
216.244.66.199 - - [19/May/2021:06:10:41 -0300] "GET /css/images/repositorio/photo_d8be0a_3bhs_0063.jpg HTTP/1.1" 200 753 "-" "Mozilla/5.0 (compatible; DotBot/1.2; +https://opensiteexplorer.org/dotbot; help@moz.com)"
216.244.66.199 - - [19/May/2021:06:44:39 -0300] "GET /robots.txt HTTP/1.1" 200 31 "-" "Mozilla/5.0 (compatible; DotBot/1.2; +https://opensiteexplorer.org/dotbot; help@moz.com)"
216.244.66.199 - - [19/May/2021:07:05:00 -0300] "GET /imagenes/novedad/3a0158_elcondor_2.jpg HTTP/1.1" 200 972 "-" "Mozilla/5.0 (compatible; DotBot/1.2; +https://opensiteexplorer.org/dotbot; help@moz.com)"
216.244.66.199 - - [19/May/2021:07:05:32 -0300] "GET /css/images/repositorio/photo_b8532d_3bhs_0057.jpg HTTP/1.1" 200 753 "-" "Mozilla/5.0 (compatible; DotBot/1.2; +https://opensiteexplorer.org/dotbot; help@moz.com)"
170.78.75.240 - - [19/May/2021:07:07:39 -0300] "GET /css/images/repositorio/thumb_1011587_625528040845848_1685101801_n.jpg HTTP/1.1" 200 5066 "-" "Mozilla/5.0 (Windows NT 6.1) AppleWebKit/534.30 (KHTML, like Gecko) Chrome/12.0.742.122 Safari/534.30"
216.244.66.199 - - [19/May/2021:07:40:03 -0300] "GET /robots.txt HTTP/1.1" 200 31 "-" "Mozilla/5.0 (compatible; DotBot/1.2; +https://opensiteexplorer.org/dotbot; help@moz.com)"
114.119.142.243 - - [19/May/2021:07:45:07 -0300] "GET /robots.txt HTTP/1.1" 200 31 "-" "Mozilla/5.0 (compatible;PetalBot;+https://webmaster.petalsearch.com/site/petalbot)"
170.78.75.240 - - [19/May/2021:07:55:39 -0300] "GET /css/images/repositorio/thumb_10013813_625528864179099_1959750769_n.jpg HTTP/1.1" 200 5338 "-" "Mozilla/5.0 (Windows NT 6.1) AppleWebKit/534.30 (KHTML, like Gecko) Chrome/12.0.742.122 Safari/534.30"
216.244.66.199 - - [19/May/2021:07:56:18 -0300] "GET /css/images/repositorio/3bhs_7442.jpg HTTP/1.1" 200 753 "-" "Mozilla/5.0 (compatible; DotBot/1.2; +https://opensiteexplorer.org/dotbot; help@moz.com)"
216.244.66.199 - - [19/May/2021:08:00:39 -0300] "GET /imagenes/novedad/c87e14_image_content_8153258_20170306212551.jpg HTTP/1.1" 200 972 "-" "Mozilla/5.0 (compatible; DotBot/1.2; +https://opensiteexplorer.org/dotbot; help@moz.com)"
172.70.1.138 - - [19/May/2021:09:31:58 -0300] "GET /imagenes/novedad/8cb076_b1180f_7d7970.jpg HTTP/1.1" 200 351863 "http://christian.enininradareac.ml/" "Mozilla/5.0 (compatible; CloudFlare-AlwaysOnline/1.0; +http://www.cloudflare.com/always-online) AppleWebKit/534.34"
200.59.4.130 - - [19/May/2021:10:04:57 -0300] "GET /imagenes/novedad/5c89e1_6f7e39_63d5ab.jpeg HTTP/1.1" 200 53490 "https://www.balneario-el-condor.com.ar/noticias-y-actividades/pejerrey-en-escabeche-201905" "Mozilla/5.0 (Macintosh; Intel Mac OS X 10_14_6) AppleWebKit/605.1.15 (KHTML, like Gecko) Version/13.1.2 Safari/605.1.15"
200.59.4.130 - - [19/May/2021:10:04:57 -0300] "GET /imagenes/novedad/3f33d3_a06512_bb88a3.jpeg HTTP/1.1" 200 164286 "https://www.balneario-el-condor.com.ar/noticias-y-actividades/pejerrey-en-escabeche-201905" "Mozilla/5.0 (Macintosh; Intel Mac OS X 10_14_6) AppleWebKit/605.1.15 (KHTML, like Gecko) Version/13.1.2 Safari/605.1.15"
114.119.140.122 - - [19/May/2021:10:07:20 -0300] "GET /robots.txt HTTP/1.1" 200 31 "-" "Mozilla/5.0 (compatible;PetalBot;+https://webmaster.petalsearch.com/site/petalbot)"
66.249.66.203 - - [19/May/2021:10:14:04 -0300] "GET /robots.txt HTTP/1.1" 200 31 "-" "Mozilla/5.0 (compatible; Googlebot/2.1; +http://www.google.com/bot.html)"
66.249.66.207 - - [19/May/2021:10:14:04 -0300] "GET /css/images/repositorio/photo_4489f5_3bhs_8272.jpg HTTP/1.1" 200 363 "-" "Googlebot-Image/1.0"
170.78.75.240 - - [19/May/2021:10:14:14 -0300] "GET /imagenes/novedad/b486f1_a25c19_827938.jpeg HTTP/1.1" 200 127860 "-" "Mozilla/5.0 (Windows NT 6.1) AppleWebKit/534.30 (KHTML, like Gecko) Chrome/12.0.742.122 Safari/534.30"
40.77.167.21 - - [19/May/2021:10:14:16 -0300] "GET /imagenes/novedad/e89242_636e14_46f776.jpg HTTP/1.1" 200 130369 "-" "Mozilla/5.0 (compatible; bingbot/2.0; +http://www.bing.com/bingbot.htm)"
170.78.75.240 - - [19/May/2021:10:32:15 -0300] "GET /imagenes/novedad/ae4d52_bfd120_18d939.jpg HTTP/1.1" 200 15876 "-" "Mozilla/5.0 (Windows NT 6.1) AppleWebKit/534.30 (KHTML, like Gecko) Chrome/12.0.742.122 Safari/534.30"
173.252.107.22 - - [19/May/2021:10:32:15 -0300] "GET /css/images/repositorio/no_image.jpg HTTP/1.1" 200 1084 "-" "facebookexternalhit/1.1 (+http://www.facebook.com/externalhit_uatext.php)"
216.244.66.199 - - [19/May/2021:10:37:24 -0300] "GET /robots.txt HTTP/1.1" 200 31 "-" "Mozilla/5.0 (compatible; DotBot/1.2; +https://opensiteexplorer.org/dotbot; help@moz.com)"
157.55.39.139 - - [19/May/2021:10:51:28 -0300] "GET /css/images/repositorio/thumb_1969284_625528734179112_1423754674_n.jpg HTTP/1.1" 200 6204 "-" "Mozilla/5.0 (compatible; bingbot/2.0; +http://www.bing.com/bingbot.htm)"
216.244.66.199 - - [19/May/2021:10:59:07 -0300] "GET /css/images/repositorio/photo_34612d_3bhs_9247.jpg HTTP/1.1" 200 753 "-" "Mozilla/5.0 (compatible; DotBot/1.2; +https://opensiteexplorer.org/dotbot; help@moz.com)"
216.244.66.199 - - [19/May/2021:10:59:40 -0300] "GET /css/images/repositorio/photo_e0ef1c_3bhs_9266.jpg HTTP/1.1" 200 753 "-" "Mozilla/5.0 (compatible; DotBot/1.2; +https://opensiteexplorer.org/dotbot; help@moz.com)"
131.100.64.18 - - [19/May/2021:11:01:53 -0300] "GET /css/images/repositorio/hospedaje/Alojamiento.jpg HTTP/1.1" 200 2056 "https://www.balneario-el-condor.com.ar/" "Mozilla/5.0 (iPhone; CPU iPhone OS 12_5_2 like Mac OS X) AppleWebKit/605.1.15 (KHTML, like Gecko) Mobile/15E148 Instagram 187.0.0.32.120 (iPhone7,2; iOS 12_5_2; es_AR; es-AR; scale=2.00; 750x1334; 289678855)"
131.100.64.18 - - [19/May/2021:11:01:53 -0300] "GET /css/images/repositorio/restaurantes/arenas-del-sur.jpg HTTP/1.1" 200 17512 "https://www.balneario-el-condor.com.ar/" "Mozilla/5.0 (iPhone; CPU iPhone OS 12_5_2 like Mac OS X) AppleWebKit/605.1.15 (KHTML, like Gecko) Mobile/15E148 Instagram 187.0.0.32.120 (iPhone7,2; iOS 12_5_2; es_AR; es-AR; scale=2.00; 750x1334; 289678855)"
131.100.64.18 - - [19/May/2021:11:01:53 -0300] "GET /css/images/repositorio/restaurantes/restaurantes.jpg HTTP/1.1" 200 8578 "https://www.balneario-el-condor.com.ar/" "Mozilla/5.0 (iPhone; CPU iPhone OS 12_5_2 like Mac OS X) AppleWebKit/605.1.15 (KHTML, like Gecko) Mobile/15E148 Instagram 187.0.0.32.120 (iPhone7,2; iOS 12_5_2; es_AR; es-AR; scale=2.00; 750x1334; 289678855)"
131.100.64.18 - - [19/May/2021:11:01:53 -0300] "GET /css/images/repositorio/hospedaje/camping.jpg HTTP/1.1" 200 2225 "https://www.balneario-el-condor.com.ar/" "Mozilla/5.0 (iPhone; CPU iPhone OS 12_5_2 like Mac OS X) AppleWebKit/605.1.15 (KHTML, like Gecko) Mobile/15E148 Instagram 187.0.0.32.120 (iPhone7,2; iOS 12_5_2; es_AR; es-AR; scale=2.00; 750x1334; 289678855)"
131.100.64.18 - - [19/May/2021:11:01:53 -0300] "GET /css/images/repositorio/restaurantes/lupes-resto-mini.jpg HTTP/1.1" 200 69021 "https://www.balneario-el-condor.com.ar/" "Mozilla/5.0 (iPhone; CPU iPhone OS 12_5_2 like Mac OS X) AppleWebKit/605.1.15 (KHTML, like Gecko) Mobile/15E148 Instagram 187.0.0.32.120 (iPhone7,2; iOS 12_5_2; es_AR; es-AR; scale=2.00; 750x1334; 289678855)"
40.77.167.21 - - [19/May/2021:11:17:01 -0300] "GET /imagenes/novedad/087f8e_57529a_587af8.jpg HTTP/1.1" 200 143412 "-" "Mozilla/5.0 (compatible; bingbot/2.0; +http://www.bing.com/bingbot.htm)"
216.244.66.199 - - [19/May/2021:11:34:43 -0300] "GET /robots.txt HTTP/1.1" 200 31 "-" "Mozilla/5.0 (compatible; DotBot/1.2; +https://opensiteexplorer.org/dotbot; help@moz.com)"
216.244.66.199 - - [19/May/2021:11:56:35 -0300] "GET /imagenes/novedad/773d5b_IMG_9605.jpg HTTP/1.1" 200 972 "-" "Mozilla/5.0 (compatible; DotBot/1.2; +https://opensiteexplorer.org/dotbot; help@moz.com)"
216.244.66.199 - - [19/May/2021:11:57:06 -0300] "GET /imagenes/novedad/c8d5b0_IMG_9613.jpg HTTP/1.1" 200 972 "-" "Mozilla/5.0 (compatible; DotBot/1.2; +https://opensiteexplorer.org/dotbot; help@moz.com)"
157.55.39.139 - - [19/May/2021:12:08:47 -0300] "GET /css/images/repositorio/big_one_580562_10151787555723167_1373140045_n.jpg HTTP/1.1" 200 33075 "-" "Mozilla/5.0 (compatible; bingbot/2.0; +http://www.bing.com/bingbot.htm)"
45.5.0.15 - - [19/May/2021:12:18:26 -0300] "GET /css/images/repositorio/restaurantes/arenas-del-sur.jpg HTTP/1.1" 200 17512 "https://www.balneario-el-condor.com.ar/" "Mozilla/5.0 (Windows NT 10.0; Win64; x64) AppleWebKit/537.36 (KHTML, like Gecko) Chrome/90.0.4430.212 Safari/537.36"
45.5.0.15 - - [19/May/2021:12:18:26 -0300] "GET /css/images/repositorio/restaurantes/restaurantes.jpg HTTP/1.1" 200 8578 "https://www.balneario-el-condor.com.ar/" "Mozilla/5.0 (Windows NT 10.0; Win64; x64) AppleWebKit/537.36 (KHTML, like Gecko) Chrome/90.0.4430.212 Safari/537.36"
45.5.0.15 - - [19/May/2021:12:18:26 -0300] "GET /css/images/repositorio/hospedaje/camping.jpg HTTP/1.1" 200 2225 "https://www.balneario-el-condor.com.ar/" "Mozilla/5.0 (Windows NT 10.0; Win64; x64) AppleWebKit/537.36 (KHTML, like Gecko) Chrome/90.0.4430.212 Safari/537.36"
45.5.0.15 - - [19/May/2021:12:18:26 -0300] "GET /css/images/repositorio/restaurantes/lupes-resto-mini.jpg HTTP/1.1" 200 69021 "https://www.balneario-el-condor.com.ar/" "Mozilla/5.0 (Windows NT 10.0; Win64; x64) AppleWebKit/537.36 (KHTML, like Gecko) Chrome/90.0.4430.212 Safari/537.36"
45.5.0.15 - - [19/May/2021:12:18:26 -0300] "GET /css/images/repositorio/hospedaje/Alojamiento.jpg HTTP/1.1" 200 2056 "https://www.balneario-el-condor.com.ar/" "Mozilla/5.0 (Windows NT 10.0; Win64; x64) AppleWebKit/537.36 (KHTML, like Gecko) Chrome/90.0.4430.212 Safari/537.36"
157.55.39.112 - - [19/May/2021:12:19:41 -0300] "GET /css/images/repositorio/big_one_1947492_721301421243071_943998313_n.jpg HTTP/1.1" 200 41664 "-" "Mozilla/5.0 (compatible; bingbot/2.0; +http://www.bing.com/bingbot.htm)"
157.55.39.45 - - [19/May/2021:12:23:56 -0300] "GET /css/images/repositorio/thumb_1507804_625528234179162_1927669982_n.jpg HTTP/1.1" 200 5540 "-" "Mozilla/5.0 (compatible; bingbot/2.0; +http://www.bing.com/bingbot.htm)"
157.55.39.11 - - [19/May/2021:12:31:34 -0300] "GET /imagenes/novedad/023111_1a1982_6829c8.jpeg HTTP/1.1" 200 147483 "-" "Mozilla/5.0 (compatible; bingbot/2.0; +http://www.bing.com/bingbot.htm)"
216.244.66.199 - - [19/May/2021:12:32:51 -0300] "GET /robots.txt HTTP/1.1" 200 31 "-" "Mozilla/5.0 (compatible; DotBot/1.2; +https://opensiteexplorer.org/dotbot; help@moz.com)"
216.244.66.199 - - [19/May/2021:12:54:44 -0300] "GET /imagenes/novedad/ee8f49__DSC0779_low.jpg HTTP/1.1" 200 972 "-" "Mozilla/5.0 (compatible; DotBot/1.2; +https://opensiteexplorer.org/dotbot; help@moz.com)"
114.119.132.207 - - [19/May/2021:13:09:01 -0300] "GET /css/images/repositorio/restaurantes/arenas-del-sur_noche_bares.jpg HTTP/1.1" 200 363 "-" "Mozilla/5.0 (Linux; Android 7.0;) AppleWebKit/537.36 (KHTML, like Gecko) Mobile Safari/537.36 (compatible; PetalBot;+https://webmaster.petalsearch.com/site/petalbot)"
157.55.39.139 - - [19/May/2021:13:21:09 -0300] "GET /css/images/repositorio/thumb_1011587_625528040845848_1685101801_n.jpg HTTP/1.1" 200 5066 "-" "Mozilla/5.0 (compatible; bingbot/2.0; +http://www.bing.com/bingbot.htm)"
190.92.109.97 - - [19/May/2021:13:23:02 -0300] "GET /css/images/repositorio/photo_e9acad_big_one_8.png HTTP/1.1" 200 565599 "https://www.google.com/" "Mozilla/5.0 (Windows NT 6.1) AppleWebKit/537.36 (KHTML, like Gecko) Chrome/90.0.4430.212 Safari/537.36"
190.220.12.254 - - [19/May/2021:14:09:34 -0300] "GET /imagenes/novedad/5c89e1_6f7e39_63d5ab.jpeg HTTP/1.1" 200 53490 "https://www.balneario-el-condor.com.ar/" "Mozilla/5.0 (Windows NT 10.0; Win64; x64) AppleWebKit/537.36 (KHTML, like Gecko) Chrome/90.0.4430.72 Safari/537.36"
190.220.12.254 - - [19/May/2021:14:09:34 -0300] "GET /imagenes/novedad/3f33d3_a06512_bb88a3.jpeg HTTP/1.1" 200 164286 "https://www.balneario-el-condor.com.ar/" "Mozilla/5.0 (Windows NT 10.0; Win64; x64) AppleWebKit/537.36 (KHTML, like Gecko) Chrome/90.0.4430.72 Safari/537.36"
168.0.186.185 - - [19/May/2021:14:21:15 -0300] "GET /css/images/repositorio/photo_bb20cf_cartel_recorridos_AVITURMOS_balneario_el_condor_BAJA.jpg HTTP/1.1" 200 181008 "https://www.google.com.ar/" "Mozilla/5.0 (Windows NT 10.0; Win64; x64) AppleWebKit/537.36 (KHTML, like Gecko) Chrome/90.0.4430.212 Safari/537.36"
168.0.186.185 - - [19/May/2021:14:25:29 -0300] "GET /imagenes/novedad/1d7e27_54c9c3_f6239b.jpg HTTP/1.1" 200 87424 "https://www.google.com.ar/" "Mozilla/5.0 (Windows NT 10.0; Win64; x64) AppleWebKit/537.36 (KHTML, like Gecko) Chrome/90.0.4430.212 Safari/537.36"
51.15.251.143 - - [19/May/2021:14:38:05 -0300] "GET / HTTP/1.1" 200 9778 "-" "-"
207.46.13.174 - - [19/May/2021:14:38:25 -0300] "GET /imagenes/novedad/3ecbbd_a581fa_badab4.jpg HTTP/1.1" 200 82778 "-" "Mozilla/5.0 (compatible; bingbot/2.0; +http://www.bing.com/bingbot.htm)"
207.46.13.49 - - [19/May/2021:14:42:42 -0300] "GET /imagenes/novedad/0c9644_79ec16_441707.jpg HTTP/1.1" 200 144429 "-" "Mozilla/5.0 (compatible; bingbot/2.0; +http://www.bing.com/bingbot.htm)"
173.252.95.17 - - [19/May/2021:14:52:34 -0300] "GET /imagenes/novedad/202dd2__DSC0775_low.jpg HTTP/1.1" 200 424 "-" "facebookexternalhit/1.1 (+http://www.facebook.com/externalhit_uatext.php)"
173.252.95.24 - - [19/May/2021:14:52:34 -0300] "GET /imagenes/novedad/a6c536__DSC0765_low.jpg HTTP/1.1" 200 424 "-" "facebookexternalhit/1.1 (+http://www.facebook.com/externalhit_uatext.php)"
173.252.95.17 - - [19/May/2021:14:52:34 -0300] "GET /imagenes/novedad/aab27c__DSC0785_low.jpg HTTP/1.1" 200 424 "-" "facebookexternalhit/1.1 (+http://www.facebook.com/externalhit_uatext.php)"
173.252.95.8 - - [19/May/2021:14:52:35 -0300] "GET /imagenes/novedad/ee8f49__DSC0779_low.jpg HTTP/1.1" 200 424 "-" "facebookexternalhit/1.1 (+http://www.facebook.com/externalhit_uatext.php)"
173.252.95.17 - - [19/May/2021:14:52:35 -0300] "GET /imagenes/novedad/3448d0__DSC0766_low.jpg HTTP/1.1" 200 424 "-" "facebookexternalhit/1.1 (+http://www.facebook.com/externalhit_uatext.php)"
173.252.95.116 - - [19/May/2021:14:52:35 -0300] "GET /imagenes/novedad/9825d7__DSC0768_low.jpg HTTP/1.1" 200 424 "-" "facebookexternalhit/1.1 (+http://www.facebook.com/externalhit_uatext.php)"
173.252.95.16 - - [19/May/2021:14:52:35 -0300] "GET /imagenes/novedad/b80db7__DSC0781_low.jpg HTTP/1.1" 200 424 "-" "facebookexternalhit/1.1 (+http://www.facebook.com/externalhit_uatext.php)"
173.252.95.21 - - [19/May/2021:14:52:36 -0300] "GET /imagenes/novedad/111bb2__DSC0771_low.jpg HTTP/1.1" 200 424 "-" "facebookexternalhit/1.1 (+http://www.facebook.com/externalhit_uatext.php)"
200.68.125.13 - - [19/May/2021:15:02:13 -0300] "GET /imagenes/novedad/ee7171_c06d66_2463e0.jpg HTTP/1.1" 200 74885 "https://www.google.com/" "Mozilla/5.0 (Windows NT 10.0; Win64; x64) AppleWebKit/537.36 (KHTML, like Gecko) Chrome/90.0.4430.212 Safari/537.36"
173.252.95.8 - - [19/May/2021:15:03:00 -0300] "GET /imagenes/novedad/aab27c__DSC0785_low.jpg HTTP/1.1" 200 424 "-" "facebookexternalhit/1.1 (+http://www.facebook.com/externalhit_uatext.php)"
173.252.95.21 - - [19/May/2021:15:03:01 -0300] "GET /imagenes/novedad/a6c536__DSC0765_low.jpg HTTP/1.1" 200 424 "-" "facebookexternalhit/1.1 (+http://www.facebook.com/externalhit_uatext.php)"
173.252.95.5 - - [19/May/2021:15:03:05 -0300] "GET /imagenes/novedad/9825d7__DSC0768_low.jpg HTTP/1.1" 200 424 "-" "facebookexternalhit/1.1 (+http://www.facebook.com/externalhit_uatext.php)"
173.252.95.24 - - [19/May/2021:15:03:11 -0300] "GET /imagenes/novedad/111bb2__DSC0771_low.jpg HTTP/1.1" 200 424 "-" "facebookexternalhit/1.1 (+http://www.facebook.com/externalhit_uatext.php)"
173.252.95.17 - - [19/May/2021:15:03:11 -0300] "GET /imagenes/novedad/b80db7__DSC0781_low.jpg HTTP/1.1" 200 424 "-" "facebookexternalhit/1.1 (+http://www.facebook.com/externalhit_uatext.php)"
173.252.95.42 - - [19/May/2021:15:03:11 -0300] "GET /imagenes/novedad/ee8f49__DSC0779_low.jpg HTTP/1.1" 200 424 "-" "facebookexternalhit/1.1 (+http://www.facebook.com/externalhit_uatext.php)"
207.46.13.174 - - [19/May/2021:15:22:59 -0300] "GET /css/images/repositorio/thumb_10013539_624610840937568_1687892040_n.jpg HTTP/1.1" 200 4888 "-" "Mozilla/5.0 (compatible; bingbot/2.0; +http://www.bing.com/bingbot.htm)"
157.55.39.2 - - [19/May/2021:15:34:21 -0300] "GET /css/images/repositorio/thumb_1526908_625533617511957_2901055_n.jpg HTTP/1.1" 200 5860 "-" "Mozilla/5.0 (compatible; bingbot/2.0; +http://www.bing.com/bingbot.htm)"
157.55.39.11 - - [19/May/2021:16:25:35 -0300] "GET /css/images/repositorio/thumb_935195_624868074245178_277147934_n.jpg HTTP/1.1" 200 4468 "-" "Mozilla/5.0 (compatible; bingbot/2.0; +http://www.bing.com/bingbot.htm)"
66.220.149.49 - - [19/May/2021:17:04:44 -0300] "GET /css/images/repositorio/thumb_034015_2422_2680_arqueria_23_07_2015.jpg HTTP/1.1" 200 363 "-" "facebookexternalhit/1.1 (+http://www.facebook.com/externalhit_uatext.php)"
207.46.13.174 - - [19/May/2021:17:12:19 -0300] "GET /imagenes/novedad/fd979e_999aa9_88c29a.jpg HTTP/1.1" 200 67429 "-" "Mozilla/5.0 (compatible; bingbot/2.0; +http://www.bing.com/bingbot.htm)"
157.55.39.183 - - [19/May/2021:17:19:43 -0300] "GET /imagenes/novedad/d9fc4c_4b9473_8d5ac3.jpg HTTP/1.1" 200 45452 "-" "Mozilla/5.0 (compatible; bingbot/2.0; +http://www.bing.com/bingbot.htm)"
66.60.20.6 - - [19/May/2021:17:19:53 -0300] "GET /imagenes/novedad/5c89e1_6f7e39_63d5ab.jpeg HTTP/1.1" 200 53490 "https://www.balneario-el-condor.com.ar/" "Mozilla/5.0 (Linux; Android 10; moto g(8) play) AppleWebKit/537.36 (KHTML, like Gecko) Chrome/90.0.4430.210 Mobile Safari/537.36"
66.60.20.6 - - [19/May/2021:17:19:53 -0300] "GET /imagenes/novedad/3f33d3_a06512_bb88a3.jpeg HTTP/1.1" 200 164286 "https://www.balneario-el-condor.com.ar/" "Mozilla/5.0 (Linux; Android 10; moto g(8) play) AppleWebKit/537.36 (KHTML, like Gecko) Chrome/90.0.4430.210 Mobile Safari/537.36"
114.119.153.7 - - [19/May/2021:17:21:32 -0300] "GET /css/images/repositorio/photo_be9cac_DSC00631.JPG HTTP/1.1" 200 363 "-" "Mozilla/5.0 (Linux; Android 7.0;) AppleWebKit/537.36 (KHTML, like Gecko) Mobile Safari/537.36 (compatible; PetalBot;+https://webmaster.petalsearch.com/site/petalbot)"
170.78.75.240 - - [19/May/2021:17:35:10 -0300] "GET /imagenes/novedad/631509_240e1b_460c08.jpg HTTP/1.1" 200 99573 "-" "Mozilla/5.0 (Windows NT 6.1) AppleWebKit/534.30 (KHTML, like Gecko) Chrome/12.0.742.122 Safari/534.30"
181.20.115.175 - - [19/May/2021:17:35:10 -0300] "GET /css/images/repositorio/photo_c73324_redimensionar_desarro.jpg HTTP/1.1" 200 115872 "https://www.balneario-el-condor.com.ar/" "Mozilla/5.0 (Windows NT 10.0; Win64; x64) AppleWebKit/537.36 (KHTML, like Gecko) Chrome/90.0.4430.212 Safari/537.36"
40.77.167.21 - - [19/May/2021:17:52:50 -0300] "GET /css/images/repositorio/thumb_e3a8d8_3bhs_8342.jpg HTTP/1.1" 200 363 "-" "Mozilla/5.0 (compatible; bingbot/2.0; +http://www.bing.com/bingbot.htm)"
170.81.228.220 - - [19/May/2021:17:58:07 -0300] "GET /imagenes/novedad/8cb076_b1180f_7d7970.jpg HTTP/1.1" 200 351863 "https://www.google.com/" "Mozilla/5.0 (Windows NT 6.1; Win64; x64) AppleWebKit/537.36 (KHTML, like Gecko) Chrome/90.0.4430.212 Safari/537.36"
170.81.228.220 - - [19/May/2021:17:58:11 -0300] "GET /imagenes/novedad/8cb076_b1180f_7d7970.jpg HTTP/1.1" 200 351863 "https://www.balneario-el-condor.com.ar/" "Mozilla/5.0 (Windows NT 6.1; Win64; x64) AppleWebKit/537.36 (KHTML, like Gecko) Chrome/90.0.4430.212 Safari/537.36"
170.78.75.240 - - [19/May/2021:17:58:11 -0300] "GET /imagenes/novedad/1fcae1_523559_ef70dd.jpg HTTP/1.1" 200 171607 "-" "Mozilla/5.0 (Windows NT 6.1) AppleWebKit/534.30 (KHTML, like Gecko) Chrome/12.0.742.122 Safari/534.30"
157.55.39.139 - - [19/May/2021:17:59:09 -0300] "GET /css/images/repositorio/thumb_fd94a1_IMG_4261.jpg HTTP/1.1" 200 363 "-" "Mozilla/5.0 (compatible; bingbot/2.0; +http://www.bing.com/bingbot.htm)"
181.230.155.167 - - [19/May/2021:18:02:15 -0300] "GET /imagenes/novedad/8cb076_b1180f_7d7970.jpg HTTP/1.1" 200 351863 "https://www.google.com/" "Mozilla/5.0 (Windows NT 10.0; Win64; x64) AppleWebKit/537.36 (KHTML, like Gecko) Chrome/90.0.4430.212 Safari/537.36"
66.220.149.119 - - [19/May/2021:18:11:07 -0300] "GET /imagenes/novedad/eeafd8_camping-loberia-2016.jpg HTTP/1.1" 200 424 "-" "facebookexternalhit/1.1 (+http://www.facebook.com/externalhit_uatext.php)"
170.78.75.240 - - [19/May/2021:18:16:47 -0300] "GET //imagenes/agenda/7d1212_4c0e51_d0cbd6.jpg HTTP/1.1" 200 168557 "-" "Mozilla/5.0 (Windows NT 6.1) AppleWebKit/534.30 (KHTML, like Gecko) Chrome/12.0.742.122 Safari/534.30"
157.55.39.11 - - [19/May/2021:18:32:16 -0300] "GET /css/images/repositorio/thumb_1922249_624612317604087_1847900791_n.jpg HTTP/1.1" 200 3264 "-" "Mozilla/5.0 (compatible; bingbot/2.0; +http://www.bing.com/bingbot.htm)"
157.55.39.139 - - [19/May/2021:20:00:15 -0300] "GET /css/images/repositorio/thumb_988702_3bhs_8320.jpg HTTP/1.1" 200 363 "-" "Mozilla/5.0 (compatible; bingbot/2.0; +http://www.bing.com/bingbot.htm)"
207.46.13.174 - - [19/May/2021:20:41:10 -0300] "GET /css/images/repositorio/thumb_5366e1_3bhs_8378.jpg HTTP/1.1" 200 363 "-" "Mozilla/5.0 (compatible; bingbot/2.0; +http://www.bing.com/bingbot.htm)"
40.77.167.55 - - [19/May/2021:21:41:42 -0300] "GET /robots.txt HTTP/1.1" 403 1205 "-" "Mozilla/5.0 (compatible; bingbot/2.0; +http://www.bing.com/bingbot.htm)"
40.77.167.55 - - [19/May/2021:21:41:43 -0300] "GET /robots.txt HTTP/1.1" 200 31 "-" "Mozilla/5.0 (compatible; bingbot/2.0; +http://www.bing.com/bingbot.htm)"
157.55.39.2 - - [19/May/2021:21:41:55 -0300] "GET /css/images/repositorio/photo_5dd0ab_994970_552034358215558_1743993965_n.jpg HTTP/1.1" 200 174496 "-" "Mozilla/5.0 (compatible; bingbot/2.0; +http://www.bing.com/bingbot.htm)"
170.78.75.240 - - [19/May/2021:22:01:53 -0300] "GET /imagenes/novedad/806152_dc9d84_808474.jpg HTTP/1.1" 200 327311 "-" "Mozilla/5.0 (Windows NT 6.1) AppleWebKit/534.30 (KHTML, like Gecko) Chrome/12.0.742.122 Safari/534.30"
114.119.153.7 - - [19/May/2021:22:15:54 -0300] "GET /css/images/repositorio/photo_acdc21_imagen_1.jpg HTTP/1.1" 200 363 "-" "Mozilla/5.0 (Linux; Android 7.0;) AppleWebKit/537.36 (KHTML, like Gecko) Mobile Safari/537.36 (compatible; PetalBot;+https://webmaster.petalsearch.com/site/petalbot)"
40.77.167.55 - - [19/May/2021:22:19:41 -0300] "GET /robots.txt HTTP/1.1" 403 1205 "-" "Mozilla/5.0 (compatible; bingbot/2.0; +http://www.bing.com/bingbot.htm)"
40.77.167.55 - - [19/May/2021:22:19:41 -0300] "GET /robots.txt HTTP/1.1" 200 31 "-" "Mozilla/5.0 (compatible; bingbot/2.0; +http://www.bing.com/bingbot.htm)"
157.55.39.45 - - [19/May/2021:22:19:45 -0300] "GET /css/images/repositorio/thumb_971679_625536610844991_1683273691_n.jpg HTTP/1.1" 200 4790 "-" "Mozilla/5.0 (compatible; bingbot/2.0; +http://www.bing.com/bingbot.htm)"
34.220.99.235 - - [19/May/2021:22:23:33 -0300] "GET /css/images/repositorio/hospedaje/Alojamiento.jpg HTTP/1.1" 200 2056 "https://www.balneario-el-condor.com.ar/" "Mozilla/5.0 (X11; Linux x86_64) AppleWebKit/537.36 (KHTML, like Gecko) HeadlessChrome/83.0.4103.97 Safari/537.36"
34.220.99.235 - - [19/May/2021:22:23:33 -0300] "GET /css/images/repositorio/hospedaje/camping.jpg HTTP/1.1" 200 2225 "https://www.balneario-el-condor.com.ar/" "Mozilla/5.0 (X11; Linux x86_64) AppleWebKit/537.36 (KHTML, like Gecko) HeadlessChrome/83.0.4103.97 Safari/537.36"
34.220.99.235 - - [19/May/2021:22:23:33 -0300] "GET /css/images/repositorio/restaurantes/restaurantes.jpg HTTP/1.1" 200 8578 "https://www.balneario-el-condor.com.ar/" "Mozilla/5.0 (X11; Linux x86_64) AppleWebKit/537.36 (KHTML, like Gecko) HeadlessChrome/83.0.4103.97 Safari/537.36"
34.220.99.235 - - [19/May/2021:22:23:33 -0300] "GET /css/images/repositorio/restaurantes/arenas-del-sur.jpg HTTP/1.1" 200 17512 "https://www.balneario-el-condor.com.ar/" "Mozilla/5.0 (X11; Linux x86_64) AppleWebKit/537.36 (KHTML, like Gecko) HeadlessChrome/83.0.4103.97 Safari/537.36"
170.78.75.240 - - [19/May/2021:22:23:33 -0300] "GET /imagenes/novedad/eff343_0d7522_c0f8cb.jpg HTTP/1.1" 200 150893 "-" "Mozilla/5.0 (Windows NT 6.1) AppleWebKit/534.30 (KHTML, like Gecko) Chrome/12.0.742.122 Safari/534.30"
34.220.99.235 - - [19/May/2021:22:23:33 -0300] "GET /css/images/repositorio/restaurantes/lupes-resto-mini.jpg HTTP/1.1" 200 69021 "https://www.balneario-el-condor.com.ar/" "Mozilla/5.0 (X11; Linux x86_64) AppleWebKit/537.36 (KHTML, like Gecko) HeadlessChrome/83.0.4103.97 Safari/537.36"
52.87.44.246 - - [19/May/2021:22:24:33 -0300] "GET /css/images/repositorio/hospedaje/Alojamiento.jpg HTTP/1.1" 200 2056 "https://www.balneario-el-condor.com.ar/" "Mozilla/5.0 (X11; Linux x86_64) AppleWebKit/537.36 (KHTML, like Gecko) Chrome/84.0.4147.89 Safari/537.36"
52.87.44.246 - - [19/May/2021:22:24:33 -0300] "GET /css/images/repositorio/hospedaje/camping.jpg HTTP/1.1" 200 2225 "https://www.balneario-el-condor.com.ar/" "Mozilla/5.0 (X11; Linux x86_64) AppleWebKit/537.36 (KHTML, like Gecko) Chrome/84.0.4147.89 Safari/537.36"
52.87.44.246 - - [19/May/2021:22:24:33 -0300] "GET /css/images/repositorio/restaurantes/restaurantes.jpg HTTP/1.1" 200 8578 "https://www.balneario-el-condor.com.ar/" "Mozilla/5.0 (X11; Linux x86_64) AppleWebKit/537.36 (KHTML, like Gecko) Chrome/84.0.4147.89 Safari/537.36"
52.87.44.246 - - [19/May/2021:22:24:33 -0300] "GET /css/images/repositorio/restaurantes/arenas-del-sur.jpg HTTP/1.1" 200 17512 "https://www.balneario-el-condor.com.ar/" "Mozilla/5.0 (X11; Linux x86_64) AppleWebKit/537.36 (KHTML, like Gecko) Chrome/84.0.4147.89 Safari/537.36"
52.87.44.246 - - [19/May/2021:22:24:33 -0300] "GET /css/images/repositorio/restaurantes/lupes-resto-mini.jpg HTTP/1.1" 200 69021 "https://www.balneario-el-condor.com.ar/" "Mozilla/5.0 (X11; Linux x86_64) AppleWebKit/537.36 (KHTML, like Gecko) Chrome/84.0.4147.89 Safari/537.36"
40.77.167.21 - - [19/May/2021:22:37:07 -0300] "GET /css/images/repositorio/thumb_1972509_624868300911822_1553146278_n.jpg HTTP/1.1" 200 3810 "-" "Mozilla/5.0 (compatible; bingbot/2.0; +http://www.bing.com/bingbot.htm)"
157.55.39.11 - - [19/May/2021:22:41:34 -0300] "GET /css/images/repositorio/thumb_1526709_625536370845015_412764212_n.jpg HTTP/1.1" 200 5766 "-" "Mozilla/5.0 (compatible; bingbot/2.0; +http://www.bing.com/bingbot.htm)"
207.46.13.49 - - [19/May/2021:22:49:51 -0300] "GET /imagenes/novedad/59f7c5_dd4fd6_836d28.jpg HTTP/1.1" 200 162102 "-" "Mozilla/5.0 (compatible; bingbot/2.0; +http://www.bing.com/bingbot.htm)"
18.237.72.231 - - [19/May/2021:22:51:20 -0300] "HEAD / HTTP/1.1" 200 - "-" "Mozilla/5.0 (Windows NT 6.1; WOW64) AppleWebKit/537.36 (KHTML, like Gecko) Chrome/56.0.2924.76 Safari/537.36"
54.191.181.180 - - [19/May/2021:22:51:21 -0300] "GET / HTTP/1.1" 200 2489 "-" "Mozilla/5.0 (X11; Linux x86_64) AppleWebKit/537.36 (KHTML, like Gecko) HeadlessChrome/83.0.4103.97 Safari/537.36"
54.191.181.180 - - [19/May/2021:22:51:21 -0300] "GET /assets/js/core/jquery.min.js HTTP/1.1" 200 29532 "http://static.balneario-el-condor.com.ar/" "Mozilla/5.0 (X11; Linux x86_64) AppleWebKit/537.36 (KHTML, like Gecko) HeadlessChrome/83.0.4103.97 Safari/537.36"
54.191.181.180 - - [19/May/2021:22:51:21 -0300] "GET /assets/js/core/jquery.slimscroll.min.js HTTP/1.1" 200 1883 "http://static.balneario-el-condor.com.ar/" "Mozilla/5.0 (X11; Linux x86_64) AppleWebKit/537.36 (KHTML, like Gecko) HeadlessChrome/83.0.4103.97 Safari/537.36"
54.191.181.180 - - [19/May/2021:22:51:21 -0300] "GET /assets/js/core/bootstrap.min.js HTTP/1.1" 200 9539 "http://static.balneario-el-condor.com.ar/" "Mozilla/5.0 (X11; Linux x86_64) AppleWebKit/537.36 (KHTML, like Gecko) HeadlessChrome/83.0.4103.97 Safari/537.36"
54.191.181.180 - - [19/May/2021:22:51:21 -0300] "GET /assets/css/oneui.css HTTP/1.1" 200 47988 "http://static.balneario-el-condor.com.ar/" "Mozilla/5.0 (X11; Linux x86_64) AppleWebKit/537.36 (KHTML, like Gecko) HeadlessChrome/83.0.4103.97 Safari/537.36"
54.191.181.180 - - [19/May/2021:22:51:22 -0300] "GET /assets/js/core/jquery.scrollLock.min.js HTTP/1.1" 200 635 "http://static.balneario-el-condor.com.ar/" "Mozilla/5.0 (X11; Linux x86_64) AppleWebKit/537.36 (KHTML, like Gecko) HeadlessChrome/83.0.4103.97 Safari/537.36"
54.191.181.180 - - [19/May/2021:22:51:22 -0300] "GET /assets/js/core/jquery.appear.min.js HTTP/1.1" 200 767 "http://static.balneario-el-condor.com.ar/" "Mozilla/5.0 (X11; Linux x86_64) AppleWebKit/537.36 (KHTML, like Gecko) HeadlessChrome/83.0.4103.97 Safari/537.36"
54.191.181.180 - - [19/May/2021:22:51:22 -0300] "GET /assets/js/core/jquery.countTo.min.js HTTP/1.1" 200 768 "http://static.balneario-el-condor.com.ar/" "Mozilla/5.0 (X11; Linux x86_64) AppleWebKit/537.36 (KHTML, like Gecko) HeadlessChrome/83.0.4103.97 Safari/537.36"
54.191.181.180 - - [19/May/2021:22:51:22 -0300] "GET /assets/js/core/jquery.placeholder.min.js HTTP/1.1" 200 1099 "http://static.balneario-el-condor.com.ar/" "Mozilla/5.0 (X11; Linux x86_64) AppleWebKit/537.36 (KHTML, like Gecko) HeadlessChrome/83.0.4103.97 Safari/537.36"
54.191.181.180 - - [19/May/2021:22:51:22 -0300] "GET /assets/js/core/js.cookie.min.js HTTP/1.1" 200 919 "http://static.balneario-el-condor.com.ar/" "Mozilla/5.0 (X11; Linux x86_64) AppleWebKit/537.36 (KHTML, like Gecko) HeadlessChrome/83.0.4103.97 Safari/537.36"
54.191.181.180 - - [19/May/2021:22:51:22 -0300] "GET /assets/js/app.js HTTP/1.1" 200 7657 "http://static.balneario-el-condor.com.ar/" "Mozilla/5.0 (X11; Linux x86_64) AppleWebKit/537.36 (KHTML, like Gecko) HeadlessChrome/83.0.4103.97 Safari/537.36"
54.191.181.180 - - [19/May/2021:22:51:22 -0300] "GET /assets/js/plugins/jquery-validation/jquery.validate.min.js HTTP/1.1" 200 6789 "http://static.balneario-el-condor.com.ar/" "Mozilla/5.0 (X11; Linux x86_64) AppleWebKit/537.36 (KHTML, like Gecko) HeadlessChrome/83.0.4103.97 Safari/537.36"
54.191.181.180 - - [19/May/2021:22:51:22 -0300] "GET /assets/js/pages/base_forms_validation.js HTTP/1.1" 200 1204 "http://static.balneario-el-condor.com.ar/" "Mozilla/5.0 (X11; Linux x86_64) AppleWebKit/537.36 (KHTML, like Gecko) HeadlessChrome/83.0.4103.97 Safari/537.36"
54.191.181.180 - - [19/May/2021:22:51:22 -0300] "GET /assets/fonts/fontawesome-webfont.woff2?v=4.3.0 HTTP/1.1" 200 56780 "http://static.balneario-el-condor.com.ar/assets/css/oneui.css" "Mozilla/5.0 (X11; Linux x86_64) AppleWebKit/537.36 (KHTML, like Gecko) HeadlessChrome/83.0.4103.97 Safari/537.36"
54.191.181.180 - - [19/May/2021:22:51:22 -0300] "GET /assets/fonts/Simple-Line-Icons.woff HTTP/1.1" 200 59324 "http://static.balneario-el-condor.com.ar/assets/css/oneui.css" "Mozilla/5.0 (X11; Linux x86_64) AppleWebKit/537.36 (KHTML, like Gecko) HeadlessChrome/83.0.4103.97 Safari/537.36"
157.55.39.45 - - [19/May/2021:23:06:50 -0300] "GET /css/images/repositorio/thumb_0d46d0_3bhs_8209.jpg HTTP/1.1" 200 363 "-" "Mozilla/5.0 (compatible; bingbot/2.0; +http://www.bing.com/bingbot.htm)"
114.119.153.7 - - [19/May/2021:23:35:32 -0300] "GET /css/images/repositorio/restaurantes/trentinos_noche_bares.jpg HTTP/1.1" 200 363 "-" "Mozilla/5.0 (Linux; Android 7.0;) AppleWebKit/537.36 (KHTML, like Gecko) Mobile Safari/537.36 (compatible; PetalBot;+https://webmaster.petalsearch.com/site/petalbot)"
207.46.13.49 - - [19/May/2021:23:44:57 -0300] "GET /css/images/repositorio/thumb_1897827_625536697511649_755017246_n.jpg HTTP/1.1" 200 4584 "-" "Mozilla/5.0 (compatible; bingbot/2.0; +http://www.bing.com/bingbot.htm)"
157.55.39.112 - - [20/May/2021:00:58:24 -0300] "GET /css/images/repositorio/thumb_1924868_624610890937563_1704377688_n.jpg HTTP/1.1" 200 5924 "-" "Mozilla/5.0 (compatible; bingbot/2.0; +http://www.bing.com/bingbot.htm)"
157.55.39.11 - - [20/May/2021:00:59:19 -0300] "GET /css/images/repositorio/thumb_10015076_624610524270933_1835252208_n.jpg HTTP/1.1" 200 5341 "-" "Mozilla/5.0 (compatible; bingbot/2.0; +http://www.bing.com/bingbot.htm)"
170.78.75.240 - - [20/May/2021:01:03:56 -0300] "GET //imagenes/agenda/3a0d39_3d4d6d_1149cf.jpg HTTP/1.1" 200 448642 "-" "Mozilla/5.0 (Windows NT 6.1) AppleWebKit/534.30 (KHTML, like Gecko) Chrome/12.0.742.122 Safari/534.30"
69.171.251.21 - - [20/May/2021:01:06:58 -0300] "GET /imagenes/novedad/6889ac_74a28f_039b57.jpg HTTP/1.1" 200 293653 "-" "facebookexternalhit/1.1 (+http://www.facebook.com/externalhit_uatext.php)"
170.78.75.240 - - [20/May/2021:01:31:11 -0300] "GET /imagenes/novedad/993178_8d71b4_b44555.jpg HTTP/1.1" 200 197985 "-" "Mozilla/5.0 (Windows NT 6.1) AppleWebKit/534.30 (KHTML, like Gecko) Chrome/12.0.742.122 Safari/534.30"
66.249.69.85 - - [20/May/2021:01:34:01 -0300] "GET /robots.txt HTTP/1.1" 200 31 "-" "Mozilla/5.0 (compatible; Googlebot/2.1; +http://www.google.com/bot.html)"
66.249.69.83 - - [20/May/2021:01:34:01 -0300] "GET /css/images/repositorio/photo_937336_promonte_3_08_2.jpg HTTP/1.1" 200 363 "-" "Googlebot-Image/1.0"
157.55.39.183 - - [20/May/2021:01:38:32 -0300] "GET /css/images/repositorio/thumb_1625743_624868277578491_435381902_n.jpg HTTP/1.1" 200 3744 "-" "Mozilla/5.0 (compatible; bingbot/2.0; +http://www.bing.com/bingbot.htm)"
157.55.39.139 - - [20/May/2021:02:28:50 -0300] "GET /css/images/repositorio/thumb_10001497_624610710937581_867272223_n.jpg HTTP/1.1" 200 5346 "-" "Mozilla/5.0 (compatible; bingbot/2.0; +http://www.bing.com/bingbot.htm)"
40.77.167.81 - - [20/May/2021:03:16:13 -0300] "GET /css/images/repositorio/photo_e5c8f4_3bhs_8391.jpg HTTP/1.1" 200 363 "-" "Mozilla/5.0 (compatible; bingbot/2.0; +http://www.bing.com/bingbot.htm)"
40.77.167.81 - - [20/May/2021:03:26:17 -0300] "GET /css/images/repositorio/big_one_100_8910.JPG HTTP/1.1" 200 99068 "-" "Mozilla/5.0 (compatible; bingbot/2.0; +http://www.bing.com/bingbot.htm)"
170.78.75.240 - - [20/May/2021:03:34:23 -0300] "GET /imagenes/novedad/5342b2_a12ab1_a60082.jpeg HTTP/1.1" 200 135161 "-" "Mozilla/5.0 (Windows NT 6.1) AppleWebKit/534.30 (KHTML, like Gecko) Chrome/12.0.742.122 Safari/534.30"
52.88.163.195 - - [20/May/2021:03:46:28 -0300] "GET /css/images/repositorio/hospedaje/Alojamiento.jpg HTTP/1.1" 200 2056 "https://www.balneario-el-condor.com.ar/" "Mozilla/5.0 (X11; Linux x86_64) AppleWebKit/537.36 (KHTML, like Gecko) HeadlessChrome/83.0.4103.97 Safari/537.36"
52.88.163.195 - - [20/May/2021:03:46:28 -0300] "GET /css/images/repositorio/hospedaje/camping.jpg HTTP/1.1" 200 2225 "https://www.balneario-el-condor.com.ar/" "Mozilla/5.0 (X11; Linux x86_64) AppleWebKit/537.36 (KHTML, like Gecko) HeadlessChrome/83.0.4103.97 Safari/537.36"
52.88.163.195 - - [20/May/2021:03:46:28 -0300] "GET /css/images/repositorio/restaurantes/restaurantes.jpg HTTP/1.1" 200 8578 "https://www.balneario-el-condor.com.ar/" "Mozilla/5.0 (X11; Linux x86_64) AppleWebKit/537.36 (KHTML, like Gecko) HeadlessChrome/83.0.4103.97 Safari/537.36"
52.88.163.195 - - [20/May/2021:03:46:28 -0300] "GET /css/images/repositorio/restaurantes/arenas-del-sur.jpg HTTP/1.1" 200 17512 "https://www.balneario-el-condor.com.ar/" "Mozilla/5.0 (X11; Linux x86_64) AppleWebKit/537.36 (KHTML, like Gecko) HeadlessChrome/83.0.4103.97 Safari/537.36"
52.88.163.195 - - [20/May/2021:03:46:28 -0300] "GET /css/images/repositorio/restaurantes/lupes-resto-mini.jpg HTTP/1.1" 200 69021 "https://www.balneario-el-condor.com.ar/" "Mozilla/5.0 (X11; Linux x86_64) AppleWebKit/537.36 (KHTML, like Gecko) HeadlessChrome/83.0.4103.97 Safari/537.36"
157.55.39.183 - - [20/May/2021:04:16:38 -0300] "GET /imagenes/novedad/8f20ef_a19e97_fd0e6a.jpg HTTP/1.1" 200 66637 "-" "Mozilla/5.0 (compatible; bingbot/2.0; +http://www.bing.com/bingbot.htm)"
157.55.39.139 - - [20/May/2021:04:55:15 -0300] "GET /css/images/repositorio/thumb_1507679_624611024270883_1303384111_n.jpg HTTP/1.1" 200 5011 "-" "Mozilla/5.0 (compatible; bingbot/2.0; +http://www.bing.com/bingbot.htm)"
157.55.39.169 - - [20/May/2021:05:08:51 -0300] "GET /robots.txt HTTP/1.1" 200 31 "-" "Mozilla/5.0 (compatible; bingbot/2.0; +http://www.bing.com/bingbot.htm)"
40.77.167.81 - - [20/May/2021:05:09:04 -0300] "GET /css/images/repositorio/thumb_10009832_624869654245020_1660637784_n.jpg HTTP/1.1" 200 3153 "-" "Mozilla/5.0 (compatible; bingbot/2.0; +http://www.bing.com/bingbot.htm)"
40.77.167.21 - - [20/May/2021:05:14:26 -0300] "GET /css/images/repositorio/thumb_1526708_625528530845799_869908175_n.jpg HTTP/1.1" 200 5049 "-" "Mozilla/5.0 (compatible; bingbot/2.0; +http://www.bing.com/bingbot.htm)"
157.55.39.112 - - [20/May/2021:05:27:00 -0300] "GET /css/images/repositorio/thumb_1970566_625528154179170_84053858_n.jpg HTTP/1.1" 200 5239 "-" "Mozilla/5.0 (compatible; bingbot/2.0; +http://www.bing.com/bingbot.htm)"
157.55.39.11 - - [20/May/2021:05:28:23 -0300] "GET /css/images/repositorio/thumb_523605_625533744178611_981108197_n.jpg HTTP/1.1" 200 5613 "-" "Mozilla/5.0 (compatible; bingbot/2.0; +http://www.bing.com/bingbot.htm)"
157.55.39.139 - - [20/May/2021:05:45:57 -0300] "GET /css/images/repositorio/big_one_100_8909.JPG HTTP/1.1" 200 111067 "-" "Mozilla/5.0 (compatible; bingbot/2.0; +http://www.bing.com/bingbot.htm)"
157.55.39.139 - - [20/May/2021:06:52:15 -0300] "GET /css/images/repositorio/big_one_1743505_10202788300484338_850650905_n.jpg HTTP/1.1" 200 30255 "-" "Mozilla/5.0 (compatible; bingbot/2.0; +http://www.bing.com/bingbot.htm)"
114.119.153.7 - - [20/May/2021:06:57:24 -0300] "GET /imagenes/novedad/dea57e_4edef3_9aa76a.jpg HTTP/1.1" 200 424 "-" "Mozilla/5.0 (Linux; Android 7.0;) AppleWebKit/537.36 (KHTML, like Gecko) Mobile Safari/537.36 (compatible; PetalBot;+https://webmaster.petalsearch.com/site/petalbot)"
157.55.39.112 - - [20/May/2021:06:58:49 -0300] "GET /css/images/repositorio/thumb_1925141_624611827604136_1909995612_n.jpg HTTP/1.1" 200 4248 "-" "Mozilla/5.0 (compatible; bingbot/2.0; +http://www.bing.com/bingbot.htm)"
66.249.69.83 - - [20/May/2021:07:34:23 -0300] "GET /css/images/repositorio/thumb_d9bbeb_DSC01354.JPG HTTP/1.1" 200 363 "-" "Googlebot-Image/1.0"
66.249.69.87 - - [20/May/2021:07:37:57 -0300] "GET /css/images/repositorio/photo_bd52a1_3bhs_9212.jpg HTTP/1.1" 200 363 "-" "Googlebot-Image/1.0"
170.78.75.240 - - [20/May/2021:09:05:01 -0300] "GET /css/images/repositorio/fiesta-mar-y-acampante-noche-1/WhatsApp%20Image%202020-01-24%20at%2000.53.14.jpeg HTTP/1.1" 200 375230 "-" "Mozilla/5.0 (Windows NT 6.1) AppleWebKit/534.30 (KHTML, like Gecko) Chrome/12.0.742.122 Safari/534.30"
