170.78.75.240 - - [24/May/2021:21:11:14 -0300] "GET /css/images/repositorio/thumb_1965029_624869787578340_1005857739_n.jpg HTTP/1.1" 200 4376 "-" "Mozilla/5.0 (Windows NT 6.1) AppleWebKit/534.30 (KHTML, like Gecko) Chrome/12.0.742.122 Safari/534.30"
170.78.75.240 - - [24/May/2021:21:11:14 -0300] "GET /css/images/repositorio/thumb_1960110_624869684245017_844735066_n.jpg HTTP/1.1" 200 4996 "-" "Mozilla/5.0 (Windows NT 6.1) AppleWebKit/534.30 (KHTML, like Gecko) Chrome/12.0.742.122 Safari/534.30"
170.78.75.240 - - [24/May/2021:21:13:14 -0300] "GET /css/images/repositorio/thumb_1979580_624611270937525_1508775775_n.jpg HTTP/1.1" 200 4957 "-" "Mozilla/5.0 (Windows NT 6.1) AppleWebKit/534.30 (KHTML, like Gecko) Chrome/12.0.742.122 Safari/534.30"
170.78.75.240 - - [24/May/2021:21:14:15 -0300] "GET /css/images/repositorio/thumb_1897827_625536697511649_755017246_n.jpg HTTP/1.1" 200 4584 "-" "Mozilla/5.0 (Windows NT 6.1) AppleWebKit/534.30 (KHTML, like Gecko) Chrome/12.0.742.122 Safari/534.30"
170.78.75.240 - - [24/May/2021:21:14:16 -0300] "GET /css/images/repositorio/thumb_10006921_624868194245166_788809782_n.jpg HTTP/1.1" 200 4719 "-" "Mozilla/5.0 (Windows NT 6.1) AppleWebKit/534.30 (KHTML, like Gecko) Chrome/12.0.742.122 Safari/534.30"
170.78.75.240 - - [24/May/2021:21:15:17 -0300] "GET /css/images/repositorio/thumb_1239525_624869344245051_377773346_n.jpg HTTP/1.1" 200 4127 "-" "Mozilla/5.0 (Windows NT 6.1) AppleWebKit/534.30 (KHTML, like Gecko) Chrome/12.0.742.122 Safari/534.30"
170.78.75.240 - - [24/May/2021:21:16:18 -0300] "GET /css/images/repositorio/thumb_10013539_624610840937568_1687892040_n.jpg HTTP/1.1" 200 4888 "-" "Mozilla/5.0 (Windows NT 6.1) AppleWebKit/534.30 (KHTML, like Gecko) Chrome/12.0.742.122 Safari/534.30"
170.78.75.240 - - [24/May/2021:21:17:19 -0300] "GET /css/images/repositorio/thumb_1794810_624869510911701_1104967248_n.jpg HTTP/1.1" 200 4290 "-" "Mozilla/5.0 (Windows NT 6.1) AppleWebKit/534.30 (KHTML, like Gecko) Chrome/12.0.742.122 Safari/534.30"
170.78.75.240 - - [24/May/2021:21:18:20 -0300] "GET /css/images/repositorio/thumb_1012287_625528517512467_1072815491_n.jpg HTTP/1.1" 200 5508 "-" "Mozilla/5.0 (Windows NT 6.1) AppleWebKit/534.30 (KHTML, like Gecko) Chrome/12.0.742.122 Safari/534.30"
170.78.75.240 - - [24/May/2021:21:19:22 -0300] "GET /css/images/repositorio/thumb_1621715_625529384179047_435541281_n.jpg HTTP/1.1" 200 4322 "-" "Mozilla/5.0 (Windows NT 6.1) AppleWebKit/534.30 (KHTML, like Gecko) Chrome/12.0.742.122 Safari/534.30"
170.78.75.240 - - [24/May/2021:21:20:23 -0300] "GET /css/images/repositorio/thumb_1901513_624868330911819_1613374635_n.jpg HTTP/1.1" 200 4240 "-" "Mozilla/5.0 (Windows NT 6.1) AppleWebKit/534.30 (KHTML, like Gecko) Chrome/12.0.742.122 Safari/534.30"
170.78.75.240 - - [24/May/2021:21:21:24 -0300] "GET /css/images/repositorio/thumb_1660281_624868897578429_876615289_n.jpg HTTP/1.1" 200 4826 "-" "Mozilla/5.0 (Windows NT 6.1) AppleWebKit/534.30 (KHTML, like Gecko) Chrome/12.0.742.122 Safari/534.30"
170.78.75.240 - - [24/May/2021:21:22:25 -0300] "GET /css/images/repositorio/thumb_1231575_625528244179161_1666681731_n.jpg HTTP/1.1" 200 5371 "-" "Mozilla/5.0 (Windows NT 6.1) AppleWebKit/534.30 (KHTML, like Gecko) Chrome/12.0.742.122 Safari/534.30"
170.78.75.240 - - [24/May/2021:21:23:26 -0300] "GET /css/images/repositorio/thumb_1962770_624611107604208_1530287532_n.jpg HTTP/1.1" 200 5032 "-" "Mozilla/5.0 (Windows NT 6.1) AppleWebKit/534.30 (KHTML, like Gecko) Chrome/12.0.742.122 Safari/534.30"
170.78.75.240 - - [24/May/2021:21:24:26 -0300] "GET /css/images/repositorio/thumb_1503919_625528797512439_589569279_n.jpg HTTP/1.1" 200 4883 "-" "Mozilla/5.0 (Windows NT 6.1) AppleWebKit/534.30 (KHTML, like Gecko) Chrome/12.0.742.122 Safari/534.30"
170.78.75.240 - - [24/May/2021:21:25:27 -0300] "GET /css/images/repositorio/thumb_1455966_624868207578498_525655433_n.jpg HTTP/1.1" 200 4720 "-" "Mozilla/5.0 (Windows NT 6.1) AppleWebKit/534.30 (KHTML, like Gecko) Chrome/12.0.742.122 Safari/534.30"
170.78.75.240 - - [24/May/2021:21:25:28 -0300] "GET /css/images/repositorio/thumb_1238719_624868774245108_523339513_n.jpg HTTP/1.1" 200 4791 "-" "Mozilla/5.0 (Windows NT 6.1) AppleWebKit/534.30 (KHTML, like Gecko) Chrome/12.0.742.122 Safari/534.30"
170.78.75.240 - - [24/May/2021:21:27:29 -0300] "GET /css/images/repositorio/thumb_1896933_624868380911814_1338570284_n.jpg HTTP/1.1" 200 5166 "-" "Mozilla/5.0 (Windows NT 6.1) AppleWebKit/534.30 (KHTML, like Gecko) Chrome/12.0.742.122 Safari/534.30"
216.244.66.199 - - [24/May/2021:21:28:08 -0300] "GET /robots.txt HTTP/1.1" 200 31 "-" "Mozilla/5.0 (compatible; DotBot/1.2; +https://opensiteexplorer.org/dotbot; help@moz.com)"
170.78.75.240 - - [24/May/2021:21:28:31 -0300] "GET /css/images/repositorio/thumb_1803_625528694179116_1930807983_n.jpg HTTP/1.1" 200 5733 "-" "Mozilla/5.0 (Windows NT 6.1) AppleWebKit/534.30 (KHTML, like Gecko) Chrome/12.0.742.122 Safari/534.30"
170.78.75.240 - - [24/May/2021:21:29:31 -0300] "GET /css/images/repositorio/thumb_1173866_624610914270894_810050807_n.jpg HTTP/1.1" 200 6076 "-" "Mozilla/5.0 (Windows NT 6.1) AppleWebKit/534.30 (KHTML, like Gecko) Chrome/12.0.742.122 Safari/534.30"
170.78.75.240 - - [24/May/2021:21:29:32 -0300] "GET /css/images/repositorio/thumb_1234838_624868120911840_1146595074_n.jpg HTTP/1.1" 200 5501 "-" "Mozilla/5.0 (Windows NT 6.1) AppleWebKit/534.30 (KHTML, like Gecko) Chrome/12.0.742.122 Safari/534.30"
170.78.75.240 - - [24/May/2021:21:30:33 -0300] "GET /css/images/repositorio/thumb_1924868_624610890937563_1704377688_n.jpg HTTP/1.1" 200 5924 "-" "Mozilla/5.0 (Windows NT 6.1) AppleWebKit/534.30 (KHTML, like Gecko) Chrome/12.0.742.122 Safari/534.30"
170.78.75.240 - - [24/May/2021:21:31:34 -0300] "GET /css/images/repositorio/thumb_1902806_624868234245162_774413552_n.jpg HTTP/1.1" 200 4960 "-" "Mozilla/5.0 (Windows NT 6.1) AppleWebKit/534.30 (KHTML, like Gecko) Chrome/12.0.742.122 Safari/534.30"
170.78.75.240 - - [24/May/2021:21:32:35 -0300] "GET /css/images/repositorio/thumb_1902928_625528264179159_531138452_n.jpg HTTP/1.1" 200 5386 "-" "Mozilla/5.0 (Windows NT 6.1) AppleWebKit/534.30 (KHTML, like Gecko) Chrome/12.0.742.122 Safari/534.30"
170.78.75.240 - - [24/May/2021:21:33:36 -0300] "GET /css/images/repositorio/thumb_1484734_624611634270822_2037143371_n.jpg HTTP/1.1" 200 5173 "-" "Mozilla/5.0 (Windows NT 6.1) AppleWebKit/534.30 (KHTML, like Gecko) Chrome/12.0.742.122 Safari/534.30"
170.78.75.240 - - [24/May/2021:21:34:36 -0300] "GET /css/images/repositorio/thumb_1904153_624868850911767_672191531_n.jpg HTTP/1.1" 200 5192 "-" "Mozilla/5.0 (Windows NT 6.1) AppleWebKit/534.30 (KHTML, like Gecko) Chrome/12.0.742.122 Safari/534.30"
170.78.75.240 - - [24/May/2021:21:35:37 -0300] "GET /css/images/repositorio/thumb_1187131_624611104270875_1588127290_n.jpg HTTP/1.1" 200 4881 "-" "Mozilla/5.0 (Windows NT 6.1) AppleWebKit/534.30 (KHTML, like Gecko) Chrome/12.0.742.122 Safari/534.30"
170.78.75.240 - - [24/May/2021:21:35:38 -0300] "GET /css/images/repositorio/thumb_1911920_624868600911792_1388159832_n.jpg HTTP/1.1" 200 4956 "-" "Mozilla/5.0 (Windows NT 6.1) AppleWebKit/534.30 (KHTML, like Gecko) Chrome/12.0.742.122 Safari/534.30"
170.78.75.240 - - [24/May/2021:21:36:39 -0300] "GET /css/images/repositorio/thumb_1526709_625536370845015_412764212_n.jpg HTTP/1.1" 200 5766 "-" "Mozilla/5.0 (Windows NT 6.1) AppleWebKit/534.30 (KHTML, like Gecko) Chrome/12.0.742.122 Safari/534.30"
170.78.75.240 - - [24/May/2021:21:37:40 -0300] "GET /css/images/repositorio/thumb_1940004_624612607604058_1758620727_n.jpg HTTP/1.1" 200 5183 "-" "Mozilla/5.0 (Windows NT 6.1) AppleWebKit/534.30 (KHTML, like Gecko) Chrome/12.0.742.122 Safari/534.30"
170.78.75.240 - - [24/May/2021:21:37:40 -0300] "GET /css/images/repositorio/thumb_1926641_624870284244957_1053956914_n.jpg HTTP/1.1" 200 5157 "-" "Mozilla/5.0 (Windows NT 6.1) AppleWebKit/534.30 (KHTML, like Gecko) Chrome/12.0.742.122 Safari/534.30"
170.78.75.240 - - [24/May/2021:21:38:41 -0300] "GET /css/images/repositorio/thumb_1970566_625528154179170_84053858_n.jpg HTTP/1.1" 200 5239 "-" "Mozilla/5.0 (Windows NT 6.1) AppleWebKit/534.30 (KHTML, like Gecko) Chrome/12.0.742.122 Safari/534.30"
170.78.75.240 - - [24/May/2021:21:38:41 -0300] "GET /css/images/repositorio/thumb_1505467_625528934179092_1999129044_n.jpg HTTP/1.1" 200 5672 "-" "Mozilla/5.0 (Windows NT 6.1) AppleWebKit/534.30 (KHTML, like Gecko) Chrome/12.0.742.122 Safari/534.30"
216.244.66.199 - - [24/May/2021:21:39:10 -0300] "GET /css/images/repositorio/photo_3aaf64_delfina_lang.jpg HTTP/1.1" 200 753 "-" "Mozilla/5.0 (compatible; DotBot/1.2; +https://opensiteexplorer.org/dotbot; help@moz.com)"
216.244.66.199 - - [24/May/2021:21:39:41 -0300] "GET /css/images/repositorio/photo_9879f0_3bhs_0084.jpg HTTP/1.1" 200 753 "-" "Mozilla/5.0 (compatible; DotBot/1.2; +https://opensiteexplorer.org/dotbot; help@moz.com)"
170.78.75.240 - - [24/May/2021:21:39:42 -0300] "GET /css/images/repositorio/thumb_553935_624611144270871_1025739473_n.jpg HTTP/1.1" 200 5559 "-" "Mozilla/5.0 (Windows NT 6.1) AppleWebKit/534.30 (KHTML, like Gecko) Chrome/12.0.742.122 Safari/534.30"
170.78.75.240 - - [24/May/2021:21:39:42 -0300] "GET /css/images/repositorio/thumb_1600982_624868270911825_839584161_n.jpg HTTP/1.1" 200 3716 "-" "Mozilla/5.0 (Windows NT 6.1) AppleWebKit/534.30 (KHTML, like Gecko) Chrome/12.0.742.122 Safari/534.30"
170.78.75.240 - - [24/May/2021:21:40:43 -0300] "GET /css/images/repositorio/thumb_1457599_625536514178334_1889306097_n.jpg HTTP/1.1" 200 4926 "-" "Mozilla/5.0 (Windows NT 6.1) AppleWebKit/534.30 (KHTML, like Gecko) Chrome/12.0.742.122 Safari/534.30"
170.78.75.240 - - [24/May/2021:21:41:17 -0300] "GET /imagenes/novedad/ae4d52_bfd120_18d939.jpg HTTP/1.1" 200 15876 "-" "Mozilla/5.0 (Windows NT 6.1) AppleWebKit/534.30 (KHTML, like Gecko) Chrome/12.0.742.122 Safari/534.30"
170.78.75.240 - - [24/May/2021:21:41:17 -0300] "GET /imagenes/novedad/582d8d_599246_a684ce.jpg HTTP/1.1" 200 155845 "-" "Mozilla/5.0 (Windows NT 6.1) AppleWebKit/534.30 (KHTML, like Gecko) Chrome/12.0.742.122 Safari/534.30"
170.78.75.240 - - [24/May/2021:21:41:17 -0300] "GET /imagenes/novedad/e0c5e6_d1a8ee_f142a7.jpg HTTP/1.1" 200 151810 "-" "Mozilla/5.0 (Windows NT 6.1) AppleWebKit/534.30 (KHTML, like Gecko) Chrome/12.0.742.122 Safari/534.30"
170.78.75.240 - - [24/May/2021:21:41:17 -0300] "GET /imagenes/novedad/2d68e0_bf2b80_022090.jpg HTTP/1.1" 200 141661 "-" "Mozilla/5.0 (Windows NT 6.1) AppleWebKit/534.30 (KHTML, like Gecko) Chrome/12.0.742.122 Safari/534.30"
190.92.109.117 - - [24/May/2021:21:41:17 -0300] "GET /css/images/repositorio/photo_c73324_redimensionar_desarro.jpg HTTP/1.1" 200 115872 "https://www.balneario-el-condor.com.ar/" "Mozilla/5.0 (Windows NT 10.0; Win64; x64) AppleWebKit/537.36 (KHTML, like Gecko) Chrome/90.0.4430.212 Safari/537.36 Edg/90.0.818.66"
170.78.75.240 - - [24/May/2021:21:41:44 -0300] "GET /css/images/repositorio/thumb_1975084_624868520911800_595027577_n.jpg HTTP/1.1" 200 3834 "-" "Mozilla/5.0 (Windows NT 6.1) AppleWebKit/534.30 (KHTML, like Gecko) Chrome/12.0.742.122 Safari/534.30"
170.78.75.240 - - [24/May/2021:21:41:44 -0300] "GET /css/images/repositorio/thumb_1382914_625528170845835_1533771092_n.jpg HTTP/1.1" 200 4882 "-" "Mozilla/5.0 (Windows NT 6.1) AppleWebKit/534.30 (KHTML, like Gecko) Chrome/12.0.742.122 Safari/534.30"
170.78.75.240 - - [24/May/2021:21:41:44 -0300] "GET /css/images/repositorio/thumb_1174702_624611514270834_1417145882_n.jpg HTTP/1.1" 200 5052 "-" "Mozilla/5.0 (Windows NT 6.1) AppleWebKit/534.30 (KHTML, like Gecko) Chrome/12.0.742.122 Safari/534.30"
170.78.75.240 - - [24/May/2021:21:42:45 -0300] "GET /css/images/repositorio/thumb_935195_624868074245178_277147934_n.jpg HTTP/1.1" 200 4468 "-" "Mozilla/5.0 (Windows NT 6.1) AppleWebKit/534.30 (KHTML, like Gecko) Chrome/12.0.742.122 Safari/534.30"
170.78.75.240 - - [24/May/2021:21:43:46 -0300] "GET /css/images/repositorio/thumb_1901773_624869277578391_749528512_n.jpg HTTP/1.1" 200 4829 "-" "Mozilla/5.0 (Windows NT 6.1) AppleWebKit/534.30 (KHTML, like Gecko) Chrome/12.0.742.122 Safari/534.30"
170.78.75.240 - - [24/May/2021:21:44:47 -0300] "GET /css/images/repositorio/thumb_1925328_624611400937512_1638937487_n.jpg HTTP/1.1" 200 6925 "-" "Mozilla/5.0 (Windows NT 6.1) AppleWebKit/534.30 (KHTML, like Gecko) Chrome/12.0.742.122 Safari/534.30"
170.78.75.240 - - [24/May/2021:21:45:48 -0300] "GET /css/images/repositorio/thumb_1932243_625528187512500_455722005_n.jpg HTTP/1.1" 200 5499 "-" "Mozilla/5.0 (Windows NT 6.1) AppleWebKit/534.30 (KHTML, like Gecko) Chrome/12.0.742.122 Safari/534.30"
170.78.75.240 - - [24/May/2021:21:45:48 -0300] "GET /css/images/repositorio/thumb_559013_624869124245073_575582214_n.jpg HTTP/1.1" 200 5261 "-" "Mozilla/5.0 (Windows NT 6.1) AppleWebKit/534.30 (KHTML, like Gecko) Chrome/12.0.742.122 Safari/534.30"
170.78.75.240 - - [24/May/2021:21:46:49 -0300] "GET /css/images/repositorio/thumb_1184932_624869424245043_1505573892_n.jpg HTTP/1.1" 200 4961 "-" "Mozilla/5.0 (Windows NT 6.1) AppleWebKit/534.30 (KHTML, like Gecko) Chrome/12.0.742.122 Safari/534.30"
170.78.75.240 - - [24/May/2021:21:46:49 -0300] "GET /css/images/repositorio/thumb_1504089_624869987578320_608724700_n.jpg HTTP/1.1" 200 6166 "-" "Mozilla/5.0 (Windows NT 6.1) AppleWebKit/534.30 (KHTML, like Gecko) Chrome/12.0.742.122 Safari/534.30"
170.78.75.240 - - [24/May/2021:21:47:50 -0300] "GET /css/images/repositorio/thumb_1972509_624868300911822_1553146278_n.jpg HTTP/1.1" 200 3810 "-" "Mozilla/5.0 (Windows NT 6.1) AppleWebKit/534.30 (KHTML, like Gecko) Chrome/12.0.742.122 Safari/534.30"
170.78.75.240 - - [24/May/2021:21:47:50 -0300] "GET /css/images/repositorio/thumb_10009729_624868664245119_1790635493_n.jpg HTTP/1.1" 200 5644 "-" "Mozilla/5.0 (Windows NT 6.1) AppleWebKit/534.30 (KHTML, like Gecko) Chrome/12.0.742.122 Safari/534.30"
170.78.75.240 - - [24/May/2021:21:47:50 -0300] "GET /css/images/repositorio/thumb_1538680_624611390937513_1819050391_n.jpg HTTP/1.1" 200 5725 "-" "Mozilla/5.0 (Windows NT 6.1) AppleWebKit/534.30 (KHTML, like Gecko) Chrome/12.0.742.122 Safari/534.30"
170.78.75.240 - - [24/May/2021:21:48:51 -0300] "GET /css/images/repositorio/thumb_10004053_625528214179164_1199698967_n.jpg HTTP/1.1" 200 5526 "-" "Mozilla/5.0 (Windows NT 6.1) AppleWebKit/534.30 (KHTML, like Gecko) Chrome/12.0.742.122 Safari/534.30"
170.78.75.240 - - [24/May/2021:21:48:51 -0300] "GET /css/images/repositorio/thumb_1979717_624612154270770_1268614390_n.jpg HTTP/1.1" 200 4530 "-" "Mozilla/5.0 (Windows NT 6.1) AppleWebKit/534.30 (KHTML, like Gecko) Chrome/12.0.742.122 Safari/534.30"
170.78.75.240 - - [24/May/2021:21:49:52 -0300] "GET /css/images/repositorio/thumb_1904164_625528370845815_375316075_n.jpg HTTP/1.1" 200 4044 "-" "Mozilla/5.0 (Windows NT 6.1) AppleWebKit/534.30 (KHTML, like Gecko) Chrome/12.0.742.122 Safari/534.30"
170.78.75.240 - - [24/May/2021:21:49:52 -0300] "GET /css/images/repositorio/thumb_1488974_624612497604069_1668774233_n.jpg HTTP/1.1" 200 3879 "-" "Mozilla/5.0 (Windows NT 6.1) AppleWebKit/534.30 (KHTML, like Gecko) Chrome/12.0.742.122 Safari/534.30"
170.78.75.240 - - [24/May/2021:21:50:54 -0300] "GET /css/images/repositorio/thumb_1148960_625528287512490_573124979_n.jpg HTTP/1.1" 200 5971 "-" "Mozilla/5.0 (Windows NT 6.1) AppleWebKit/534.30 (KHTML, like Gecko) Chrome/12.0.742.122 Safari/534.30"
170.78.75.240 - - [24/May/2021:21:50:54 -0300] "GET /css/images/repositorio/thumb_1981743_293304537487004_1067196590_n.jpg HTTP/1.1" 200 6718 "-" "Mozilla/5.0 (Windows NT 6.1) AppleWebKit/534.30 (KHTML, like Gecko) Chrome/12.0.742.122 Safari/534.30"
170.78.75.240 - - [24/May/2021:21:51:55 -0300] "GET /css/images/repositorio/thumb_10007423_720321888007691_1196775430_n.jpg HTTP/1.1" 200 4264 "-" "Mozilla/5.0 (Windows NT 6.1) AppleWebKit/534.30 (KHTML, like Gecko) Chrome/12.0.742.122 Safari/534.30"
170.78.75.240 - - [24/May/2021:21:51:55 -0300] "GET /css/images/repositorio/thumb_1972392_716275535078993_1143617252_n.jpg HTTP/1.1" 200 5350 "-" "Mozilla/5.0 (Windows NT 6.1) AppleWebKit/534.30 (KHTML, like Gecko) Chrome/12.0.742.122 Safari/534.30"
170.78.75.240 - - [24/May/2021:21:51:55 -0300] "GET /css/images/repositorio/thumb_1911739_10202771277618777_981115367_n.jpg HTTP/1.1" 200 5384 "-" "Mozilla/5.0 (Windows NT 6.1) AppleWebKit/534.30 (KHTML, like Gecko) Chrome/12.0.742.122 Safari/534.30"
170.78.75.240 - - [24/May/2021:21:52:56 -0300] "GET /css/images/repositorio/thumb_1911800_716274931745720_1338225478_n.jpg HTTP/1.1" 200 5033 "-" "Mozilla/5.0 (Windows NT 6.1) AppleWebKit/534.30 (KHTML, like Gecko) Chrome/12.0.742.122 Safari/534.30"
170.78.75.240 - - [24/May/2021:21:52:56 -0300] "GET /css/images/repositorio/thumb_1743505_10202788300484338_850650905_n.jpg HTTP/1.1" 200 6532 "-" "Mozilla/5.0 (Windows NT 6.1) AppleWebKit/534.30 (KHTML, like Gecko) Chrome/12.0.742.122 Safari/534.30"
170.78.75.240 - - [24/May/2021:21:52:56 -0300] "GET /css/images/repositorio/thumb_1780917_710639532309260_732352581_n.jpg HTTP/1.1" 200 3212 "-" "Mozilla/5.0 (Windows NT 6.1) AppleWebKit/534.30 (KHTML, like Gecko) Chrome/12.0.742.122 Safari/534.30"
170.78.75.240 - - [24/May/2021:21:53:57 -0300] "GET /css/images/repositorio/thumb_1618477_716275301745683_356132233_n.jpg HTTP/1.1" 200 4861 "-" "Mozilla/5.0 (Windows NT 6.1) AppleWebKit/534.30 (KHTML, like Gecko) Chrome/12.0.742.122 Safari/534.30"
170.78.75.240 - - [24/May/2021:21:54:58 -0300] "GET /css/images/repositorio/thumb_1899970_10202783590406589_1075920853_n.jpg HTTP/1.1" 200 7105 "-" "Mozilla/5.0 (Windows NT 6.1) AppleWebKit/534.30 (KHTML, like Gecko) Chrome/12.0.742.122 Safari/534.30"
170.78.75.240 - - [24/May/2021:21:54:58 -0300] "GET /css/images/repositorio/thumb_1743553_10202793438372782_774267482_n.jpg HTTP/1.1" 200 5847 "-" "Mozilla/5.0 (Windows NT 6.1) AppleWebKit/534.30 (KHTML, like Gecko) Chrome/12.0.742.122 Safari/534.30"
170.78.75.240 - - [24/May/2021:21:54:58 -0300] "GET /css/images/repositorio/thumb_1939399_293303680820423_1250977146_n.jpg HTTP/1.1" 200 7227 "-" "Mozilla/5.0 (Windows NT 6.1) AppleWebKit/534.30 (KHTML, like Gecko) Chrome/12.0.742.122 Safari/534.30"
170.78.75.240 - - [24/May/2021:21:55:59 -0300] "GET /css/images/repositorio/thumb_17.png HTTP/1.1" 200 31015 "-" "Mozilla/5.0 (Windows NT 6.1) AppleWebKit/534.30 (KHTML, like Gecko) Chrome/12.0.742.122 Safari/534.30"
170.78.75.240 - - [24/May/2021:21:57:00 -0300] "GET /css/images/repositorio/thumb_10.png HTTP/1.1" 200 53302 "-" "Mozilla/5.0 (Windows NT 6.1) AppleWebKit/534.30 (KHTML, like Gecko) Chrome/12.0.742.122 Safari/534.30"
170.78.75.240 - - [24/May/2021:21:59:04 -0300] "GET /css/images/repositorio/thumb_8.png HTTP/1.1" 200 28488 "-" "Mozilla/5.0 (Windows NT 6.1) AppleWebKit/534.30 (KHTML, like Gecko) Chrome/12.0.742.122 Safari/534.30"
170.78.75.240 - - [24/May/2021:22:00:06 -0300] "GET /css/images/repositorio/thumb_5.png HTTP/1.1" 200 36353 "-" "Mozilla/5.0 (Windows NT 6.1) AppleWebKit/534.30 (KHTML, like Gecko) Chrome/12.0.742.122 Safari/534.30"
170.78.75.240 - - [24/May/2021:22:01:07 -0300] "GET /css/images/repositorio/thumb_4.png HTTP/1.1" 200 54596 "-" "Mozilla/5.0 (Windows NT 6.1) AppleWebKit/534.30 (KHTML, like Gecko) Chrome/12.0.742.122 Safari/534.30"
170.78.75.240 - - [24/May/2021:22:02:08 -0300] "GET /css/images/repositorio/thumb_16.png HTTP/1.1" 200 39758 "-" "Mozilla/5.0 (Windows NT 6.1) AppleWebKit/534.30 (KHTML, like Gecko) Chrome/12.0.742.122 Safari/534.30"
170.78.75.240 - - [24/May/2021:22:03:09 -0300] "GET /css/images/repositorio/thumb_9.png HTTP/1.1" 200 52738 "-" "Mozilla/5.0 (Windows NT 6.1) AppleWebKit/534.30 (KHTML, like Gecko) Chrome/12.0.742.122 Safari/534.30"
170.78.75.240 - - [24/May/2021:22:04:10 -0300] "GET /css/images/repositorio/thumb_2.png HTTP/1.1" 200 39774 "-" "Mozilla/5.0 (Windows NT 6.1) AppleWebKit/534.30 (KHTML, like Gecko) Chrome/12.0.742.122 Safari/534.30"
170.78.75.240 - - [24/May/2021:22:05:37 -0300] "GET /css/images/repositorio/thumb_7.png HTTP/1.1" 200 36734 "-" "Mozilla/5.0 (Windows NT 6.1) AppleWebKit/534.30 (KHTML, like Gecko) Chrome/12.0.742.122 Safari/534.30"
170.78.75.240 - - [24/May/2021:22:06:15 -0300] "GET /css/images/repositorio/thumb_14.png HTTP/1.1" 200 43327 "-" "Mozilla/5.0 (Windows NT 6.1) AppleWebKit/534.30 (KHTML, like Gecko) Chrome/12.0.742.122 Safari/534.30"
170.78.75.240 - - [24/May/2021:22:07:16 -0300] "GET /css/images/repositorio/thumb_18.png HTTP/1.1" 200 43090 "-" "Mozilla/5.0 (Windows NT 6.1) AppleWebKit/534.30 (KHTML, like Gecko) Chrome/12.0.742.122 Safari/534.30"
170.78.75.240 - - [24/May/2021:22:08:17 -0300] "GET /css/images/repositorio/thumb_21.png HTTP/1.1" 200 35304 "-" "Mozilla/5.0 (Windows NT 6.1) AppleWebKit/534.30 (KHTML, like Gecko) Chrome/12.0.742.122 Safari/534.30"
170.78.75.240 - - [24/May/2021:22:09:18 -0300] "GET /css/images/repositorio/thumb_13.png HTTP/1.1" 200 28147 "-" "Mozilla/5.0 (Windows NT 6.1) AppleWebKit/534.30 (KHTML, like Gecko) Chrome/12.0.742.122 Safari/534.30"
170.78.75.240 - - [24/May/2021:22:10:19 -0300] "GET /css/images/repositorio/thumb_6.png HTTP/1.1" 200 35157 "-" "Mozilla/5.0 (Windows NT 6.1) AppleWebKit/534.30 (KHTML, like Gecko) Chrome/12.0.742.122 Safari/534.30"
170.78.75.240 - - [24/May/2021:22:10:20 -0300] "GET /css/images/repositorio/thumb_20.png HTTP/1.1" 200 46555 "-" "Mozilla/5.0 (Windows NT 6.1) AppleWebKit/534.30 (KHTML, like Gecko) Chrome/12.0.742.122 Safari/534.30"
170.78.75.240 - - [24/May/2021:22:11:21 -0300] "GET /css/images/repositorio/thumb_15.png HTTP/1.1" 200 41412 "-" "Mozilla/5.0 (Windows NT 6.1) AppleWebKit/534.30 (KHTML, like Gecko) Chrome/12.0.742.122 Safari/534.30"
216.244.66.199 - - [24/May/2021:22:13:03 -0300] "GET /robots.txt HTTP/1.1" 200 31 "-" "Mozilla/5.0 (compatible; DotBot/1.2; +https://opensiteexplorer.org/dotbot; help@moz.com)"
170.78.75.240 - - [24/May/2021:22:13:16 -0300] "GET /css/images/repositorio/thumb_3.png HTTP/1.1" 200 40915 "-" "Mozilla/5.0 (Windows NT 6.1) AppleWebKit/534.30 (KHTML, like Gecko) Chrome/12.0.742.122 Safari/534.30"
170.78.75.240 - - [24/May/2021:22:14:19 -0300] "GET /css/images/repositorio/thumb_12.png HTTP/1.1" 200 16523 "-" "Mozilla/5.0 (Windows NT 6.1) AppleWebKit/534.30 (KHTML, like Gecko) Chrome/12.0.742.122 Safari/534.30"
170.78.75.240 - - [24/May/2021:22:15:20 -0300] "GET /css/images/repositorio/thumb_11.png HTTP/1.1" 200 36420 "-" "Mozilla/5.0 (Windows NT 6.1) AppleWebKit/534.30 (KHTML, like Gecko) Chrome/12.0.742.122 Safari/534.30"
170.78.75.240 - - [24/May/2021:22:21:13 -0300] "GET /imagenes/novedad/993178_8d71b4_b44555.jpg HTTP/1.1" 200 197985 "-" "Mozilla/5.0 (Windows NT 6.1) AppleWebKit/534.30 (KHTML, like Gecko) Chrome/12.0.742.122 Safari/534.30"
170.78.75.240 - - [24/May/2021:22:21:26 -0300] "GET /css/images/repositorio/thumb_1186908_567324020030334_1491661789_n.jpg HTTP/1.1" 200 3052 "-" "Mozilla/5.0 (Windows NT 6.1) AppleWebKit/534.30 (KHTML, like Gecko) Chrome/12.0.742.122 Safari/534.30"
170.78.75.240 - - [24/May/2021:22:22:26 -0300] "GET /css/images/repositorio/thumb_10009297_567323930030343_622442494_n.jpg HTTP/1.1" 200 3448 "-" "Mozilla/5.0 (Windows NT 6.1) AppleWebKit/534.30 (KHTML, like Gecko) Chrome/12.0.742.122 Safari/534.30"
170.78.75.240 - - [24/May/2021:22:23:27 -0300] "GET /css/images/repositorio/thumb_1505324_567324760030260_113125196_n.jpg HTTP/1.1" 200 2994 "-" "Mozilla/5.0 (Windows NT 6.1) AppleWebKit/534.30 (KHTML, like Gecko) Chrome/12.0.742.122 Safari/534.30"
216.244.66.199 - - [24/May/2021:22:23:49 -0300] "GET /css/images/repositorio/photo_7ad0e9_3bhs_9255.jpg HTTP/1.1" 200 753 "-" "Mozilla/5.0 (compatible; DotBot/1.2; +https://opensiteexplorer.org/dotbot; help@moz.com)"
170.78.75.240 - - [24/May/2021:22:24:28 -0300] "GET /css/images/repositorio/thumb_1901458_567325253363544_1549801556_n.jpg HTTP/1.1" 200 2525 "-" "Mozilla/5.0 (Windows NT 6.1) AppleWebKit/534.30 (KHTML, like Gecko) Chrome/12.0.742.122 Safari/534.30"
170.78.75.240 - - [24/May/2021:22:24:28 -0300] "GET /css/images/repositorio/thumb_1958458_567324956696907_1635356440_n.jpg HTTP/1.1" 200 2446 "-" "Mozilla/5.0 (Windows NT 6.1) AppleWebKit/534.30 (KHTML, like Gecko) Chrome/12.0.742.122 Safari/534.30"
170.78.75.240 - - [24/May/2021:22:25:29 -0300] "GET /css/images/repositorio/thumb_1979732_567323630030373_325466561_n.jpg HTTP/1.1" 200 3202 "-" "Mozilla/5.0 (Windows NT 6.1) AppleWebKit/534.30 (KHTML, like Gecko) Chrome/12.0.742.122 Safari/534.30"
170.78.75.240 - - [24/May/2021:22:26:30 -0300] "GET /css/images/repositorio/thumb_1621893_567323783363691_1175695213_n.jpg HTTP/1.1" 200 2909 "-" "Mozilla/5.0 (Windows NT 6.1) AppleWebKit/534.30 (KHTML, like Gecko) Chrome/12.0.742.122 Safari/534.30"
170.78.75.240 - - [24/May/2021:22:27:31 -0300] "GET /css/images/repositorio/thumb_1947921_567325496696853_1434229013_n.jpg HTTP/1.1" 200 3275 "-" "Mozilla/5.0 (Windows NT 6.1) AppleWebKit/534.30 (KHTML, like Gecko) Chrome/12.0.742.122 Safari/534.30"
173.252.111.3 - - [24/May/2021:22:27:57 -0300] "GET /imagenes/novedad/910529_b95d7b_05b681.jpg HTTP/1.1" 200 25463 "-" "facebookexternalhit/1.1 (+http://www.facebook.com/externalhit_uatext.php)"
170.78.75.240 - - [24/May/2021:22:28:31 -0300] "GET /css/images/repositorio/thumb_1511076_567323723363697_2086362567_n.jpg HTTP/1.1" 200 2853 "-" "Mozilla/5.0 (Windows NT 6.1) AppleWebKit/534.30 (KHTML, like Gecko) Chrome/12.0.742.122 Safari/534.30"
170.78.75.240 - - [24/May/2021:22:28:46 -0300] "GET /imagenes/novedad/3d8c5a_4186f7_008bb8.jpg HTTP/1.1" 200 103597 "-" "Mozilla/5.0 (Windows NT 6.1) AppleWebKit/534.30 (KHTML, like Gecko) Chrome/12.0.742.122 Safari/534.30"
170.78.75.240 - - [24/May/2021:22:29:32 -0300] "GET /css/images/repositorio/thumb_558739_567325450030191_1335905818_n.jpg HTTP/1.1" 200 2877 "-" "Mozilla/5.0 (Windows NT 6.1) AppleWebKit/534.30 (KHTML, like Gecko) Chrome/12.0.742.122 Safari/534.30"
170.78.75.240 - - [24/May/2021:22:30:33 -0300] "GET /css/images/repositorio/thumb_10015005_567324523363617_1153548441_n.jpg HTTP/1.1" 200 3070 "-" "Mozilla/5.0 (Windows NT 6.1) AppleWebKit/534.30 (KHTML, like Gecko) Chrome/12.0.742.122 Safari/534.30"
170.78.75.240 - - [24/May/2021:22:31:34 -0300] "GET /css/images/repositorio/thumb_1781962_567325183363551_200999689_n.jpg HTTP/1.1" 200 3466 "-" "Mozilla/5.0 (Windows NT 6.1) AppleWebKit/534.30 (KHTML, like Gecko) Chrome/12.0.742.122 Safari/534.30"
170.78.75.240 - - [24/May/2021:22:31:34 -0300] "GET /css/images/repositorio/thumb_1899948_567325346696868_228095918_n.jpg HTTP/1.1" 200 2760 "-" "Mozilla/5.0 (Windows NT 6.1) AppleWebKit/534.30 (KHTML, like Gecko) Chrome/12.0.742.122 Safari/534.30"
170.78.75.240 - - [24/May/2021:22:32:35 -0300] "GET /css/images/repositorio/thumb_1920462_567325380030198_652401542_n.jpg HTTP/1.1" 200 3198 "-" "Mozilla/5.0 (Windows NT 6.1) AppleWebKit/534.30 (KHTML, like Gecko) Chrome/12.0.742.122 Safari/534.30"
170.78.75.240 - - [24/May/2021:22:32:35 -0300] "GET /css/images/repositorio/thumb_1098250_567324280030308_745519560_n.jpg HTTP/1.1" 200 2786 "-" "Mozilla/5.0 (Windows NT 6.1) AppleWebKit/534.30 (KHTML, like Gecko) Chrome/12.0.742.122 Safari/534.30"
170.78.75.240 - - [24/May/2021:22:33:36 -0300] "GET /css/images/repositorio/thumb_1920100_567325306696872_2023990967_n.jpg HTTP/1.1" 200 3223 "-" "Mozilla/5.0 (Windows NT 6.1) AppleWebKit/534.30 (KHTML, like Gecko) Chrome/12.0.742.122 Safari/534.30"
170.78.75.240 - - [24/May/2021:22:33:36 -0300] "GET /css/images/repositorio/thumb_100_8907.JPG HTTP/1.1" 200 51210 "-" "Mozilla/5.0 (Windows NT 6.1) AppleWebKit/534.30 (KHTML, like Gecko) Chrome/12.0.742.122 Safari/534.30"
170.78.75.240 - - [24/May/2021:22:33:36 -0300] "GET /css/images/repositorio/thumb_100_8905.JPG HTTP/1.1" 200 52043 "-" "Mozilla/5.0 (Windows NT 6.1) AppleWebKit/534.30 (KHTML, like Gecko) Chrome/12.0.742.122 Safari/534.30"
170.78.75.240 - - [24/May/2021:22:34:37 -0300] "GET /css/images/repositorio/thumb_100_8821.JPG HTTP/1.1" 200 47080 "-" "Mozilla/5.0 (Windows NT 6.1) AppleWebKit/534.30 (KHTML, like Gecko) Chrome/12.0.742.122 Safari/534.30"
170.78.75.240 - - [24/May/2021:22:35:38 -0300] "GET /css/images/repositorio/thumb_100_8911.JPG HTTP/1.1" 200 49144 "-" "Mozilla/5.0 (Windows NT 6.1) AppleWebKit/534.30 (KHTML, like Gecko) Chrome/12.0.742.122 Safari/534.30"
170.78.75.240 - - [24/May/2021:22:36:39 -0300] "GET /css/images/repositorio/thumb_100_8909.JPG HTTP/1.1" 200 53232 "-" "Mozilla/5.0 (Windows NT 6.1) AppleWebKit/534.30 (KHTML, like Gecko) Chrome/12.0.742.122 Safari/534.30"
170.78.75.240 - - [24/May/2021:22:36:39 -0300] "GET /css/images/repositorio/thumb_100_8915.JPG HTTP/1.1" 200 52136 "-" "Mozilla/5.0 (Windows NT 6.1) AppleWebKit/534.30 (KHTML, like Gecko) Chrome/12.0.742.122 Safari/534.30"
170.78.75.240 - - [24/May/2021:22:36:39 -0300] "GET /css/images/repositorio/thumb_100_8906.JPG HTTP/1.1" 200 52677 "-" "Mozilla/5.0 (Windows NT 6.1) AppleWebKit/534.30 (KHTML, like Gecko) Chrome/12.0.742.122 Safari/534.30"
170.78.75.240 - - [24/May/2021:22:37:40 -0300] "GET /css/images/repositorio/thumb_100_8910.JPG HTTP/1.1" 200 51806 "-" "Mozilla/5.0 (Windows NT 6.1) AppleWebKit/534.30 (KHTML, like Gecko) Chrome/12.0.742.122 Safari/534.30"
216.244.66.199 - - [24/May/2021:22:58:14 -0300] "GET /robots.txt HTTP/1.1" 200 31 "-" "Mozilla/5.0 (compatible; DotBot/1.2; +https://opensiteexplorer.org/dotbot; help@moz.com)"
170.78.75.240 - - [24/May/2021:23:01:06 -0300] "GET /imagenes/novedad/bb988b_743422_c63907.jpeg HTTP/1.1" 200 75121 "-" "Mozilla/5.0 (Windows NT 6.1) AppleWebKit/534.30 (KHTML, like Gecko) Chrome/12.0.742.122 Safari/534.30"
170.78.75.240 - - [24/May/2021:23:02:07 -0300] "GET /imagenes/novedad/52452d_ec6070_f8d67d.png HTTP/1.1" 200 816489 "-" "Mozilla/5.0 (Windows NT 6.1) AppleWebKit/534.30 (KHTML, like Gecko) Chrome/12.0.742.122 Safari/534.30"
170.78.75.240 - - [24/May/2021:23:03:09 -0300] "GET /imagenes/novedad/5342b2_a12ab1_a60082.jpeg HTTP/1.1" 200 135161 "-" "Mozilla/5.0 (Windows NT 6.1) AppleWebKit/534.30 (KHTML, like Gecko) Chrome/12.0.742.122 Safari/534.30"
170.78.75.240 - - [24/May/2021:23:04:10 -0300] "GET /imagenes/novedad/e4a596_fd2a94_bf4a8b.jpeg HTTP/1.1" 200 200753 "-" "Mozilla/5.0 (Windows NT 6.1) AppleWebKit/534.30 (KHTML, like Gecko) Chrome/12.0.742.122 Safari/534.30"
114.119.154.22 - - [24/May/2021:23:06:20 -0300] "GET /robots.txt HTTP/1.1" 200 31 "-" "Mozilla/5.0 (compatible;PetalBot;+https://webmaster.petalsearch.com/site/petalbot)"
170.78.75.240 - - [24/May/2021:23:07:12 -0300] "GET /imagenes/novedad/16b184_9095b2_e129c1.jpg HTTP/1.1" 200 193341 "-" "Mozilla/5.0 (Windows NT 6.1) AppleWebKit/534.30 (KHTML, like Gecko) Chrome/12.0.742.122 Safari/534.30"
216.244.66.199 - - [24/May/2021:23:09:04 -0300] "GET /imagenes/novedad/332e92_IMG_9618.jpg HTTP/1.1" 200 972 "-" "Mozilla/5.0 (compatible; DotBot/1.2; +https://opensiteexplorer.org/dotbot; help@moz.com)"
216.244.66.199 - - [24/May/2021:23:09:12 -0300] "GET /imagenes/novedad/fac9e6_image_content_8153124_20170306212546.jpg HTTP/1.1" 200 972 "-" "Mozilla/5.0 (compatible; DotBot/1.2; +https://opensiteexplorer.org/dotbot; help@moz.com)"
157.55.39.11 - - [25/May/2021:00:19:23 -0300] "GET /css/images/repositorio/big_one_1452412_548407165229126_1039331177_n.jpg HTTP/1.1" 200 46076 "-" "Mozilla/5.0 (compatible; bingbot/2.0; +http://www.bing.com/bingbot.htm)"
40.77.167.81 - - [25/May/2021:00:24:29 -0300] "GET /css/images/repositorio/photo_e5c8f4_3bhs_8391.jpg HTTP/1.1" 200 363 "-" "Mozilla/5.0 (compatible; bingbot/2.0; +http://www.bing.com/bingbot.htm)"
173.252.127.120 - - [25/May/2021:00:46:51 -0300] "GET /imagenes/novedad/98e166_fde2ae_432b3d.jpg HTTP/1.1" 200 284811 "-" "facebookexternalhit/1.1 (+http://www.facebook.com/externalhit_uatext.php)"
157.55.39.139 - - [25/May/2021:01:08:59 -0300] "GET /css/images/repositorio/thumb_988702_3bhs_8320.jpg HTTP/1.1" 200 363 "-" "Mozilla/5.0 (compatible; bingbot/2.0; +http://www.bing.com/bingbot.htm)"
114.119.152.34 - - [25/May/2021:01:11:49 -0300] "GET /css/images/repositorio/thumb_8466e8_imagen_2.jpg HTTP/1.1" 200 363 "-" "Mozilla/5.0 (Linux; Android 7.0;) AppleWebKit/537.36 (KHTML, like Gecko) Mobile Safari/537.36 (compatible; PetalBot;+https://webmaster.petalsearch.com/site/petalbot)"
157.55.39.169 - - [25/May/2021:01:43:50 -0300] "GET /robots.txt HTTP/1.1" 200 31 "-" "Mozilla/5.0 (compatible; bingbot/2.0; +http://www.bing.com/bingbot.htm)"
157.55.39.139 - - [25/May/2021:01:44:01 -0300] "GET /css/images/repositorio/big_one_580562_10151787555723167_1373140045_n.jpg HTTP/1.1" 200 33075 "-" "Mozilla/5.0 (compatible; bingbot/2.0; +http://www.bing.com/bingbot.htm)"
114.119.149.65 - - [25/May/2021:02:45:59 -0300] "GET /css/images/repositorio/thumb_196020_1.jpg HTTP/1.1" 200 363 "-" "Mozilla/5.0 (Linux; Android 7.0;) AppleWebKit/537.36 (KHTML, like Gecko) Mobile Safari/537.36 (compatible; PetalBot;+https://webmaster.petalsearch.com/site/petalbot)"
69.171.249.112 - - [25/May/2021:02:52:11 -0300] "GET /css/images/repositorio/photo_0ab3b7_culturales-31.jpg HTTP/1.1" 200 123454 "-" "facebookexternalhit/1.1 (+http://www.facebook.com/externalhit_uatext.php)"
114.119.149.169 - - [25/May/2021:03:59:33 -0300] "GET /css/images/repositorio/thumb_1c22ef_3.jpg HTTP/1.1" 200 363 "-" "Mozilla/5.0 (Linux; Android 7.0;) AppleWebKit/537.36 (KHTML, like Gecko) Mobile Safari/537.36 (compatible; PetalBot;+https://webmaster.petalsearch.com/site/petalbot)"
34.203.37.48 - - [25/May/2021:04:02:04 -0300] "GET / HTTP/1.1" 200 2489 "-" "Mozilla/5.0 (Windows NT 6.2; WOW64) AppleWebKit/537.36 (KHTML, like Gecko) Chrome/30.0.1599.17 Safari/537.36"
34.203.37.48 - - [25/May/2021:04:02:04 -0300] "GET /wp-login.php HTTP/1.1" 200 369 "-" "Mozilla/5.0 (Windows NT 6.2; WOW64) AppleWebKit/537.36 (KHTML, like Gecko) Chrome/30.0.1599.17 Safari/537.36"
34.203.37.48 - - [25/May/2021:04:02:05 -0300] "GET /wordpress/wp-login.php HTTP/1.1" 200 366 "-" "Mozilla/5.0 (Windows NT 6.2; WOW64) AppleWebKit/537.36 (KHTML, like Gecko) Chrome/30.0.1599.17 Safari/537.36"
34.203.37.48 - - [25/May/2021:04:02:05 -0300] "GET /blog/wp-login.php HTTP/1.1" 200 364 "-" "Mozilla/5.0 (Windows NT 6.2; WOW64) AppleWebKit/537.36 (KHTML, like Gecko) Chrome/30.0.1599.17 Safari/537.36"
34.203.37.48 - - [25/May/2021:04:02:05 -0300] "GET /wp/wp-login.php HTTP/1.1" 200 362 "-" "Mozilla/5.0 (Windows NT 6.2; WOW64) AppleWebKit/537.36 (KHTML, like Gecko) Chrome/30.0.1599.17 Safari/537.36"
170.78.75.240 - - [25/May/2021:04:26:55 -0300] "GET /css/images/repositorio/thumb_1897827_625536697511649_755017246_n.jpg HTTP/1.1" 200 4584 "-" "Mozilla/5.0 (Windows NT 6.1) AppleWebKit/534.30 (KHTML, like Gecko) Chrome/12.0.742.122 Safari/534.30"
157.55.39.112 - - [25/May/2021:04:31:53 -0300] "GET /imagenes/novedad/c0a987_5da245_aa79b8.jpeg HTTP/1.1" 200 156760 "-" "Mozilla/5.0 (compatible; bingbot/2.0; +http://www.bing.com/bingbot.htm)"
207.46.13.49 - - [25/May/2021:04:33:32 -0300] "GET /css/images/repositorio/thumb_1897827_625536697511649_755017246_n.jpg HTTP/1.1" 200 4584 "-" "Mozilla/5.0 (compatible; bingbot/2.0; +http://www.bing.com/bingbot.htm)"
40.77.167.21 - - [25/May/2021:04:51:21 -0300] "GET /imagenes/novedad/087f8e_57529a_587af8.jpg HTTP/1.1" 200 143412 "-" "Mozilla/5.0 (compatible; bingbot/2.0; +http://www.bing.com/bingbot.htm)"
157.55.39.11 - - [25/May/2021:05:16:35 -0300] "GET /imagenes/novedad/a98808_7fffa2_f87c7f.jpg HTTP/1.1" 200 113378 "-" "Mozilla/5.0 (compatible; bingbot/2.0; +http://www.bing.com/bingbot.htm)"
173.252.127.21 - - [25/May/2021:05:25:27 -0300] "GET /imagenes/novedad/0c400c_42c822_ef4f7e.png HTTP/1.1" 200 19167 "-" "facebookexternalhit/1.1 (+http://www.facebook.com/externalhit_uatext.php)"
114.119.149.169 - - [25/May/2021:05:42:47 -0300] "GET /css/images/repositorio/thumb_6980da_promonte_3_09.jpg HTTP/1.1" 200 363 "-" "Mozilla/5.0 (Linux; Android 7.0;) AppleWebKit/537.36 (KHTML, like Gecko) Mobile Safari/537.36 (compatible; PetalBot;+https://webmaster.petalsearch.com/site/petalbot)"
216.244.66.199 - - [25/May/2021:05:48:04 -0300] "GET /robots.txt HTTP/1.1" 200 31 "-" "Mozilla/5.0 (compatible; DotBot/1.2; +https://opensiteexplorer.org/dotbot; help@moz.com)"
216.244.66.199 - - [25/May/2021:06:01:42 -0300] "GET /imagenes/novedad/9ac123_image_content_8153255_20170306212553.jpg HTTP/1.1" 200 972 "-" "Mozilla/5.0 (compatible; DotBot/1.2; +https://opensiteexplorer.org/dotbot; help@moz.com)"
170.78.75.240 - - [25/May/2021:06:03:58 -0300] "GET /imagenes/novedad/d8940f_6d7857_866abc.jpg HTTP/1.1" 200 96020 "-" "Mozilla/5.0 (Windows NT 6.1) AppleWebKit/534.30 (KHTML, like Gecko) Chrome/12.0.742.122 Safari/534.30"
35.162.64.230 - - [25/May/2021:06:03:59 -0300] "GET /css/images/repositorio/hospedaje/Alojamiento.jpg HTTP/1.1" 200 2056 "https://www.balneario-el-condor.com.ar/" "Mozilla/5.0 (X11; Linux x86_64) AppleWebKit/537.36 (KHTML, like Gecko) HeadlessChrome/83.0.4103.97 Safari/537.36"
35.162.64.230 - - [25/May/2021:06:03:59 -0300] "GET /css/images/repositorio/hospedaje/camping.jpg HTTP/1.1" 200 2225 "https://www.balneario-el-condor.com.ar/" "Mozilla/5.0 (X11; Linux x86_64) AppleWebKit/537.36 (KHTML, like Gecko) HeadlessChrome/83.0.4103.97 Safari/537.36"
35.162.64.230 - - [25/May/2021:06:03:59 -0300] "GET /css/images/repositorio/restaurantes/restaurantes.jpg HTTP/1.1" 200 8578 "https://www.balneario-el-condor.com.ar/" "Mozilla/5.0 (X11; Linux x86_64) AppleWebKit/537.36 (KHTML, like Gecko) HeadlessChrome/83.0.4103.97 Safari/537.36"
35.162.64.230 - - [25/May/2021:06:03:59 -0300] "GET /css/images/repositorio/restaurantes/arenas-del-sur.jpg HTTP/1.1" 200 17512 "https://www.balneario-el-condor.com.ar/" "Mozilla/5.0 (X11; Linux x86_64) AppleWebKit/537.36 (KHTML, like Gecko) HeadlessChrome/83.0.4103.97 Safari/537.36"
170.78.75.240 - - [25/May/2021:06:03:59 -0300] "GET /imagenes/novedad/eff343_0d7522_c0f8cb.jpg HTTP/1.1" 200 150893 "-" "Mozilla/5.0 (Windows NT 6.1) AppleWebKit/534.30 (KHTML, like Gecko) Chrome/12.0.742.122 Safari/534.30"
35.162.64.230 - - [25/May/2021:06:03:59 -0300] "GET /css/images/repositorio/restaurantes/lupes-resto-mini.jpg HTTP/1.1" 200 69021 "https://www.balneario-el-condor.com.ar/" "Mozilla/5.0 (X11; Linux x86_64) AppleWebKit/537.36 (KHTML, like Gecko) HeadlessChrome/83.0.4103.97 Safari/537.36"
114.119.153.7 - - [25/May/2021:06:04:12 -0300] "GET / HTTP/1.1" 200 2489 "-" "Mozilla/5.0 (Linux; Android 7.0;) AppleWebKit/537.36 (KHTML, like Gecko) Mobile Safari/537.36 (compatible; PetalBot;+https://webmaster.petalsearch.com/site/petalbot)"
216.244.66.199 - - [25/May/2021:06:35:54 -0300] "GET /robots.txt HTTP/1.1" 200 31 "-" "Mozilla/5.0 (compatible; DotBot/1.2; +https://opensiteexplorer.org/dotbot; help@moz.com)"
216.244.66.199 - - [25/May/2021:06:45:52 -0300] "GET /css/images/repositorio/photo_c88200_3bhs_9218.jpg HTTP/1.1" 200 753 "-" "Mozilla/5.0 (compatible; DotBot/1.2; +https://opensiteexplorer.org/dotbot; help@moz.com)"
69.171.249.18 - - [25/May/2021:06:56:13 -0300] "GET /imagenes/novedad/421984_5d3b17_fb9e8c.jpeg HTTP/1.1" 200 75765 "-" "facebookexternalhit/1.1 (+http://www.facebook.com/externalhit_uatext.php)"
157.55.39.56 - - [25/May/2021:07:12:38 -0300] "GET /imagenes/novedad/d9fc4c_4b9473_8d5ac3.jpg HTTP/1.1" 200 45452 "-" "Mozilla/5.0 (compatible; bingbot/2.0; +http://www.bing.com/bingbot.htm)"
168.119.122.202 - - [25/May/2021:07:15:55 -0300] "GET /robots.txt HTTP/1.1" 200 31 "-" "Mozilla/5.0 (compatible; MJ12bot/v1.4.8; http://mj12bot.com/)"
168.119.122.202 - - [25/May/2021:07:16:18 -0300] "GET /imagenes/novedad/a6ffc4_pe%C3%B1a2.JPG HTTP/1.1" 200 424 "-" "Mozilla/5.0 (compatible; MJ12bot/v1.4.8; http://mj12bot.com/)"
69.63.184.117 - - [25/May/2021:07:16:25 -0300] "GET /imagenes/novedad/889cd8_10c5fa_40d9ac.png HTTP/1.1" 200 46146 "-" "facebookexternalhit/1.1 (+http://www.facebook.com/externalhit_uatext.php)"
69.63.184.117 - - [25/May/2021:07:16:25 -0300] "GET /imagenes/novedad/94b9b0_d36b9d_fc3ae8.jpg HTTP/1.1" 200 46417 "-" "facebookexternalhit/1.1 (+http://www.facebook.com/externalhit_uatext.php)"
69.171.249.20 - - [25/May/2021:08:16:41 -0300] "GET /css/images/repositorio/photo_1f3b6d_avistaje_aves.jpg HTTP/1.1" 200 126242 "-" "facebookexternalhit/1.1 (+http://www.facebook.com/externalhit_uatext.php)"
69.171.251.25 - - [25/May/2021:08:46:52 -0300] "GET /imagenes/novedad/54af30_8067df_1c94bd.jpg HTTP/1.1" 200 38848 "-" "facebookexternalhit/1.1 (+http://www.facebook.com/externalhit_uatext.php)"
69.171.251.22 - - [25/May/2021:08:46:52 -0300] "GET /imagenes/novedad/dec3dc_59c473_a3eb6d.jpg HTTP/1.1" 200 45515 "-" "facebookexternalhit/1.1 (+http://www.facebook.com/externalhit_uatext.php)"
69.171.251.25 - - [25/May/2021:08:46:52 -0300] "GET /imagenes/novedad/1a6d73_516850_bb8734.jpg HTTP/1.1" 200 135987 "-" "facebookexternalhit/1.1 (+http://www.facebook.com/externalhit_uatext.php)"
69.171.251.13 - - [25/May/2021:08:46:52 -0300] "GET /imagenes/novedad/83d006_4f36b0_2b1246.JPG HTTP/1.1" 200 410440 "-" "facebookexternalhit/1.1 (+http://www.facebook.com/externalhit_uatext.php)"
69.171.251.119 - - [25/May/2021:08:46:51 -0300] "GET /imagenes/novedad/3d6e24_127b31_cec0c2.JPG HTTP/1.1" 200 1884013 "-" "facebookexternalhit/1.1 (+http://www.facebook.com/externalhit_uatext.php)"
157.55.39.112 - - [25/May/2021:09:34:31 -0300] "GET /robots.txt HTTP/1.1" 200 31 "-" "Mozilla/5.0 (compatible; bingbot/2.0; +http://www.bing.com/bingbot.htm)"
40.77.202.116 - - [25/May/2021:09:34:54 -0300] "GET /css/images/repositorio/photo_6ac55a_El-Condor-temporada.jpg HTTP/1.1" 200 363 "https://www.balneario-el-condor.com.ar/" "Mozilla/5.0 (iPhone; CPU iPhone OS 7_0 like Mac OS X) AppleWebKit/537.51.1 (KHTML, like Gecko) Version/7.0 Mobile/11A465 Safari/9537.53 BingPreview/1.0b"
170.81.228.173 - - [25/May/2021:10:45:45 -0300] "GET /imagenes/novedad/087f8e_57529a_587af8.jpg HTTP/1.1" 200 143412 "https://www.google.com/" "Mozilla/5.0 (Linux; Android 11; Mi A3) AppleWebKit/537.36 (KHTML, like Gecko) Chrome/90.0.4430.210 Mobile Safari/537.36"
157.55.39.11 - - [25/May/2021:10:58:35 -0300] "GET /imagenes/novedad/3ecbbd_a581fa_badab4.jpg HTTP/1.1" 200 82778 "-" "Mozilla/5.0 (compatible; bingbot/2.0; +http://www.bing.com/bingbot.htm)"
181.80.24.188 - - [25/May/2021:11:21:05 -0300] "GET /imagenes/novedad/5c89e1_6f7e39_63d5ab.jpeg HTTP/1.1" 200 53490 "https://www.balneario-el-condor.com.ar/" "Mozilla/5.0 (Linux; Android 8.1.0; SM-J410G) AppleWebKit/537.36 (KHTML, like Gecko) Chrome/88.0.4324.181 Mobile Safari/537.36"
181.80.24.188 - - [25/May/2021:11:21:05 -0300] "GET /imagenes/novedad/3f33d3_a06512_bb88a3.jpeg HTTP/1.1" 200 164286 "https://www.balneario-el-condor.com.ar/" "Mozilla/5.0 (Linux; Android 8.1.0; SM-J410G) AppleWebKit/537.36 (KHTML, like Gecko) Chrome/88.0.4324.181 Mobile Safari/537.36"
181.92.151.153 - - [25/May/2021:11:35:56 -0300] "GET /css/images/repositorio/photo_e9acad_big_one_8.png HTTP/1.1" 200 565599 "https://www.balneario-el-condor.com.ar/" "Mozilla/5.0 (Windows NT 10.0; Win64; x64) AppleWebKit/537.36 (KHTML, like Gecko) Chrome/90.0.4430.212 Safari/537.36 Edg/90.0.818.66"
40.77.167.81 - - [25/May/2021:11:39:15 -0300] "GET /css/images/repositorio/thumb_0907af_3bhs_8230.jpg HTTP/1.1" 200 363 "-" "Mozilla/5.0 (compatible; bingbot/2.0; +http://www.bing.com/bingbot.htm)"
157.55.39.139 - - [25/May/2021:12:32:55 -0300] "GET /css/images/repositorio/big_one_1925328_624611400937512_1638937487_n.jpg HTTP/1.1" 200 51651 "-" "Mozilla/5.0 (compatible; bingbot/2.0; +http://www.bing.com/bingbot.htm)"
179.6.194.236 - - [25/May/2021:12:33:33 -0300] "GET /imagenes/novedad/98e166_fde2ae_432b3d.jpg HTTP/1.1" 200 284811 "-" "WhatsApp/2.21.4.22 Android/7.0 Device/samsung-SM-J701M"
40.77.167.81 - - [25/May/2021:12:37:32 -0300] "GET /imagenes/novedad/acbbdb_7b0de0_08c468.jpg HTTP/1.1" 200 298707 "-" "Mozilla/5.0 (compatible; bingbot/2.0; +http://www.bing.com/bingbot.htm)"
40.77.167.81 - - [25/May/2021:12:50:34 -0300] "GET /imagenes/novedad/f6c7d1_1c074f_ef4dbf.jpg HTTP/1.1" 200 84234 "-" "Mozilla/5.0 (compatible; bingbot/2.0; +http://www.bing.com/bingbot.htm)"
157.55.39.112 - - [25/May/2021:13:00:25 -0300] "GET /css/images/repositorio/photo_0ab3b7_culturales-31.jpg HTTP/1.1" 200 123454 "-" "Mozilla/5.0 (compatible; bingbot/2.0; +http://www.bing.com/bingbot.htm)"
40.77.167.81 - - [25/May/2021:13:01:23 -0300] "GET /imagenes/novedad/6889ac_74a28f_039b57.jpg HTTP/1.1" 200 293653 "-" "Mozilla/5.0 (compatible; bingbot/2.0; +http://www.bing.com/bingbot.htm)"
157.55.39.11 - - [25/May/2021:13:02:08 -0300] "GET /imagenes/novedad/94b9b0_d36b9d_fc3ae8.jpg HTTP/1.1" 200 46417 "-" "Mozilla/5.0 (compatible; bingbot/2.0; +http://www.bing.com/bingbot.htm)"
157.55.39.11 - - [25/May/2021:13:27:11 -0300] "GET /css/images/repositorio/photo_c43309_desdechicos.jpg HTTP/1.1" 200 363 "-" "Mozilla/5.0 (compatible; bingbot/2.0; +http://www.bing.com/bingbot.htm)"
54.190.9.249 - - [25/May/2021:13:49:22 -0300] "HEAD / HTTP/1.1" 200 - "-" "Mozilla/5.0 (Windows NT 6.1; WOW64) AppleWebKit/537.36 (KHTML, like Gecko) Chrome/56.0.2924.76 Safari/537.36"
54.187.70.215 - - [25/May/2021:13:49:23 -0300] "GET / HTTP/1.1" 200 2489 "-" "Mozilla/5.0 (X11; Linux x86_64) AppleWebKit/537.36 (KHTML, like Gecko) HeadlessChrome/83.0.4103.97 Safari/537.36"
54.187.70.215 - - [25/May/2021:13:49:23 -0300] "GET /assets/css/oneui.css HTTP/1.1" 200 47988 "http://static.balneario-el-condor.com.ar/" "Mozilla/5.0 (X11; Linux x86_64) AppleWebKit/537.36 (KHTML, like Gecko) HeadlessChrome/83.0.4103.97 Safari/537.36"
54.187.70.215 - - [25/May/2021:13:49:23 -0300] "GET /assets/js/core/jquery.min.js HTTP/1.1" 200 29532 "http://static.balneario-el-condor.com.ar/" "Mozilla/5.0 (X11; Linux x86_64) AppleWebKit/537.36 (KHTML, like Gecko) HeadlessChrome/83.0.4103.97 Safari/537.36"
54.187.70.215 - - [25/May/2021:13:49:23 -0300] "GET /assets/js/core/bootstrap.min.js HTTP/1.1" 200 9539 "http://static.balneario-el-condor.com.ar/" "Mozilla/5.0 (X11; Linux x86_64) AppleWebKit/537.36 (KHTML, like Gecko) HeadlessChrome/83.0.4103.97 Safari/537.36"
54.187.70.215 - - [25/May/2021:13:49:23 -0300] "GET /assets/js/core/jquery.scrollLock.min.js HTTP/1.1" 200 635 "http://static.balneario-el-condor.com.ar/" "Mozilla/5.0 (X11; Linux x86_64) AppleWebKit/537.36 (KHTML, like Gecko) HeadlessChrome/83.0.4103.97 Safari/537.36"
54.187.70.215 - - [25/May/2021:13:49:23 -0300] "GET /assets/js/core/jquery.slimscroll.min.js HTTP/1.1" 200 1883 "http://static.balneario-el-condor.com.ar/" "Mozilla/5.0 (X11; Linux x86_64) AppleWebKit/537.36 (KHTML, like Gecko) HeadlessChrome/83.0.4103.97 Safari/537.36"
54.187.70.215 - - [25/May/2021:13:49:23 -0300] "GET /assets/js/core/jquery.appear.min.js HTTP/1.1" 200 767 "http://static.balneario-el-condor.com.ar/" "Mozilla/5.0 (X11; Linux x86_64) AppleWebKit/537.36 (KHTML, like Gecko) HeadlessChrome/83.0.4103.97 Safari/537.36"
54.187.70.215 - - [25/May/2021:13:49:24 -0300] "GET /assets/js/core/jquery.placeholder.min.js HTTP/1.1" 200 1099 "http://static.balneario-el-condor.com.ar/" "Mozilla/5.0 (X11; Linux x86_64) AppleWebKit/537.36 (KHTML, like Gecko) HeadlessChrome/83.0.4103.97 Safari/537.36"
54.187.70.215 - - [25/May/2021:13:49:24 -0300] "GET /assets/js/core/js.cookie.min.js HTTP/1.1" 200 919 "http://static.balneario-el-condor.com.ar/" "Mozilla/5.0 (X11; Linux x86_64) AppleWebKit/537.36 (KHTML, like Gecko) HeadlessChrome/83.0.4103.97 Safari/537.36"
54.187.70.215 - - [25/May/2021:13:49:24 -0300] "GET /assets/js/core/jquery.countTo.min.js HTTP/1.1" 200 768 "http://static.balneario-el-condor.com.ar/" "Mozilla/5.0 (X11; Linux x86_64) AppleWebKit/537.36 (KHTML, like Gecko) HeadlessChrome/83.0.4103.97 Safari/537.36"
54.187.70.215 - - [25/May/2021:13:49:24 -0300] "GET /assets/js/app.js HTTP/1.1" 200 7657 "http://static.balneario-el-condor.com.ar/" "Mozilla/5.0 (X11; Linux x86_64) AppleWebKit/537.36 (KHTML, like Gecko) HeadlessChrome/83.0.4103.97 Safari/537.36"
54.187.70.215 - - [25/May/2021:13:49:24 -0300] "GET /assets/js/plugins/jquery-validation/jquery.validate.min.js HTTP/1.1" 200 6789 "http://static.balneario-el-condor.com.ar/" "Mozilla/5.0 (X11; Linux x86_64) AppleWebKit/537.36 (KHTML, like Gecko) HeadlessChrome/83.0.4103.97 Safari/537.36"
54.187.70.215 - - [25/May/2021:13:49:24 -0300] "GET /assets/js/pages/base_forms_validation.js HTTP/1.1" 200 1204 "http://static.balneario-el-condor.com.ar/" "Mozilla/5.0 (X11; Linux x86_64) AppleWebKit/537.36 (KHTML, like Gecko) HeadlessChrome/83.0.4103.97 Safari/537.36"
54.187.70.215 - - [25/May/2021:13:49:24 -0300] "GET /assets/fonts/Simple-Line-Icons.woff HTTP/1.1" 200 59324 "http://static.balneario-el-condor.com.ar/assets/css/oneui.css" "Mozilla/5.0 (X11; Linux x86_64) AppleWebKit/537.36 (KHTML, like Gecko) HeadlessChrome/83.0.4103.97 Safari/537.36"
54.187.70.215 - - [25/May/2021:13:49:24 -0300] "GET /assets/fonts/fontawesome-webfont.woff2?v=4.3.0 HTTP/1.1" 200 56780 "http://static.balneario-el-condor.com.ar/assets/css/oneui.css" "Mozilla/5.0 (X11; Linux x86_64) AppleWebKit/537.36 (KHTML, like Gecko) HeadlessChrome/83.0.4103.97 Safari/537.36"
157.55.39.11 - - [25/May/2021:14:01:04 -0300] "GET /css/images/repositorio/photo_03da0a_3bhs_8244.jpg HTTP/1.1" 200 363 "-" "Mozilla/5.0 (compatible; bingbot/2.0; +http://www.bing.com/bingbot.htm)"
157.55.39.112 - - [25/May/2021:14:28:49 -0300] "GET /robots.txt HTTP/1.1" 200 31 "-" "Mozilla/5.0 (compatible; bingbot/2.0; +http://www.bing.com/bingbot.htm)"
157.55.39.112 - - [25/May/2021:14:28:49 -0300] "GET /robots.txt HTTP/1.1" 200 31 "-" "Mozilla/5.0 (compatible; bingbot/2.0; +http://www.bing.com/bingbot.htm)"
157.55.39.112 - - [25/May/2021:14:28:50 -0300] "GET /robots.txt HTTP/1.1" 200 31 "-" "Mozilla/5.0 (compatible; bingbot/2.0; +http://www.bing.com/bingbot.htm)"
157.55.39.112 - - [25/May/2021:14:28:50 -0300] "GET /robots.txt HTTP/1.1" 200 31 "-" "Mozilla/5.0 (compatible; bingbot/2.0; +http://www.bing.com/bingbot.htm)"
157.55.39.139 - - [25/May/2021:14:28:54 -0300] "GET /imagenes/novedad/ae4d52_bfd120_18d939.jpg HTTP/1.1" 200 15876 "-" "Mozilla/5.0 (compatible; bingbot/2.0; +http://www.bing.com/bingbot.htm)"
40.77.167.81 - - [25/May/2021:14:28:58 -0300] "GET /imagenes/novedad/d8940f_6d7857_866abc.jpg HTTP/1.1" 200 96020 "-" "Mozilla/5.0 (compatible; bingbot/2.0; +http://www.bing.com/bingbot.htm)"
